0.018	>>> 
0.019	>>> B 1654 2007
0.019	>>> I
0.129	>>> V 0.00 0.00
0.129	-0.35 0.18 0.00 0.00 HOLD
0.129	S 20316674 -0.35 0.18 0.00 0.00 HOLD
0.132	S 20316694 -0.26 0.18 0.00 0.00 HOLD
0.133	S 20316714 -0.35 0.09 0.00 0.00 HOLD
0.136	S 20316734 -0.35 0.18 0.00 0.00 HOLD
0.143	S 20316754 -0.35 0.09 0.00 0.00 HOLD
0.145	S 20316774 -0.35 0.18 0.00 0.00 HOLD
0.146	S 20316794 -0.35 0.09 0.00 0.00 HOLD
0.148	S 20316814 -0.35 0.09 0.00 0.00 HOLD
0.149	S 20316834 -0.26 0.09 0.00 0.00 HOLD
0.150	S 20316854 -0.35 0.09 0.00 0.00 HOLD
0.151	S 20316874 -0.26 0.18 0.00 0.00 HOLD
0.152	S 20316894 -0.35 0.09 0.00 0.00 HOLD
0.153	S 20316914 -0.35 0.09 0.00 0.00 HOLD
0.154	S 20316934 -0.35 0.09 0.00 0.00 HOLD
0.155	S 20316954 -0.35 0.09 0.00 0.00 HOLD
0.156	S 20316974 -0.35 0.09 0.00 0.00 HOLD
0.157	S 20316994 -0.35 0.09 0.00 0.00 HOLD
0.157	S 20317014 -0.35 0.09 0.00 0.00 HOLD
0.158	S 20317034 -0.35 0.09 0.00 0.00 HOLD
0.159	S 20317054 -0.35 0.09 0.00 0.00 HOLD
0.160	S 20317074 -0.35 0.18 0.00 0.00 HOLD
0.161	S 20317094 -0.35 0.18 0.00 0.00 HOLD
0.162	S 20317114 -0.35 0.09 0.00 0.00 HOLD
0.162	S 20317134 -0.35 0.18 0.00 0.00 HOLD
0.164	S 20317154 -0.35 0.18 0.00 0.00 HOLD
0.165	S 20317174 -0.35 0.18 0.00 0.00 HOLD
0.166	S 20317194 -0.35 0.09 0.00 0.00 HOLD
0.167	S 20317214 -0.35 0.18 0.00 0.00 HOLD
0.171	B 1654 2007
0.179	S 20346558 -0.35 0.09 0.00 0.00 HOLD
0.180	S 20346578 -0.35 0.09 0.00 0.00 HOLD
0.181	S 20346598 -0.35 0.18 0.00 0.00 HOLD
0.182	S 20346618 -0.35 0.18 0.00 0.00 HOLD
0.183	S 20346638 -0.35 0.09 0.00 0.00 HOLD
0.187	>>> V 0.00 0.00
0.187	S 20346658 -0.26 0.18 0.00 0.00 HOLD
0.188	S 20346678 -0.35 0.09 0.00 0.00 HOLD
0.189	S 20346698 -0.35 0.18 0.00 0.00 HOLD
0.195	>>> V 0.00 0.00
0.196	S 20346718 -0.35 0.18 0.00 0.00 HOLD
0.217	>>> V 0.00 0.00
0.217	S 20346738 -0.35 0.09 0.00 0.00 HOLD
0.242	>>> V 0.00 0.00
0.243	S 20346758 -0.35 0.09 0.00 0.00 HOLD
0.255	>>> V 0.00 0.00
0.256	S 20346778 -0.35 0.09 0.00 0.00 HOLD
0.277	>>> V 0.00 0.00
0.277	S 20346798 -0.35 0.18 0.00 0.00 HOLD
0.295	>>> V 0.00 0.00
0.296	S 20346818 -0.35 0.18 0.00 0.00 HOLD
0.315	>>> V 0.00 0.00
0.316	S 20346838 -0.35 0.18 0.00 0.00 HOLD
0.336	>>> V 0.00 0.00
0.338	S 20346858 -0.35 0.18 0.00 0.00 HOLD
0.355	>>> V 0.00 0.00
0.356	S 20346878 -0.35 0.18 0.00 0.00 HOLD
0.376	>>> V 0.00 0.00
0.377	S 20346898 -0.35 0.09 0.00 0.00 HOLD
0.395	>>> V 0.00 0.00
0.396	S 20346918 -0.35 0.09 0.00 0.00 HOLD
0.415	>>> V 0.00 0.00
0.416	S 20346938 -0.35 0.18 0.00 0.00 HOLD
0.436	>>> V 0.00 0.00
0.436	S 20346958 -0.35 0.09 0.00 0.00 HOLD
0.455	>>> V 0.00 0.00
0.456	S 20346978 -0.35 0.09 0.00 0.00 HOLD
0.478	>>> V 0.00 0.00
0.478	S 20346998 -0.35 0.18 0.00 0.00 HOLD
0.495	>>> V 0.00 0.00
0.496	S 20347018 -0.35 0.09 0.00 0.00 HOLD
0.516	>>> V 0.00 0.00
0.516	S 20347038 -0.35 0.09 0.00 0.00 HOLD
0.536	>>> V 0.00 0.00
0.536	S 20347058 -0.35 0.09 0.00 0.00 HOLD
0.555	>>> V 0.00 0.00
0.556	S 20347078 -0.35 0.18 0.00 0.00 HOLD
0.576	>>> V 0.00 0.00
0.577	S 20347098 -0.35 0.09 0.00 0.00 HOLD
0.595	>>> V 0.00 0.00
0.596	S 20347118 -0.35 0.09 0.00 0.00 HOLD
0.616	>>> V 0.00 0.00
0.616	S 20347138 -0.35 0.09 0.00 0.00 HOLD
0.635	>>> V 0.00 0.00
0.636	S 20347158 -0.35 0.09 0.00 0.00 HOLD
0.655	>>> V 0.00 0.00
0.656	S 20347178 -0.35 0.18 0.00 0.00 HOLD
0.677	>>> V 0.00 0.00
0.677	S 20347198 -0.35 0.09 0.00 0.00 HOLD
0.695	>>> V 0.00 0.00
0.696	S 20347218 -0.35 0.18 0.00 0.00 HOLD
0.716	>>> V 0.00 0.00
0.716	S 20347238 -0.35 0.18 0.00 0.00 HOLD
0.737	>>> V 0.00 0.00
0.738	S 20347258 -0.35 0.18 0.00 0.00 HOLD
0.755	>>> V 0.00 0.00
0.756	S 20347278 -0.35 0.09 0.00 0.00 HOLD
0.776	>>> V 0.00 0.00
0.777	S 20347298 -0.35 0.09 0.00 0.00 HOLD
0.795	>>> V 0.00 0.00
0.796	S 20347318 -0.35 0.09 0.00 0.00 HOLD
0.816	>>> V 0.00 0.00
0.816	S 20347338 -0.35 0.09 0.00 0.00 HOLD
0.839	>>> V 0.00 0.00
0.840	S 20347358 -0.35 0.18 0.00 0.00 HOLD
0.855	>>> V 0.00 0.00
0.856	S 20347378 -0.35 0.09 0.00 0.00 HOLD
0.877	>>> V 0.00 0.00
0.877	S 20347398 -0.35 0.09 0.00 0.00 HOLD
0.895	>>> V 0.00 0.00
0.896	S 20347418 -0.35 0.18 0.00 0.00 HOLD
0.915	>>> V 0.00 0.00
0.916	S 20347438 -0.35 0.09 0.00 0.00 HOLD
0.936	>>> V 0.00 0.00
0.936	S 20347458 -0.35 0.18 0.00 0.00 HOLD
0.955	>>> V 0.00 0.00
0.956	S 20347478 -0.35 0.18 0.00 0.00 HOLD
0.976	>>> V 0.00 0.00
0.979	S 20347498 -0.35 0.09 0.00 0.00 HOLD
0.995	>>> V 0.00 0.00
0.996	S 20347518 -0.35 0.09 0.00 0.00 HOLD
1.015	>>> V 0.00 0.00
1.016	S 20347538 -0.35 0.18 0.00 0.00 HOLD
1.037	>>> V 0.00 0.00
1.038	S 20347558 -0.35 0.18 0.00 0.00 HOLD
1.055	>>> V 0.00 0.00
1.056	S 20347578 -0.35 0.18 0.00 0.00 HOLD
1.076	>>> V 0.00 0.00
1.078	S 20347598 -0.35 0.09 0.00 0.00 HOLD
1.095	>>> V 0.00 0.00
1.096	S 20347618 -0.35 0.09 0.00 0.00 HOLD
1.116	>>> V 0.00 0.00
1.116	S 20347638 -0.35 0.09 0.00 0.00 HOLD
1.136	>>> V 0.00 0.00
1.137	S 20347658 -0.35 0.09 0.00 0.00 HOLD
1.155	>>> V 0.00 0.00
1.156	S 20347678 -0.35 0.09 0.00 0.00 HOLD
1.177	>>> V 0.00 0.00
1.178	S 20347698 -0.35 0.09 0.00 0.00 HOLD
1.195	>>> V 0.00 0.00
1.196	S 20347718 -0.35 0.09 0.00 0.00 HOLD
1.216	>>> V 0.00 0.00
1.216	S 20347738 -0.35 0.09 0.00 0.00 HOLD
1.237	>>> V 0.00 0.00
1.238	S 20347758 -0.35 0.09 0.00 0.00 HOLD
1.256	>>> V 0.00 0.00
1.256	S 20347778 -0.35 0.18 0.00 0.00 HOLD
1.277	>>> V 0.00 0.00
1.279	S 20347798 -0.35 0.09 0.00 0.00 HOLD
1.295	>>> V 0.00 0.00
1.296	S 20347818 -0.35 0.09 0.00 0.00 HOLD
1.315	>>> V 0.00 0.00
1.316	S 20347838 -0.35 0.09 0.00 0.00 HOLD
1.336	>>> V 0.00 0.00
1.336	S 20347858 -0.35 0.09 0.00 0.00 HOLD
1.356	>>> V 0.00 0.00
1.356	S 20347878 -0.35 0.09 0.00 0.00 HOLD
1.376	>>> V 0.00 0.00
1.377	S 20347898 -0.35 0.09 0.00 0.00 HOLD
1.395	>>> V 0.00 0.00
1.396	S 20347918 -0.35 0.18 0.00 0.00 HOLD
1.415	>>> V 0.00 0.00
1.416	S 20347938 -0.35 0.09 0.00 0.00 HOLD
1.436	>>> V 0.00 0.00
1.436	S 20347958 -0.35 0.09 0.00 0.00 HOLD
1.455	>>> V 0.00 0.00
1.455	S 20347978 -0.35 0.18 0.00 0.00 HOLD
1.476	>>> V 0.00 0.00
1.477	S 20347998 -0.35 0.09 0.00 0.00 HOLD
1.495	>>> V 0.00 0.00
1.496	S 20348018 -0.35 0.09 0.00 0.00 HOLD
1.515	>>> V 0.00 0.00
1.516	S 20348038 -0.35 0.18 0.00 0.00 HOLD
1.536	>>> V 0.00 0.00
1.536	S 20348058 -0.35 0.09 0.00 0.00 HOLD
1.556	>>> V 0.00 0.00
1.556	S 20348078 -0.35 0.09 0.00 0.00 HOLD
1.576	>>> V 0.00 0.00
1.577	S 20348098 -0.35 0.18 0.00 0.00 HOLD
1.595	>>> V 0.00 0.00
1.596	S 20348118 -0.35 0.18 0.00 0.00 HOLD
1.616	>>> V 0.00 0.00
1.618	S 20348138 -0.35 0.18 0.00 0.00 HOLD
1.636	>>> V 0.00 0.00
1.638	S 20348158 -0.35 0.18 0.00 0.00 HOLD
1.655	>>> V 0.00 0.00
1.656	S 20348178 -0.35 0.09 0.00 0.00 HOLD
1.675	>>> V 0.00 0.00
1.676	S 20348198 -0.35 0.09 0.00 0.00 HOLD
1.696	>>> V 0.00 0.00
1.696	S 20348218 -0.35 0.09 0.00 0.00 HOLD
1.715	>>> V 0.00 0.00
1.716	S 20348238 -0.35 0.09 0.00 0.00 HOLD
1.736	>>> V 0.00 0.00
1.737	S 20348258 -0.35 0.09 0.00 0.00 HOLD
1.756	>>> V 0.00 0.00
1.756	S 20348278 -0.35 0.09 0.00 0.00 HOLD
1.777	>>> V 0.00 0.00
1.778	S 20348298 -0.35 0.18 0.00 0.00 HOLD
1.796	>>> V 0.00 0.00
1.796	S 20348318 -0.35 0.18 0.00 0.00 HOLD
1.816	>>> V 0.00 0.00
1.816	S 20348338 -0.35 0.09 0.00 0.00 HOLD
1.837	>>> V 0.00 0.00
1.838	S 20348358 -0.35 0.09 0.00 0.00 HOLD
1.856	>>> V 0.00 0.00
1.856	S 20348378 -0.26 0.09 0.00 0.00 HOLD
1.879	>>> V 0.00 0.00
1.880	S 20348398 -0.35 0.09 0.00 0.00 HOLD
1.896	>>> V 0.00 0.00
1.896	S 20348418 -0.35 0.18 0.00 0.00 HOLD
1.917	>>> V 0.00 0.00
1.921	S 20348438 -0.35 0.18 0.00 0.00 HOLD
1.937	>>> V 0.00 0.00
1.937	S 20348458 -0.35 0.18 0.00 0.00 HOLD
1.957	>>> V 0.00 0.00
1.958	S 20348478 -0.35 0.18 0.00 0.00 HOLD
1.976	>>> V 0.00 0.00
1.976	S 20348498 -0.35 0.09 0.00 0.00 HOLD
1.996	>>> V 0.00 0.00
1.996	S 20348518 -0.35 0.18 0.00 0.00 HOLD
2.016	>>> V 0.00 0.00
2.016	S 20348538 -0.35 0.18 0.00 0.00 HOLD
2.038	>>> V 0.00 0.00
2.039	S 20348558 -0.35 0.18 0.00 0.00 HOLD
2.056	>>> V 0.00 0.00
2.057	S 20348578 -0.35 0.09 0.00 0.00 HOLD
2.076	>>> V 0.00 0.00
2.076	S 20348598 -0.35 0.09 0.00 0.00 HOLD
2.096	>>> V 0.00 0.00
2.097	S 20348618 -0.35 0.18 0.00 0.00 HOLD
2.116	>>> V 0.00 0.00
2.116	S 20348638 -0.35 0.09 0.00 0.00 HOLD
2.139	>>> V 0.00 0.00
2.143	S 20348658 -0.35 0.09 0.00 0.00 HOLD
2.155	>>> V 0.00 0.00
2.156	S 20348678 -0.35 0.18 0.00 0.00 HOLD
2.177	>>> V 0.00 0.00
2.181	S 20348698 -0.35 0.18 0.00 0.00 HOLD
2.196	>>> V 0.00 0.00
2.196	S 20348718 -0.35 0.09 0.00 0.00 HOLD
2.216	>>> V 0.00 0.00
2.216	S 20348738 -0.35 0.18 0.00 0.00 HOLD
2.236	>>> V 0.00 0.00
2.236	S 20348758 -0.35 0.09 0.00 0.00 HOLD
2.256	>>> V 0.00 0.00
2.256	S 20348778 -0.35 0.18 0.00 0.00 HOLD
2.276	>>> V 0.00 0.00
2.278	S 20348798 -0.35 0.09 0.00 0.00 HOLD
2.296	>>> V 0.00 0.00
2.296	S 20348818 -0.35 0.09 0.00 0.00 HOLD
2.319	>>> V 0.00 0.00
2.319	S 20348838 -0.26 0.09 0.00 0.00 HOLD
2.335	>>> V 0.00 0.00
2.336	S 20348858 -0.35 0.09 0.00 0.00 HOLD
2.356	>>> V 0.00 0.00
2.356	S 20348878 -0.35 0.09 0.00 0.00 HOLD
2.375	>>> V 0.00 0.00
2.376	S 20348898 -0.35 0.18 0.00 0.00 HOLD
2.397	>>> V 0.00 0.00
2.398	S 20348918 -0.35 0.18 0.00 0.00 HOLD
2.416	>>> V 0.00 0.00
2.416	S 20348938 -0.35 0.09 0.00 0.00 HOLD
2.437	>>> V 0.00 0.00
2.438	S 20348958 -0.35 0.09 0.00 0.00 HOLD
2.456	>>> V 0.00 0.00
2.456	S 20348978 -0.35 0.09 0.00 0.00 HOLD
2.477	>>> V 0.00 0.00
2.478	S 20348998 -0.35 0.09 0.00 0.00 HOLD
2.497	>>> V 0.00 0.00
2.497	S 20349018 -0.35 0.09 0.00 0.00 HOLD
2.517	>>> V 0.00 0.00
2.517	S 20349038 -0.35 0.09 0.00 0.00 HOLD
2.535	>>> V 0.00 0.00
2.537	S 20349058 -0.35 0.18 0.00 0.00 HOLD
2.556	>>> V 0.00 0.00
2.556	S 20349078 -0.35 0.18 0.00 0.00 HOLD
2.576	>>> V 0.00 0.00
2.577	S 20349098 -0.35 0.18 0.00 0.00 HOLD
2.597	>>> V 0.00 0.00
2.598	S 20349118 -0.26 0.09 0.00 0.00 HOLD
2.616	>>> V 0.00 0.00
2.616	S 20349138 -0.35 0.18 0.00 0.00 HOLD
2.636	>>> V 0.00 0.00
2.637	S 20349158 -0.35 0.18 0.00 0.00 HOLD
2.656	>>> V 0.00 0.00
2.656	S 20349178 -0.35 0.09 0.00 0.00 HOLD
2.676	>>> V 0.00 0.00
2.677	S 20349198 -0.35 0.09 0.00 0.00 HOLD
2.695	>>> V 0.00 0.00
2.697	S 20349218 -0.35 0.09 0.00 0.00 HOLD
2.717	>>> V 0.00 0.00
2.718	S 20349238 -0.35 0.18 0.00 0.00 HOLD
2.736	>>> V 0.00 0.00
2.737	S 20349258 -0.35 0.09 0.00 0.00 HOLD
2.756	>>> V 0.00 0.00
2.757	S 20349278 -0.35 0.09 0.00 0.00 HOLD
2.776	>>> V 0.00 0.00
2.776	S 20349298 -0.35 0.18 0.00 0.00 HOLD
2.796	>>> V 0.00 0.00
2.796	S 20349318 -0.35 0.18 0.00 0.00 HOLD
2.817	>>> V 0.00 0.00
2.819	S 20349338 -0.35 0.09 0.00 0.00 HOLD
2.835	>>> V 0.00 0.00
2.836	S 20349358 -0.35 0.09 0.00 0.00 HOLD
2.858	>>> V 0.00 0.00
2.859	S 20349378 -0.35 0.09 0.00 0.00 HOLD
2.876	>>> V 0.00 0.00
2.877	S 20349398 -0.35 0.09 0.00 0.00 HOLD
2.896	>>> V 0.00 0.00
2.896	S 20349418 -0.35 0.09 0.00 0.00 HOLD
2.916	>>> V 0.00 0.00
2.917	S 20349438 -0.35 0.18 0.00 0.00 HOLD
2.936	>>> V 0.00 0.00
2.936	S 20349458 -0.35 0.09 0.00 0.00 HOLD
2.957	>>> V 0.00 0.00
2.958	S 20349478 -0.35 0.09 0.00 0.00 HOLD
2.976	>>> V 0.00 0.00
2.976	S 20349498 -0.35 0.18 0.00 0.00 HOLD
2.996	>>> V 0.00 0.00
2.998	S 20349518 -0.35 0.09 0.00 0.00 HOLD
3.017	>>> V 0.00 0.00
3.017	S 20349538 -0.35 0.18 0.00 0.00 HOLD
3.036	>>> V 0.00 0.00
3.036	S 20349558 -0.35 0.18 0.00 0.00 HOLD
3.056	>>> V 0.00 0.00
3.057	S 20349578 -0.35 0.09 0.00 0.00 HOLD
3.076	>>> V 0.00 0.00
3.077	S 20349598 -0.35 0.09 0.00 0.00 HOLD
3.097	>>> V 0.00 0.00
3.098	S 20349618 -0.35 0.09 0.00 0.00 HOLD
3.117	>>> V 0.00 0.00
3.119	S 20349638 -0.35 0.09 0.00 0.00 HOLD
3.136	>>> V 0.00 0.00
3.136	S 20349658 -0.35 0.18 0.00 0.00 HOLD
3.156	>>> V 0.00 0.00
3.157	S 20349678 -0.35 0.09 0.00 0.00 HOLD
3.176	>>> V 0.00 0.00
3.178	S 20349698 -0.35 0.18 0.00 0.00 HOLD
3.197	>>> V 0.00 0.00
3.197	S 20349718 -0.35 0.18 0.00 0.00 HOLD
3.216	>>> V 0.00 0.00
3.216	S 20349738 -0.35 0.18 0.00 0.00 HOLD
3.236	>>> V 0.00 0.00
3.236	S 20349758 -0.35 0.09 0.00 0.00 HOLD
3.256	>>> V 0.00 0.00
3.256	S 20349778 -0.35 0.18 0.00 0.00 HOLD
3.276	>>> V 0.00 0.00
3.276	S 20349798 -0.35 0.09 0.00 0.00 HOLD
3.296	>>> V 0.00 0.00
3.298	S 20349818 -0.35 0.09 0.00 0.00 HOLD
3.316	>>> V 0.00 0.00
3.316	S 20349838 -0.35 0.09 0.00 0.00 HOLD
3.337	>>> V 0.00 0.00
3.340	S 20349858 -0.35 0.18 0.00 0.00 HOLD
3.355	>>> V 0.00 0.00
3.356	S 20349878 -0.35 0.18 0.00 0.00 HOLD
3.376	>>> V 0.00 0.00
3.377	S 20349898 -0.35 0.09 0.00 0.00 HOLD
3.395	>>> V 0.00 0.00
3.396	S 20349918 -0.35 0.18 0.00 0.00 HOLD
3.417	>>> V 0.00 0.00
3.417	S 20349938 -0.35 0.09 0.00 0.00 HOLD
3.436	>>> V 0.00 0.00
3.437	S 20349958 -0.35 0.18 0.00 0.00 HOLD
3.457	>>> V 0.00 0.00
3.458	S 20349978 -0.35 0.09 0.00 0.00 HOLD
3.476	>>> V 0.00 0.00
3.476	S 20349998 -0.35 0.09 0.00 0.00 HOLD
3.496	>>> V 0.00 0.00
3.502	S 20350018 -0.35 0.09 0.00 0.00 HOLD
3.517	>>> V 0.00 0.00
3.517	S 20350038 -0.35 0.09 0.00 0.00 HOLD
3.539	>>> V 0.00 0.00
3.539	S 20350058 -0.35 0.09 0.00 0.00 HOLD
3.560	>>> V 0.00 0.00
3.563	S 20350078 -0.35 0.18 0.00 0.00 HOLD
3.579	>>> V 0.00 0.00
3.582	S 20350098 -0.35 0.18 0.00 0.00 HOLD
3.598	>>> V 0.00 0.00
3.600	S 20350118 -0.35 0.18 0.00 0.00 HOLD
3.617	>>> V 0.00 0.00
3.621	S 20350138 -0.35 0.18 0.00 0.00 HOLD
3.639	>>> V 0.00 0.00
3.640	S 20350158 -0.35 0.18 0.00 0.00 HOLD
3.658	>>> V 0.00 0.00
3.658	S 20350178 -0.35 0.09 0.00 0.00 HOLD
3.676	>>> V 0.00 0.00
3.677	S 20350198 -0.35 0.09 0.00 0.00 HOLD
3.697	>>> V 0.00 0.00
3.698	S 20350218 -0.35 0.09 0.00 0.00 HOLD
3.716	>>> V 0.00 0.00
3.716	S 20350238 -0.35 0.09 0.00 0.00 HOLD
3.736	>>> V 0.00 0.00
3.736	S 20350258 -0.35 0.09 0.00 0.00 HOLD
3.756	>>> V 0.00 0.00
3.757	S 20350278 -0.35 0.09 0.00 0.00 HOLD
3.775	>>> V 0.00 0.00
3.776	S 20350298 -0.35 0.09 0.00 0.00 HOLD
3.797	>>> V 0.00 0.00
3.798	S 20350318 -0.35 0.09 0.00 0.00 HOLD
3.816	>>> V 0.00 0.00
3.818	S 20350338 -0.35 0.09 0.00 0.00 HOLD
3.837	>>> V 0.00 0.00
3.838	S 20350358 -0.35 0.18 0.00 0.00 HOLD
3.856	>>> V 0.00 0.00
3.856	S 20350378 -0.35 0.09 0.00 0.00 HOLD
3.876	>>> V 0.00 0.00
3.876	S 20350398 -0.35 0.09 0.00 0.00 HOLD
3.897	>>> V 0.00 0.00
3.897	S 20350418 -0.35 0.09 0.00 0.00 HOLD
3.917	>>> V 0.00 0.00
3.917	S 20350438 -0.35 0.09 0.00 0.00 HOLD
3.936	>>> V 0.00 0.00
3.937	S 20350458 -0.35 0.09 0.00 0.00 HOLD
3.956	>>> V 0.00 0.00
3.956	S 20350478 -0.35 0.09 0.00 0.00 HOLD
3.976	>>> V 0.00 0.00
3.976	S 20350498 -0.35 0.09 0.00 0.00 HOLD
3.995	>>> V 0.00 0.00
3.996	S 20350518 -0.35 0.09 0.00 0.00 HOLD
4.017	>>> V 0.00 0.00
4.018	S 20350538 -0.35 0.09 0.00 0.00 HOLD
4.036	>>> V 0.00 0.00
4.036	S 20350558 -0.35 0.18 0.00 0.00 HOLD
4.057	>>> V 0.00 0.00
4.058	S 20350578 -0.35 0.09 0.00 0.00 HOLD
4.076	>>> V 0.00 0.00
4.077	S 20350598 -0.35 0.18 0.00 0.00 HOLD
4.096	>>> V 0.00 0.00
4.096	S 20350618 -0.35 0.18 0.00 0.00 HOLD
4.115	>>> V 0.00 0.00
4.117	S 20350638 -0.35 0.18 0.00 0.00 HOLD
4.135	>>> V 0.00 0.00
4.136	S 20350658 -0.35 0.09 0.00 0.00 HOLD
4.156	>>> V 0.00 0.00
4.158	S 20350678 -0.35 0.09 0.00 0.00 HOLD
4.176	>>> V 0.00 0.00
4.176	S 20350698 -0.35 0.09 0.00 0.00 HOLD
4.196	>>> V 0.00 0.00
4.197	S 20350718 -0.35 0.09 0.00 0.00 HOLD
4.216	>>> V 0.00 0.00
4.217	S 20350738 -0.35 0.09 0.00 0.00 HOLD
4.236	>>> V 0.00 0.00
4.237	S 20350758 -0.35 0.18 0.00 0.00 HOLD
4.256	>>> V 0.00 0.00
4.256	S 20350778 -0.35 0.09 0.00 0.00 HOLD
4.276	>>> V 0.00 0.00
4.276	S 20350798 -0.35 0.09 0.00 0.00 HOLD
4.297	>>> V 0.00 0.00
4.297	S 20350818 -0.35 0.18 0.00 0.00 HOLD
4.315	>>> V 0.00 0.00
4.316	S 20350838 -0.35 0.09 0.00 0.00 HOLD
4.337	>>> V 0.00 0.00
4.338	S 20350858 -0.35 0.09 0.00 0.00 HOLD
4.356	>>> V 0.00 0.00
4.356	S 20350878 -0.35 0.09 0.00 0.00 HOLD
4.380	>>> V 0.00 0.00
4.381	S 20350898 -0.35 0.18 0.00 0.00 HOLD
4.396	>>> V 0.00 0.00
4.397	S 20350918 -0.35 0.09 0.00 0.00 HOLD
4.416	>>> V 0.00 0.00
4.417	S 20350938 -0.35 0.09 0.00 0.00 HOLD
4.436	>>> V 0.00 0.00
4.436	S 20350958 -0.35 0.18 0.00 0.00 HOLD
4.455	>>> V 0.00 0.00
4.456	S 20350978 -0.35 0.18 0.00 0.00 HOLD
4.476	>>> V 0.00 0.00
4.477	S 20350998 -0.35 0.09 0.00 0.00 HOLD
4.495	>>> V 0.00 0.00
4.496	S 20351018 -0.35 0.09 0.00 0.00 HOLD
4.516	>>> V 0.00 0.00
4.518	S 20351038 -0.35 0.18 0.00 0.00 HOLD
4.536	>>> V 0.00 0.00
4.536	S 20351058 -0.44 0.18 0.00 0.00 HOLD
4.558	>>> V 0.00 0.00
4.558	S 20351078 -0.35 0.18 0.00 0.00 HOLD
4.576	>>> V 0.00 0.00
4.576	S 20351098 -0.35 0.09 0.00 0.00 HOLD
4.598	>>> V 0.00 0.00
4.598	S 20351118 -0.35 0.09 0.00 0.00 HOLD
4.616	>>> V 0.00 0.00
4.616	S 20351138 -0.35 0.09 0.00 0.00 HOLD
4.636	>>> V 0.00 0.00
4.636	S 20351158 -0.35 0.18 0.00 0.00 HOLD
4.656	>>> V 0.00 0.00
4.658	S 20351178 -0.35 0.18 0.00 0.00 HOLD
4.676	>>> V 0.00 0.00
4.676	S 20351198 -0.35 0.09 0.00 0.00 HOLD
4.696	>>> V 0.00 0.00
4.696	S 20351218 -0.35 0.09 0.00 0.00 HOLD
4.718	>>> V 0.00 0.00
4.718	S 20351238 -0.35 0.18 0.00 0.00 HOLD
4.736	>>> V 0.00 0.00
4.736	S 20351258 -0.35 0.09 0.00 0.00 HOLD
4.756	>>> V 0.00 0.00
4.756	S 20351278 -0.35 0.09 0.00 0.00 HOLD
4.776	>>> V 0.00 0.00
4.777	S 20351298 -0.35 0.18 0.00 0.00 HOLD
4.795	>>> V 0.00 0.00
4.796	S 20351318 -0.35 0.18 0.00 0.00 HOLD
4.817	>>> V 0.00 0.00
4.817	S 20351338 -0.35 0.09 0.00 0.00 HOLD
4.836	>>> V 0.00 0.00
4.837	S 20351358 -0.44 0.18 0.00 0.00 HOLD
4.855	>>> V 0.00 0.00
4.856	S 20351378 -0.35 0.18 0.00 0.00 HOLD
4.876	>>> V 0.00 0.00
4.877	S 20351398 -0.35 0.18 0.00 0.00 HOLD
4.895	>>> V 0.00 0.00
4.896	S 20351418 -0.35 0.18 0.00 0.00 HOLD
4.916	>>> V 0.00 0.00
4.919	S 20351438 -0.35 0.09 0.00 0.00 HOLD
4.936	>>> V 0.00 0.00
4.936	S 20351458 -0.35 0.09 0.00 0.00 HOLD
4.957	>>> V 0.00 0.00
4.958	S 20351478 -0.35 0.09 0.00 0.00 HOLD
4.976	>>> V 0.00 0.00
4.976	S 20351498 -0.35 0.18 0.00 0.00 HOLD
4.998	>>> V 0.00 0.00
5.000	S 20351518 -0.44 0.18 0.00 0.00 HOLD
5.016	>>> V 0.00 0.00
5.016	S 20351538 -0.44 0.18 0.00 0.00 HOLD
5.036	>>> V 0.00 0.00
5.036	S 20351558 -0.35 0.09 0.00 0.00 HOLD
5.055	>>> V 0.00 0.00
5.056	S 20351578 -0.35 0.09 0.00 0.00 HOLD
5.075	>>> V 0.00 0.00
5.076	S 20351598 -0.35 0.09 0.00 0.00 HOLD
5.096	>>> V 0.00 0.00
5.096	S 20351618 -0.35 0.09 0.00 0.00 HOLD
5.115	>>> V 0.00 0.00
5.116	S 20351638 -0.35 0.18 0.00 0.00 HOLD
5.136	>>> V 0.00 0.00
5.138	S 20351658 -0.35 0.09 0.00 0.00 HOLD
5.156	>>> V 0.00 0.00
5.156	S 20351678 -0.35 0.09 0.00 0.00 HOLD
5.178	>>> V 0.00 0.00
5.179	S 20351698 -0.35 0.18 0.00 0.00 HOLD
5.195	>>> V 0.00 0.00
5.196	S 20351718 -0.44 0.09 0.00 0.00 HOLD
5.217	>>> V 0.00 0.00
5.219	S 20351738 -0.44 0.09 0.00 0.00 HOLD
5.236	>>> V 0.00 0.00
5.236	S 20351758 -0.44 0.18 0.00 0.00 HOLD
5.256	>>> V 0.00 0.00
5.257	S 20351778 -0.35 0.09 0.00 0.00 HOLD
5.276	>>> V 0.00 0.00
5.276	S 20351798 -0.35 0.09 0.00 0.00 HOLD
5.296	>>> V 0.00 0.00
5.296	S 20351818 -0.35 0.18 0.00 0.00 HOLD
5.316	>>> V 0.00 0.00
5.317	S 20351838 -0.35 0.09 0.00 0.00 HOLD
5.335	>>> V 0.00 0.00
5.336	S 20351858 -0.35 0.09 0.00 0.00 HOLD
5.358	>>> V 0.00 0.00
5.359	S 20351878 -0.35 0.09 0.00 0.00 HOLD
5.376	>>> V 0.00 0.00
5.377	S 20351898 -0.35 0.09 0.00 0.00 HOLD
5.397	>>> V 0.00 0.00
5.397	S 20351918 -0.44 0.09 0.00 0.00 HOLD
5.416	>>> V 0.00 0.00
5.418	S 20351938 -0.35 0.18 0.00 0.00 HOLD
5.436	>>> V 0.00 0.00
5.436	S 20351958 -0.35 0.09 0.00 0.00 HOLD
5.456	>>> V 0.00 0.00
5.456	S 20351978 -0.44 0.09 0.00 0.00 HOLD
5.476	>>> V 0.00 0.00
5.476	S 20351998 -0.35 0.09 0.00 0.00 HOLD
5.497	>>> V 0.00 0.00
5.498	S 20352018 -0.35 0.09 0.00 0.00 HOLD
5.516	>>> V 0.00 0.00
5.517	S 20352038 -0.35 0.09 0.00 0.00 HOLD
5.536	>>> V 0.00 0.00
5.536	S 20352058 -0.35 0.18 0.00 0.00 HOLD
5.556	>>> V 0.00 0.00
5.557	S 20352078 -0.35 0.09 0.00 0.00 HOLD
5.575	>>> V 0.00 0.00
5.576	S 20352098 -0.35 0.09 0.00 0.00 HOLD
5.597	>>> V 0.00 0.00
5.598	S 20352118 -0.35 0.09 0.00 0.00 HOLD
5.616	>>> V 0.00 0.00
5.617	S 20352138 -0.35 0.09 0.00 0.00 HOLD
5.637	>>> V 0.00 0.00
5.637	S 20352158 -0.35 0.09 0.00 0.00 HOLD
5.656	>>> V 0.00 0.00
5.658	S 20352178 -0.35 0.18 0.00 0.00 HOLD
5.676	>>> V 0.00 0.00
5.676	S 20352198 -0.44 0.18 0.00 0.00 HOLD
5.697	>>> V 0.00 0.00
5.698	S 20352218 -0.35 0.18 0.00 0.00 HOLD
5.716	>>> V 0.00 0.00
5.716	S 20352238 -0.35 0.09 0.00 0.00 HOLD
5.736	>>> V 0.00 0.00
5.739	S 20352258 -0.35 0.09 0.00 0.00 HOLD
5.756	>>> V 0.00 0.00
5.759	S 20352278 -0.35 0.09 0.00 0.00 HOLD
5.778	>>> V 0.00 0.00
5.781	S 20352298 -0.35 0.09 0.00 0.00 HOLD
5.795	>>> V 0.00 0.00
5.796	S 20352318 -0.35 0.09 0.00 0.00 HOLD
5.817	>>> V 0.00 0.00
5.819	S 20352338 -0.35 0.09 0.00 0.00 HOLD
5.836	>>> V 0.00 0.00
5.837	S 20352358 -0.35 0.18 0.00 0.00 HOLD
5.858	>>> V 0.00 0.00
5.858	S 20352378 -0.35 0.09 0.00 0.00 HOLD
5.877	>>> V 0.00 0.00
5.878	S 20352398 -0.35 0.09 0.00 0.00 HOLD
5.896	>>> V 0.00 0.00
5.897	S 20352418 -0.35 0.09 0.00 0.00 HOLD
5.916	>>> V 0.00 0.00
5.920	S 20352438 -0.35 0.18 0.00 0.00 HOLD
5.935	>>> V 0.00 0.00
5.936	S 20352458 -0.35 0.09 0.00 0.00 HOLD
5.956	>>> V 0.00 0.00
5.956	S 20352478 -0.35 0.18 0.00 0.00 HOLD
5.977	>>> V 0.00 0.00
5.977	S 20352498 -0.35 0.09 0.00 0.00 HOLD
5.998	>>> V 0.00 0.00
6.000	S 20352518 -0.35 0.18 0.00 0.00 HOLD
6.017	>>> V 0.00 0.00
6.020	S 20352538 -0.35 0.18 0.00 0.00 HOLD
6.036	>>> V 0.00 0.00
6.036	S 20352558 -0.35 0.18 0.00 0.00 HOLD
6.056	>>> V 0.00 0.00
6.056	S 20352578 -0.35 0.09 0.00 0.00 HOLD
6.077	>>> V 0.00 0.00
6.078	S 20352598 -0.35 0.09 0.00 0.00 HOLD
6.096	>>> V 0.00 0.00
6.096	S 20352618 -0.35 0.09 0.00 0.00 HOLD
6.117	>>> V 0.00 0.00
6.118	S 20352638 -0.44 0.18 0.00 0.00 HOLD
6.137	>>> V 0.00 0.00
6.137	S 20352658 -0.44 0.09 0.00 0.00 HOLD
6.156	>>> V 0.00 0.00
6.156	S 20352678 -0.35 0.09 0.00 0.00 HOLD
6.176	>>> V 0.00 0.00
6.177	S 20352698 -0.35 0.18 0.00 0.00 HOLD
6.195	>>> V 0.00 0.00
6.196	S 20352718 -0.35 0.09 0.00 0.00 HOLD
6.216	>>> V 0.00 0.00
6.216	S 20352738 -0.35 0.18 0.00 0.00 HOLD
6.239	>>> V 0.00 0.00
6.239	S 20352758 -0.35 0.18 0.00 0.00 HOLD
6.258	>>> V 0.00 0.00
6.259	S 20352778 -0.35 0.09 0.00 0.00 HOLD
6.276	>>> V 0.00 0.00
6.276	S 20352798 -0.35 0.09 0.00 0.00 HOLD
6.296	>>> V 0.00 0.00
6.297	S 20352818 -0.35 0.18 0.00 0.00 HOLD
6.322	>>> V 0.00 0.00
6.323	S 20352838 -0.35 0.18 0.00 0.00 HOLD
6.337	>>> V 0.00 0.00
6.337	S 20352858 -0.35 0.18 0.00 0.00 HOLD
6.357	>>> V -17.06 40.45
6.358	S 20352878 -0.35 0.18 0.00 0.00 HOLD
6.376	>>> V -17.05 40.46
6.376	S 20352898 -0.35 0.18 0.00 0.00 TRACK
6.398	>>> V -17.05 40.46
6.398	S 20352918 -0.35 0.18 0.00 0.00 TRACK
6.418	>>> V -17.05 40.46
6.418	S 20352938 -0.44 0.26 0.00 0.00 TRACK
6.436	>>> V -17.06 40.43
6.437	S 20352958 -0.70 0.62 -1.37 2.75 TRACK
6.456	>>> V -17.06 40.43
6.456	S 20352978 -0.97 1.14 -5.50 8.24 TRACK
6.476	>>> V -17.04 40.44
6.476	S 20352998 -1.23 1.76 -9.62 15.11 TRACK
6.496	>>> V -17.04 40.44
6.496	S 20353018 -1.58 2.37 -12.37 20.61 TRACK
6.516	>>> V -17.04 40.44
6.519	S 20353038 -1.93 2.99 -13.74 26.11 TRACK
6.537	>>> V -17.04 40.41
6.537	S 20353058 -2.20 3.78 -15.11 30.23 TRACK
6.556	>>> V -17.04 40.41
6.556	S 20353078 -2.55 4.66 -15.11 34.35 TRACK
6.575	>>> V -16.74 40.36
6.578	S 20353098 -2.90 5.45 -16.49 37.10 TRACK
6.596	>>> V -15.70 40.04
6.597	S 20353118 -3.25 6.15 -15.11 38.47 TRACK
6.615	>>> V -15.70 40.04
6.616	S 20353138 -3.52 7.03 -15.11 38.47 TRACK
6.637	>>> V -14.58 38.13
6.638	S 20353158 -3.87 7.82 -15.11 38.47 TRACK
6.656	>>> V -14.58 38.13
6.659	S 20353178 -4.13 8.61 -15.11 39.85 TRACK
6.677	>>> V -13.48 34.88
6.677	S 20353198 -4.48 9.40 -15.11 39.85 TRACK
6.696	>>> V -13.48 34.88
6.700	S 20353218 -4.75 10.46 -15.11 41.22 TRACK
6.717	>>> V -12.38 31.70
6.718	S 20353239 -5.10 11.25 -15.11 42.59 TRACK
6.736	>>> V -12.38 31.70
6.736	S 20353259 -5.36 12.04 -13.74 42.59 TRACK
6.756	>>> V -11.36 28.43
6.756	S 20353279 -5.62 12.39 -13.74 39.85 TRACK
6.776	>>> V -10.47 24.90
6.778	S 20353299 -5.89 12.92 -13.74 32.98 TRACK
6.796	>>> V -9.42 20.85
6.798	S 20353319 -6.24 13.71 -13.74 28.85 TRACK
6.817	>>> V -9.42 20.85
6.818	S 20353339 -6.50 14.50 -13.74 30.23 TRACK
6.837	>>> V -7.65 11.77
6.840	S 20353359 -6.77 15.12 -12.37 32.98 TRACK
6.856	>>> V -7.65 11.77
6.858	S 20353379 -6.94 15.64 -12.37 32.98 TRACK
6.876	>>> V -6.75 9.56
6.876	S 20353399 -7.21 16.00 -10.99 30.23 TRACK
6.897	>>> V -6.75 9.56
6.898	S 20353419 -7.38 16.35 -10.99 24.73 TRACK
6.917	>>> V -5.83 7.48
6.917	S 20353439 -7.56 16.70 -9.62 20.61 TRACK
6.937	>>> V -5.04 4.23
6.937	S 20353459 -7.65 16.87 -8.24 16.49 TRACK
6.956	>>> V -5.04 4.23
6.957	S 20353479 -7.82 17.14 -6.87 13.74 TRACK
6.976	>>> V -4.36 0.00
6.977	S 20353499 -7.91 17.31 -6.87 12.37 TRACK
6.998	>>> V -4.36 0.00
6.999	S 20353519 -8.00 17.40 -5.50 9.62 TRACK
7.015	>>> V -3.72 0.00
7.016	S 20353539 -8.17 17.40 -5.50 6.87 TRACK
7.036	>>> V -3.13 0.00
7.036	S 20353559 -8.26 17.40 -5.50 4.12 TRACK
7.057	>>> V -3.13 0.00
7.057	S 20353579 -8.35 17.49 -5.50 2.75 TRACK
7.077	>>> V -3.13 0.00
7.077	S 20353599 -8.44 17.49 -5.50 1.37 TRACK
7.096	>>> V -2.74 0.00
7.097	S 20353619 -8.53 17.49 -4.12 0.00 TRACK
7.117	>>> V -2.74 0.00
7.119	S 20353639 -8.61 17.49 -4.12 0.00 TRACK
7.136	>>> V -2.36 -2.96
7.136	S 20353659 -8.61 17.49 -2.75 0.00 TRACK
7.156	>>> V -2.36 -2.96
7.159	S 20353679 -8.61 17.49 -1.37 0.00 TRACK
7.180	>>> V -1.99 -3.39
7.183	S 20353699 -8.70 17.49 -1.37 0.00 TRACK
7.200	>>> V -1.99 -3.39
7.201	S 20353719 -8.79 17.49 -1.37 0.00 TRACK
7.218	>>> V 0.00 -3.48
7.218	S 20353739 -8.88 17.49 -2.75 0.00 TRACK
7.236	>>> V 0.00 -3.57
7.236	S 20353759 -8.88 17.31 -2.75 0.00 TRACK
7.256	>>> V 0.00 -3.57
7.257	S 20353779 -8.88 17.31 -1.37 -1.37 TRACK
7.276	>>> V 0.00 -3.55
7.276	S 20353799 -8.88 17.23 0.00 -2.75 TRACK
7.297	>>> V 0.00 -3.55
7.298	S 20353819 -8.88 17.14 0.00 -2.75 TRACK
7.316	>>> V 0.00 -3.57
7.316	S 20353839 -8.88 17.05 0.00 -2.75 TRACK
7.338	>>> V 0.00 -3.57
7.339	S 20353859 -8.88 16.96 0.00 -2.75 TRACK
7.361	>>> V 0.00 -3.66
7.361	S 20353879 -8.88 16.87 0.00 -2.75 TRACK
7.377	>>> V 0.00 -3.65
7.377	S 20353899 -8.88 16.87 0.00 -2.75 TRACK
7.396	>>> V 0.00 -3.65
7.398	S 20353919 -8.79 16.70 0.00 -2.75 TRACK
7.416	>>> V 0.00 -3.67
7.419	S 20353939 -8.88 16.61 0.00 -4.12 TRACK
7.436	>>> V 0.00 -3.67
7.441	S 20353959 -8.88 16.61 0.00 -2.75 TRACK
7.456	>>> V 0.00 -3.74
7.456	S 20353979 -8.88 16.52 0.00 -2.75 TRACK
7.477	>>> V 0.00 -3.74
7.478	S 20353999 -8.88 16.44 0.00 -2.75 TRACK
7.495	>>> V 0.00 -3.77
7.496	S 20354019 -8.88 16.35 0.00 -2.75 TRACK
7.517	>>> V 0.00 -3.44
7.520	S 20354039 -8.88 16.26 0.00 -2.75 TRACK
7.537	>>> V 0.00 -3.44
7.537	S 20354059 -8.88 16.17 0.00 -2.75 TRACK
7.556	>>> V 0.00 -3.27
7.556	S 20354079 -8.79 16.08 0.00 -2.75 TRACK
7.577	>>> V 0.00 -3.27
7.577	S 20354099 -8.79 16.00 0.00 -2.75 TRACK
7.596	>>> V 0.00 -3.27
7.596	S 20354119 -8.79 15.91 0.00 -4.12 TRACK
7.616	>>> V 0.00 -2.87
7.621	S 20354139 -8.88 15.82 0.00 -4.12 TRACK
7.636	>>> V 0.00 -2.87
7.636	S 20354159 -8.88 15.82 0.00 -2.75 TRACK
7.656	>>> V 0.00 0.00
7.657	S 20354179 -8.88 15.73 0.00 -2.75 TRACK
7.675	>>> V 0.00 0.00
7.676	S 20354199 -8.88 15.73 0.00 -1.37 TRACK
7.697	>>> V 0.00 0.00
7.700	S 20354219 -8.88 15.73 0.00 -1.37 TRACK
7.716	>>> V 0.00 0.00
7.717	S 20354239 -8.79 15.73 0.00 0.00 TRACK
7.736	>>> V 0.00 0.00
7.737	S 20354259 -8.79 15.73 0.00 0.00 TRACK
7.755	>>> V 0.00 0.00
7.756	S 20354279 -8.88 15.73 0.00 0.00 TRACK
7.776	>>> V 0.00 0.00
7.777	S 20354299 -8.88 15.73 0.00 0.00 TRACK
7.796	>>> V 0.00 0.00
7.797	S 20354319 -8.88 15.73 0.00 0.00 TRACK
7.816	>>> V 0.00 0.00
7.817	S 20354339 -8.88 15.73 0.00 0.00 TRACK
7.836	>>> V 0.00 0.00
7.836	S 20354359 -8.88 15.73 0.00 0.00 TRACK
7.857	>>> V 0.00 0.00
7.857	S 20354379 -8.88 15.82 0.00 0.00 TRACK
7.877	>>> V 0.00 0.00
7.880	S 20354399 -8.88 15.73 0.00 0.00 TRACK
7.896	>>> V 0.00 0.00
7.898	S 20354419 -8.88 15.73 0.00 0.00 TRACK
7.916	>>> V 0.00 0.00
7.917	S 20354439 -8.88 15.73 0.00 0.00 TRACK
7.941	>>> V 0.00 0.00
7.942	S 20354459 -8.88 15.73 0.00 0.00 TRACK
7.957	>>> V 0.00 0.00
7.958	S 20354479 -8.88 15.73 0.00 0.00 TRACK
7.976	>>> V 0.00 0.00
7.978	S 20354499 -8.79 15.73 0.00 0.00 TRACK
8.004	>>> V 0.00 0.00
8.004	S 20354519 -8.79 15.73 0.00 0.00 TRACK
8.020	>>> V 0.00 0.00
8.022	S 20354539 -8.88 15.73 0.00 0.00 TRACK
8.036	>>> V 0.00 0.00
8.036	S 20354559 -8.88 15.82 0.00 0.00 TRACK
8.057	>>> V 0.00 0.00
8.057	S 20354579 -8.88 15.73 0.00 0.00 TRACK
8.078	>>> V 0.00 0.00
8.079	S 20354599 -8.88 15.73 0.00 0.00 TRACK
8.097	>>> V 0.00 0.00
8.098	S 20354619 -8.79 15.82 0.00 0.00 TRACK
8.118	>>> V 0.00 0.00
8.119	S 20354639 -8.88 15.73 0.00 0.00 TRACK
8.137	>>> V 0.00 0.00
8.138	S 20354659 -8.88 15.73 0.00 0.00 TRACK
8.156	>>> V 0.00 0.00
8.157	S 20354679 -8.88 15.73 0.00 0.00 TRACK
8.177	>>> V 0.00 0.00
8.178	S 20354699 -8.79 15.73 0.00 0.00 TRACK
8.196	>>> V 0.00 0.00
8.196	S 20354719 -8.79 15.73 0.00 0.00 TRACK
8.218	>>> V 0.00 0.00
8.219	S 20354739 -8.88 15.73 0.00 0.00 TRACK
8.236	>>> V 0.00 0.00
8.236	S 20354759 -8.88 15.73 0.00 0.00 TRACK
8.257	>>> V 0.00 0.00
8.257	S 20354779 -8.88 15.73 0.00 0.00 TRACK
8.276	>>> V 0.00 0.00
8.276	S 20354799 -8.79 15.73 0.00 0.00 TRACK
8.297	>>> V 0.00 0.00
8.297	S 20354819 -8.88 15.73 0.00 0.00 TRACK
8.321	>>> V 0.00 0.00
8.322	S 20354839 -8.88 15.73 0.00 0.00 TRACK
8.338	>>> V 0.00 0.00
8.341	S 20354859 -8.88 15.73 0.00 0.00 TRACK
8.357	>>> V 0.00 0.00
8.357	S 20354879 -8.79 15.73 0.00 0.00 TRACK
8.376	>>> V 0.00 0.00
8.376	S 20354899 -8.88 15.73 0.00 0.00 TRACK
8.397	>>> V 0.00 0.00
8.397	S 20354919 -8.88 15.73 0.00 0.00 TRACK
8.417	>>> V 0.00 0.00
8.418	S 20354939 -8.88 15.73 0.00 0.00 TRACK
8.436	>>> V 0.00 0.00
8.436	S 20354959 -8.79 15.82 0.00 0.00 TRACK
8.457	>>> V 0.00 0.00
8.457	S 20354979 -8.88 15.73 0.00 0.00 TRACK
8.479	>>> V 0.00 0.00
8.479	S 20354999 -8.79 15.73 0.00 0.00 TRACK
8.500	>>> V 0.00 0.00
8.500	S 20355019 -8.79 15.73 0.00 0.00 TRACK
8.517	>>> V 0.00 0.00
8.518	S 20355039 -8.79 15.82 0.00 0.00 TRACK
8.536	>>> V 0.00 0.00
8.537	S 20355059 -8.88 15.73 0.00 0.00 TRACK
8.556	>>> V 0.00 0.00
8.556	S 20355079 -8.88 15.73 0.00 0.00 TRACK
8.577	>>> V 0.00 0.00
8.577	S 20355099 -8.79 15.73 0.00 0.00 TRACK
8.596	>>> V 0.00 0.00
8.596	S 20355119 -8.88 15.73 0.00 0.00 TRACK
8.618	>>> V 0.00 0.00
8.619	S 20355139 -8.88 15.73 0.00 0.00 TRACK
8.636	>>> V 0.00 0.00
8.637	S 20355159 -8.88 15.73 0.00 0.00 TRACK
8.657	>>> V 0.00 0.00
8.657	S 20355179 -8.88 15.82 0.00 0.00 TRACK
8.675	>>> V 0.00 0.00
8.676	S 20355199 -8.79 15.73 0.00 0.00 TRACK
8.698	>>> V 0.00 0.00
8.701	S 20355219 -8.88 15.73 0.00 0.00 TRACK
8.716	>>> V 0.00 0.00
8.716	S 20355239 -8.79 15.73 0.00 0.00 TRACK
8.736	>>> V 0.00 0.00
8.736	S 20355259 -8.79 15.73 0.00 0.00 TRACK
8.756	>>> V 0.00 0.00
8.756	S 20355279 -8.79 15.73 0.00 0.00 TRACK
8.777	>>> V 0.00 0.00
8.777	S 20355299 -8.88 15.73 0.00 0.00 TRACK
8.796	>>> V 0.00 0.00
8.797	S 20355319 -8.88 15.73 0.00 0.00 TRACK
8.816	>>> V 0.00 0.00
8.817	S 20355339 -8.88 15.73 0.00 0.00 TRACK
8.836	>>> V 0.00 0.00
8.838	S 20355359 -8.79 15.73 0.00 0.00 TRACK
8.855	>>> V 0.00 0.00
8.857	S 20355379 -8.88 15.73 0.00 0.00 TRACK
8.877	>>> V 0.00 0.00
8.877	S 20355399 -8.88 15.73 0.00 0.00 TRACK
8.896	>>> V 0.00 0.00
8.897	S 20355419 -8.88 15.73 0.00 0.00 TRACK
8.916	>>> V 0.00 0.00
8.918	S 20355439 -8.88 15.73 0.00 0.00 TRACK
8.936	>>> V 0.00 0.00
8.936	S 20355459 -8.88 15.73 0.00 0.00 TRACK
8.956	>>> V 0.00 0.00
8.956	S 20355479 -8.88 15.73 0.00 0.00 TRACK
8.976	>>> V 0.00 0.00
8.977	S 20355499 -8.88 15.73 0.00 0.00 TRACK
8.997	>>> V 0.00 0.00
8.998	S 20355519 -8.88 15.73 0.00 0.00 TRACK
9.017	>>> V 0.00 0.00
9.018	S 20355539 -8.88 15.73 0.00 0.00 TRACK
9.037	>>> V 0.00 0.00
9.037	S 20355559 -8.79 15.82 0.00 0.00 TRACK
9.055	>>> V 0.00 0.00
9.056	S 20355579 -8.88 15.82 0.00 0.00 TRACK
9.077	>>> V 0.00 0.00
9.083	S 20355599 -8.88 15.73 0.00 0.00 TRACK
9.096	>>> V 0.00 0.00
9.096	S 20355619 -8.88 15.73 0.00 0.00 TRACK
9.119	>>> V 0.00 0.00
9.120	S 20355639 -8.88 15.82 0.00 0.00 TRACK
9.136	>>> V 0.00 0.00
9.137	S 20355659 -8.88 15.82 0.00 0.00 TRACK
9.157	>>> V 0.00 0.00
9.157	S 20355679 -8.88 15.73 0.00 0.00 TRACK
9.176	>>> V 0.00 0.00
9.176	S 20355699 -8.88 15.73 0.00 0.00 TRACK
9.196	>>> V 0.00 0.00
9.197	S 20355719 -8.79 15.73 0.00 0.00 TRACK
9.216	>>> V 0.00 0.00
9.218	S 20355739 -8.88 15.73 0.00 0.00 TRACK
9.236	>>> V 0.00 0.00
9.237	S 20355759 -8.88 15.73 0.00 0.00 TRACK
9.258	>>> V 0.00 0.00
9.263	S 20355779 -8.88 15.73 0.00 0.00 TRACK
9.278	>>> V 0.00 0.00
9.279	S 20355799 -8.79 15.82 0.00 0.00 TRACK
9.300	>>> V 0.00 0.00
9.300	S 20355819 -8.88 15.73 0.00 0.00 TRACK
9.315	>>> V 0.00 0.00
9.319	S 20355839 -8.79 15.82 0.00 0.00 TRACK
9.336	>>> V 0.00 0.00
9.337	S 20355859 -8.79 15.73 0.00 0.00 TRACK
9.355	>>> V 0.00 0.00
9.356	S 20355879 -8.88 15.73 0.00 0.00 TRACK
9.377	>>> V 0.00 0.00
9.377	S 20355899 -8.88 15.73 0.00 0.00 TRACK
9.395	>>> V 0.00 0.00
9.396	S 20355919 -8.79 15.73 0.00 0.00 TRACK
9.417	>>> V 0.00 0.00
9.419	S 20355939 -8.88 15.73 0.00 0.00 TRACK
9.436	>>> V 0.00 0.00
9.436	S 20355959 -8.79 15.73 0.00 0.00 TRACK
9.457	>>> V 0.00 0.00
9.461	S 20355979 -8.88 15.73 0.00 0.00 TRACK
9.477	>>> V 0.00 0.00
9.478	S 20355999 -8.88 15.82 0.00 0.00 TRACK
9.496	>>> V 0.00 0.00
9.496	S 20356019 -8.88 15.82 0.00 0.00 TRACK
9.515	>>> V 0.00 0.00
9.518	S 20356039 -8.88 15.73 0.00 0.00 TRACK
9.536	>>> V 0.00 0.00
9.537	S 20356059 -8.88 15.73 0.00 0.00 TRACK
9.556	>>> V 0.00 0.00
9.556	S 20356079 -8.79 15.73 0.00 0.00 TRACK
9.576	>>> V 0.00 0.00
9.577	S 20356099 -8.88 15.73 0.00 0.00 TRACK
9.596	>>> V 0.00 0.00
9.596	S 20356119 -8.79 15.73 0.00 0.00 TRACK
9.616	>>> V 0.00 0.00
9.620	S 20356139 -8.79 15.73 0.00 0.00 TRACK
9.636	>>> V 0.00 0.00
9.636	S 20356159 -8.88 15.73 0.00 0.00 TRACK
9.658	>>> V 0.00 0.00
9.659	S 20356179 -8.88 15.73 0.00 0.00 TRACK
9.675	>>> V 0.00 0.00
9.676	S 20356199 -8.88 15.73 0.00 0.00 TRACK
9.695	>>> V 0.00 0.00
9.696	S 20356219 -8.79 15.73 0.00 0.00 TRACK
9.717	>>> V 0.00 0.00
9.717	S 20356239 -8.88 15.82 0.00 0.00 TRACK
9.736	>>> V 0.00 0.00
9.737	S 20356259 -8.88 15.73 0.00 0.00 TRACK
9.756	>>> V 0.00 0.00
9.757	S 20356279 -8.88 15.73 0.00 0.00 TRACK
9.775	>>> V 0.00 0.00
9.776	S 20356299 -8.79 15.73 0.00 0.00 TRACK
9.797	>>> V 0.00 0.00
9.800	S 20356319 -8.88 15.82 0.00 0.00 TRACK
9.816	>>> V 0.00 0.00
9.816	S 20356339 -8.79 15.73 0.00 0.00 TRACK
9.836	>>> V 0.00 0.00
9.837	S 20356359 -8.79 15.73 0.00 0.00 TRACK
9.856	>>> V 0.00 0.00
9.856	S 20356379 -8.88 15.73 0.00 0.00 TRACK
9.876	>>> V 0.00 0.00
9.877	S 20356399 -8.88 15.73 0.00 0.00 TRACK
9.896	>>> V 0.00 0.00
9.898	S 20356419 -8.88 15.73 0.00 0.00 TRACK
9.916	>>> V 0.00 0.00
9.916	S 20356439 -8.88 15.73 0.00 0.00 TRACK
9.936	>>> V 0.00 0.00
9.937	S 20356459 -8.88 15.73 0.00 0.00 TRACK
9.957	>>> V 0.00 0.00
9.958	S 20356479 -8.79 15.82 0.00 0.00 TRACK
9.975	>>> V 0.00 0.00
9.976	S 20356499 -8.79 15.73 0.00 0.00 TRACK
9.997	>>> V 0.00 0.00
9.999	S 20356519 -8.79 15.73 0.00 0.00 TRACK
10.016	>>> V 0.00 0.00
10.016	S 20356539 -8.88 15.73 0.00 0.00 TRACK
10.036	>>> V 0.00 0.00
10.037	S 20356559 -8.88 15.73 0.00 0.00 TRACK
10.059	>>> V 0.00 0.00
10.060	S 20356579 -8.88 15.73 0.00 0.00 TRACK
10.076	>>> V 0.00 0.00
10.076	S 20356599 -8.79 15.73 0.00 0.00 TRACK
10.096	>>> V 0.00 0.00
10.096	S 20356619 -8.88 15.73 0.00 0.00 TRACK
10.117	>>> V 0.00 0.00
10.118	S 20356639 -8.79 15.73 0.00 0.00 TRACK
10.137	>>> V 0.00 0.00
10.138	S 20356659 -8.79 15.82 0.00 0.00 TRACK
10.156	>>> V 0.00 0.00
10.157	S 20356679 -8.79 15.73 0.00 0.00 TRACK
10.177	>>> V 0.00 0.00
10.178	S 20356699 -8.88 15.73 0.00 0.00 TRACK
10.196	>>> V 0.00 0.00
10.196	S 20356719 -8.79 15.82 0.00 0.00 TRACK
10.217	>>> V 0.00 0.00
10.217	S 20356739 -8.88 15.73 0.00 0.00 TRACK
10.236	>>> V 0.00 0.00
10.236	S 20356759 -8.88 15.73 0.00 0.00 TRACK
10.257	>>> V 0.00 0.00
10.258	S 20356779 -8.79 15.73 0.00 0.00 TRACK
10.276	>>> V 0.00 0.00
10.276	S 20356799 -8.79 15.73 0.00 0.00 TRACK
10.295	>>> V 0.00 0.00
10.298	S 20356819 -8.88 15.73 0.00 0.00 TRACK
10.317	>>> V 0.00 0.00
10.318	S 20356839 -8.79 15.73 0.00 0.00 TRACK
10.335	>>> V 0.00 0.00
10.336	S 20356859 -8.79 15.73 0.00 0.00 TRACK
10.356	>>> V 0.00 0.00
10.356	S 20356879 -8.88 15.73 0.00 0.00 TRACK
10.376	>>> V 0.00 0.00
10.376	S 20356899 -8.88 15.73 0.00 0.00 TRACK
10.397	>>> V 0.00 0.00
10.397	S 20356919 -8.79 15.73 0.00 0.00 TRACK
10.416	>>> V 0.00 0.00
10.419	S 20356939 -8.79 15.73 0.00 0.00 TRACK
10.436	>>> V 0.00 0.00
10.438	S 20356959 -8.79 15.73 0.00 0.00 TRACK
10.456	>>> V 0.00 0.00
10.458	S 20356979 -8.79 15.73 0.00 0.00 TRACK
10.477	>>> V 0.00 0.00
10.478	S 20356999 -8.88 15.73 0.00 0.00 TRACK
10.497	>>> V 0.00 0.00
10.497	S 20357019 -8.79 15.73 0.00 0.00 TRACK
10.519	>>> V 0.00 0.00
10.519	S 20357039 -8.88 15.73 0.00 0.00 TRACK
10.538	>>> V 0.00 0.00
10.538	S 20357059 -8.88 15.73 0.00 0.00 TRACK
10.558	>>> V 0.00 0.00
10.559	S 20357079 -8.88 15.82 0.00 0.00 TRACK
10.577	>>> V 0.00 0.00
10.578	S 20357099 -8.88 15.82 0.00 0.00 TRACK
10.597	>>> V 0.00 0.00
10.599	S 20357119 -8.79 15.73 0.00 0.00 TRACK
10.617	>>> V 0.00 0.00
10.619	S 20357139 -8.79 15.73 0.00 0.00 TRACK
10.636	>>> V 0.00 0.00
10.636	S 20357159 -8.88 15.73 0.00 0.00 TRACK
10.656	>>> V 0.00 0.00
10.657	S 20357179 -8.88 15.73 0.00 0.00 TRACK
10.676	>>> V 0.00 0.00
10.676	S 20357199 -8.88 15.82 0.00 0.00 TRACK
10.697	>>> V 2.12 0.00
10.697	S 20357219 -8.88 15.73 0.00 0.00 TRACK
10.716	>>> V 2.94 0.00
10.717	S 20357239 -8.79 15.73 0.00 0.00 TRACK
10.736	>>> V 3.75 0.00
10.736	S 20357259 -8.88 15.73 0.00 0.00 TRACK
10.756	>>> V 4.65 0.00
10.756	S 20357279 -8.88 15.73 0.00 0.00 TRACK
10.775	>>> V 4.65 0.00
10.776	S 20357299 -8.88 15.73 0.00 0.00 TRACK
10.796	>>> V 5.57 0.00
10.796	S 20357319 -8.70 15.82 0.00 0.00 TRACK
10.815	>>> V 5.57 0.00
10.816	S 20357339 -8.61 15.82 1.37 0.00 TRACK
10.836	>>> V 6.57 0.00
10.836	S 20357359 -8.53 15.73 2.75 0.00 TRACK
10.855	>>> V 6.57 0.00
10.858	S 20357379 -8.35 15.82 4.12 0.00 TRACK
10.876	>>> V 7.65 0.00
10.877	S 20357399 -8.26 15.73 4.12 0.00 TRACK
10.895	>>> V 7.65 0.00
10.896	S 20357419 -8.17 15.73 4.12 0.00 TRACK
10.916	>>> V 8.64 0.00
10.916	S 20357439 -8.00 15.73 4.12 0.00 TRACK
10.936	>>> V 8.64 0.00
10.937	S 20357459 -7.91 15.73 5.50 0.00 TRACK
10.955	>>> V 9.38 -3.12
10.957	S 20357479 -7.73 15.73 5.50 0.00 TRACK
10.975	>>> V 9.38 -3.12
10.976	S 20357499 -7.65 15.73 5.50 0.00 TRACK
10.996	>>> V 9.38 -3.12
10.998	S 20357519 -7.47 15.73 6.87 0.00 TRACK
11.016	>>> V 10.18 -3.50
11.017	S 20357539 -7.29 15.64 6.87 0.00 TRACK
11.037	>>> V 10.18 -3.50
11.038	S 20357559 -7.12 15.56 6.87 -1.37 TRACK
11.056	>>> V 11.04 -4.11
11.057	S 20357579 -6.94 15.47 6.87 -2.75 TRACK
11.078	>>> V 11.81 -4.36
11.079	S 20357599 -6.77 15.38 8.24 -2.75 TRACK
11.096	>>> V 11.81 -4.36
11.096	S 20357619 -6.50 15.38 9.62 -2.75 TRACK
11.117	>>> V 12.42 -4.86
11.118	S 20357639 -6.24 15.21 9.62 -2.75 TRACK
11.136	>>> V 12.42 -4.86
11.137	S 20357659 -5.98 15.21 9.62 -2.75 TRACK
11.158	>>> V 12.97 -5.46
11.158	S 20357679 -5.80 15.03 9.62 -2.75 TRACK
11.176	>>> V 12.97 -5.46
11.176	S 20357699 -5.54 14.94 9.62 -4.12 TRACK
11.197	>>> V 13.39 -5.61
11.197	S 20357719 -5.27 14.85 10.99 -4.12 TRACK
11.220	>>> V 13.39 -5.61
11.222	S 20357739 -5.10 14.85 10.99 -4.12 TRACK
11.238	>>> V 13.67 -5.66
11.238	S 20357759 -4.75 14.77 10.99 -4.12 TRACK
11.256	>>> V 13.67 -5.66
11.256	S 20357779 -4.48 14.59 10.99 -2.75 TRACK
11.276	>>> V 13.72 -5.76
11.277	S 20357799 -4.22 14.50 12.37 -4.12 TRACK
11.297	>>> V 13.72 -5.76
11.298	S 20357819 -3.96 14.41 12.37 -4.12 TRACK
11.316	>>> V 13.68 -5.75
11.316	S 20357839 -3.69 14.24 12.37 -5.50 TRACK
11.336	>>> V 13.68 -5.75
11.340	S 20357859 -3.43 14.15 13.74 -5.50 TRACK
11.356	>>> V 13.58 -5.66
11.360	S 20357879 -3.16 14.06 13.74 -5.50 TRACK
11.376	>>> V 13.58 -5.66
11.376	S 20357899 -2.81 13.97 13.74 -5.50 TRACK
11.396	>>> V 13.34 -5.78
11.398	S 20357919 -2.55 13.80 13.74 -4.12 TRACK
11.416	>>> V 13.03 -5.75
11.416	S 20357939 -2.29 13.71 13.74 -4.12 TRACK
11.436	>>> V 13.03 -5.75
11.436	S 20357959 -2.02 13.62 13.74 -4.12 TRACK
11.460	>>> V 12.60 -5.60
11.460	S 20357979 -1.67 13.54 12.37 -5.50 TRACK
11.477	>>> V 12.60 -5.60
11.478	S 20357999 -1.49 13.36 12.37 -4.12 TRACK
11.495	>>> V 11.91 -5.57
11.496	S 20358019 -1.23 13.27 12.37 -4.12 TRACK
11.518	>>> V 11.91 -5.57
11.519	S 20358039 -0.97 13.18 12.37 -4.12 TRACK
11.536	>>> V 11.37 -5.42
11.540	S 20358059 -0.79 13.01 12.37 -5.50 TRACK
11.558	>>> V 10.69 -5.44
11.559	S 20358079 -0.44 12.92 10.99 -5.50 TRACK
11.577	>>> V 10.69 -5.44
11.577	S 20358099 -0.18 12.92 12.37 -5.50 TRACK
11.597	>>> V 10.69 -5.44
11.599	S 20358119 -0.09 12.74 10.99 -4.12 TRACK
11.616	>>> V 9.93 -5.68
11.618	S 20358139 0.18 12.66 10.99 -4.12 TRACK
11.637	>>> V 9.12 -5.85
11.639	S 20358159 0.44 12.48 10.99 -4.12 TRACK
11.656	>>> V 9.12 -5.85
11.659	S 20358179 0.62 12.39 10.99 -5.50 TRACK
11.677	>>> V 8.27 -5.99
11.677	S 20358199 0.88 12.30 9.62 -5.50 TRACK
11.696	>>> V 8.27 -5.99
11.696	S 20358219 1.05 12.22 9.62 -5.50 TRACK
11.716	>>> V 7.50 -6.07
11.717	S 20358239 1.23 12.04 9.62 -5.50 TRACK
11.736	>>> V 7.50 -6.07
11.738	S 20358259 1.49 11.95 9.62 -5.50 TRACK
11.757	>>> V 5.86 -6.35
11.758	S 20358279 1.58 11.78 9.62 -5.50 TRACK
11.776	>>> V 5.86 -6.35
11.776	S 20358299 1.76 11.69 8.24 -5.50 TRACK
11.797	>>> V 5.09 -6.62
11.797	S 20358319 1.85 11.60 8.24 -5.50 TRACK
11.816	>>> V 5.09 -6.62
11.816	S 20358339 2.02 11.51 6.87 -5.50 TRACK
11.836	>>> V 4.35 -7.37
11.836	S 20358359 2.11 11.34 5.50 -5.50 TRACK
11.859	>>> V 4.35 -7.37
11.861	S 20358379 2.20 11.16 5.50 -5.50 TRACK
11.876	>>> V 3.57 -7.89
11.876	S 20358399 2.29 11.07 5.50 -6.87 TRACK
11.896	>>> V 3.57 -7.89
11.897	S 20358419 2.37 10.90 5.50 -6.87 TRACK
11.918	>>> V 2.78 -8.27
11.922	S 20358439 2.55 10.72 5.50 -6.87 TRACK
11.937	>>> V 2.78 -8.27
11.938	S 20358459 2.64 10.55 5.50 -6.87 TRACK
11.956	>>> V 2.02 -8.72
11.957	S 20358479 2.72 10.37 5.50 -6.87 TRACK
11.976	>>> V 2.02 -8.72
11.976	S 20358499 2.72 10.28 4.12 -6.87 TRACK
11.996	>>> V 0.00 -9.39
11.998	S 20358519 2.72 10.11 1.37 -6.87 TRACK
12.016	>>> V 0.00 -9.45
12.017	S 20358539 2.72 9.93 0.00 -6.87 TRACK
12.036	>>> V 0.00 -9.45
12.037	S 20358559 2.72 9.76 0.00 -6.87 TRACK
12.057	>>> V 0.00 -9.33
12.058	S 20358579 2.72 9.58 0.00 -8.24 TRACK
12.076	>>> V 0.00 -9.33
12.076	S 20358599 2.72 9.32 0.00 -8.24 TRACK
12.097	>>> V 0.00 -9.43
12.098	S 20358619 2.72 9.14 0.00 -9.62 TRACK
12.116	>>> V 0.00 -9.43
12.116	S 20358639 2.72 8.96 0.00 -9.62 TRACK
12.137	>>> V 0.00 -9.72
12.137	S 20358659 2.72 8.79 0.00 -9.62 TRACK
12.156	>>> V 0.00 -9.72
12.156	S 20358679 2.72 8.61 0.00 -8.24 TRACK
12.176	>>> V -2.08 -9.89
12.176	S 20358699 2.72 8.44 0.00 -8.24 TRACK
12.198	>>> V -2.08 -9.89
12.199	S 20358719 2.72 8.26 0.00 -8.24 TRACK
12.215	>>> V -2.10 -10.22
12.216	S 20358739 2.72 8.00 0.00 -8.24 TRACK
12.236	>>> V -2.08 -10.82
12.237	S 20358759 2.72 7.82 0.00 -8.24 TRACK
12.255	>>> V -2.08 -10.82
12.256	S 20358779 2.72 7.65 0.00 -8.24 TRACK
12.277	>>> V -2.08 -10.82
12.277	S 20358799 2.72 7.47 0.00 -8.24 TRACK
12.295	>>> V -1.98 -11.57
12.297	S 20358819 2.72 7.29 0.00 -9.62 TRACK
12.316	>>> V -1.98 -11.72
12.317	S 20358839 2.64 7.03 0.00 -9.62 TRACK
12.336	>>> V -1.98 -11.72
12.336	S 20358859 2.55 6.77 -1.37 -9.62 TRACK
12.357	>>> V -2.05 -11.87
12.358	S 20358879 2.55 6.59 -1.37 -9.62 TRACK
12.377	>>> V -2.05 -11.87
12.378	S 20358899 2.55 6.33 -1.37 -9.62 TRACK
12.397	>>> V -2.05 -11.97
12.401	S 20358919 2.55 6.15 0.00 -9.62 TRACK
12.416	>>> V -2.05 -11.97
12.416	S 20358939 2.55 5.89 0.00 -10.99 TRACK
12.437	>>> V -2.17 -11.93
12.441	S 20358959 2.46 5.62 0.00 -10.99 TRACK
12.456	>>> V -2.17 -11.93
12.459	S 20358979 2.37 5.45 -1.37 -10.99 TRACK
12.476	>>> V -2.39 -12.00
12.477	S 20358999 2.37 5.19 -1.37 -10.99 TRACK
12.496	>>> V -2.39 -12.00
12.498	S 20359019 2.37 4.92 -1.37 -10.99 TRACK
12.517	>>> V -2.49 -11.97
12.518	S 20359039 2.29 4.66 -1.37 -10.99 TRACK
12.537	>>> V -2.49 -11.97
12.538	S 20359059 2.20 4.39 -1.37 -12.37 TRACK
12.556	>>> V -2.27 -11.54
12.556	S 20359079 2.20 4.13 -1.37 -12.37 TRACK
12.577	>>> V -2.27 -11.54
12.577	S 20359099 2.11 3.87 -2.75 -12.37 TRACK
12.596	>>> V -2.28 -11.25
12.597	S 20359119 2.02 3.69 -2.75 -12.37 TRACK
12.616	>>> V -2.25 -10.91
12.617	S 20359139 2.02 3.43 -2.75 -10.99 TRACK
12.635	>>> V -2.25 -10.91
12.636	S 20359159 1.93 3.16 -2.75 -10.99 TRACK
12.656	>>> V -2.06 -10.63
12.661	S 20359179 1.85 2.99 -2.75 -10.99 TRACK
12.676	>>> V -2.06 -10.63
12.676	S 20359199 1.85 2.81 -2.75 -10.99 TRACK
12.697	>>> V -1.91 -9.96
12.698	S 20359219 1.76 2.55 -1.37 -10.99 TRACK
12.716	>>> V -1.91 -9.96
12.716	S 20359239 1.76 2.37 -1.37 -9.62 TRACK
12.737	>>> V 0.00 -9.51
12.739	S 20359259 1.85 2.11 0.00 -9.62 TRACK
12.757	>>> V 0.00 -9.51
12.757	S 20359279 1.76 1.93 0.00 -9.62 TRACK
12.777	>>> V 0.00 -9.00
12.777	S 20359299 1.76 1.76 0.00 -9.62 TRACK
12.797	>>> V 0.00 -9.00
12.797	S 20359319 1.76 1.49 0.00 -9.62 TRACK
12.816	>>> V 0.00 -8.45
12.817	S 20359339 1.76 1.32 0.00 -9.62 TRACK
12.836	>>> V 0.00 -8.45
12.837	S 20359359 1.76 1.05 0.00 -9.62 TRACK
12.856	>>> V 0.00 -7.80
12.857	S 20359379 1.76 0.88 0.00 -9.62 TRACK
12.881	>>> V 0.00 -7.80
12.882	S 20359399 1.76 0.62 0.00 -9.62 TRACK
12.896	>>> V 0.00 -7.48
12.896	S 20359419 1.76 0.44 0.00 -9.62 TRACK
12.916	>>> V 0.00 -7.48
12.918	S 20359439 1.76 0.26 0.00 -8.24 TRACK
12.938	>>> V 0.00 -7.32
12.939	S 20359459 1.76 0.18 0.00 -8.24 TRACK
12.956	>>> V 0.00 -6.98
12.957	S 20359479 1.76 0.00 0.00 -8.24 TRACK
12.976	>>> V 0.00 -6.98
12.976	S 20359499 1.76 -0.18 0.00 -6.87 TRACK
12.997	>>> V 0.00 -7.00
12.998	S 20359519 1.76 -0.26 0.00 -6.87 TRACK
13.016	>>> V 0.00 -7.00
13.018	S 20359539 1.76 -0.35 0.00 -5.50 TRACK
13.037	>>> V 0.00 -6.82
13.037	S 20359559 1.76 -0.53 0.00 -5.50 TRACK
13.056	>>> V 0.00 -6.82
13.056	S 20359579 1.76 -0.70 0.00 -5.50 TRACK
13.080	>>> V 0.00 -6.82
13.080	S 20359599 1.76 -0.79 0.00 -5.50 TRACK
13.097	>>> V 0.00 -6.87
13.098	S 20359619 1.76 -0.88 0.00 -5.50 TRACK
13.116	>>> V 0.00 -7.36
13.116	S 20359639 1.76 -1.05 0.00 -5.50 TRACK
13.136	>>> V 0.00 -7.36
13.139	S 20359659 1.76 -1.23 0.00 -5.50 TRACK
13.157	>>> V 0.00 -7.96
13.157	S 20359679 1.76 -1.41 0.00 -6.87 TRACK
13.176	>>> V 0.00 -7.96
13.177	S 20359699 1.76 -1.49 0.00 -6.87 TRACK
13.198	>>> V 1.85 -8.65
13.198	S 20359719 1.76 -1.67 0.00 -6.87 TRACK
13.216	>>> V 1.84 -9.20
13.216	S 20359739 1.76 -1.85 0.00 -6.87 TRACK
13.236	>>> V 1.84 -9.20
13.236	S 20359759 1.76 -2.02 0.00 -6.87 TRACK
13.256	>>> V 1.84 -9.20
13.257	S 20359779 1.76 -2.20 0.00 -8.24 TRACK
13.276	>>> V 0.00 -9.48
13.276	S 20359799 1.76 -2.37 0.00 -8.24 TRACK
13.297	>>> V 0.00 -9.27
13.297	S 20359819 1.76 -2.64 0.00 -8.24 TRACK
13.315	>>> V 0.00 -9.27
13.316	S 20359839 1.76 -2.72 0.00 -8.24 TRACK
13.337	>>> V 0.00 -9.24
13.338	S 20359859 1.76 -2.99 0.00 -8.24 TRACK
13.356	>>> V 0.00 -9.24
13.356	S 20359879 1.76 -3.16 0.00 -8.24 TRACK
13.376	>>> V 0.00 -9.11
13.377	S 20359899 1.76 -3.34 0.00 -8.24 TRACK
13.396	>>> V 0.00 -9.11
13.397	S 20359919 1.76 -3.52 0.00 -8.24 TRACK
13.417	>>> V 0.00 -8.74
13.417	S 20359939 1.76 -3.78 0.00 -8.24 TRACK
13.436	>>> V 0.00 -8.74
13.437	S 20359959 1.76 -3.96 0.00 -9.62 TRACK
13.455	>>> V 0.00 -6.96
13.458	S 20359979 1.76 -4.13 0.00 -9.62 TRACK
13.476	>>> V 0.00 -6.96
13.477	S 20359999 1.76 -4.31 0.00 -9.62 TRACK
13.496	>>> V 0.00 -5.43
13.496	S 20360019 1.76 -4.48 0.00 -8.24 TRACK
13.516	>>> V 0.00 -3.64
13.518	S 20360039 1.76 -4.57 0.00 -8.24 TRACK
13.536	>>> V 0.00 -3.64
13.536	S 20360059 1.76 -4.75 0.00 -6.87 TRACK
13.558	>>> V 0.00 0.00
13.559	S 20360079 1.76 -4.92 0.00 -6.87 TRACK
13.576	>>> V 0.00 0.00
13.576	S 20360099 1.76 -5.01 0.00 -5.50 TRACK
13.596	>>> V -2.32 0.00
13.597	S 20360119 1.76 -5.10 0.00 -5.50 TRACK
13.616	>>> V -2.32 0.00
13.616	S 20360139 1.76 -5.10 0.00 -4.12 TRACK
13.636	>>> V -3.00 3.93
13.637	S 20360159 1.76 -5.10 0.00 -2.75 TRACK
13.656	>>> V -3.00 3.93
13.657	S 20360179 1.76 -5.10 0.00 0.00 TRACK
13.677	>>> V -3.74 6.75
13.678	S 20360199 1.67 -5.10 0.00 0.00 TRACK
13.697	>>> V -4.74 9.65
13.698	S 20360219 1.58 -5.10 -1.37 0.00 TRACK
13.716	>>> V -4.74 9.65
13.719	S 20360239 1.49 -5.10 -1.37 0.00 TRACK
13.737	>>> V -5.69 12.36
13.738	S 20360259 1.41 -5.01 -4.12 0.00 TRACK
13.756	>>> V -5.69 12.36
13.758	S 20360279 1.32 -4.75 -4.12 1.37 TRACK
13.778	>>> V -7.60 18.08
13.778	S 20360299 1.14 -4.57 -4.12 4.12 TRACK
13.796	>>> V -7.60 18.08
13.796	S 20360319 1.05 -4.39 -4.12 6.87 TRACK
13.816	>>> V -7.60 18.08
13.816	S 20360339 0.97 -4.13 -4.12 8.24 TRACK
13.837	>>> V -8.54 20.41
13.840	S 20360359 0.88 -3.87 -4.12 9.62 TRACK
13.857	>>> V -9.54 22.34
13.857	S 20360379 0.70 -3.52 -4.12 10.99 TRACK
13.875	>>> V -9.54 22.34
13.877	S 20360399 0.62 -3.16 -5.50 12.37 TRACK
13.897	>>> V -10.41 24.18
13.898	S 20360419 0.44 -2.81 -5.50 13.74 TRACK
13.918	>>> V -11.07 25.86
13.921	S 20360439 0.26 -2.46 -6.87 16.49 TRACK
13.935	>>> V -11.07 25.86
13.937	S 20360459 0.09 -2.02 -8.24 17.86 TRACK
13.956	>>> V -11.50 27.34
13.956	S 20360479 -0.18 -1.58 -8.24 19.24 TRACK
13.975	>>> V -11.50 27.34
13.976	S 20360499 -0.44 -1.05 -9.62 20.61 TRACK
13.996	>>> V -11.84 28.62
13.997	S 20360519 -0.62 -0.53 -9.62 21.98 TRACK
14.019	>>> V -11.84 28.62
14.021	S 20360539 -0.79 0.00 -9.62 23.36 TRACK
14.037	>>> V -12.13 29.76
14.037	S 20360559 -1.05 0.53 -9.62 24.73 TRACK
14.056	>>> V -12.13 29.76
14.057	S 20360579 -1.23 1.14 -9.62 26.11 TRACK
14.076	>>> V -12.13 29.76
14.076	S 20360599 -1.41 1.76 -9.62 26.11 TRACK
14.096	>>> V -12.41 30.05
14.099	S 20360619 -1.67 2.37 -9.62 27.48 TRACK
14.116	>>> V -12.52 29.71
14.117	S 20360639 -1.93 2.99 -10.99 27.48 TRACK
14.137	>>> V -12.52 29.71
14.138	S 20360659 -2.20 3.52 -10.99 28.85 TRACK
14.156	>>> V -12.52 28.03
14.156	S 20360679 -2.46 4.13 -10.99 28.85 TRACK
14.176	>>> V -12.52 28.03
14.176	S 20360699 -2.64 4.75 -12.37 28.85 TRACK
14.199	>>> V -12.28 26.63
14.199	S 20360719 -2.90 5.36 -10.99 28.85 TRACK
14.216	>>> V -12.08 25.21
14.216	S 20360739 -3.16 5.89 -10.99 28.85 TRACK
14.237	>>> V -12.08 25.21
14.237	S 20360759 -3.43 6.42 -10.99 28.85 TRACK
14.256	>>> V -11.73 23.57
14.257	S 20360779 -3.69 7.03 -10.99 27.48 TRACK
14.278	>>> V -11.73 23.57
14.278	S 20360799 -3.87 7.56 -10.99 27.48 TRACK
14.297	>>> V -11.38 21.85
14.297	S 20360819 -4.13 8.17 -10.99 27.48 TRACK
14.317	>>> V -11.38 21.85
14.317	S 20360839 -4.39 8.79 -10.99 28.85 TRACK
14.336	>>> V -10.95 20.13
14.336	S 20360859 -4.66 9.32 -10.99 28.85 TRACK
14.356	>>> V -10.95 20.13
14.358	S 20360879 -4.92 9.49 -12.37 26.11 TRACK
14.377	>>> V -10.45 18.19
14.379	S 20360899 -5.10 9.84 -10.99 20.61 TRACK
14.397	>>> V -10.00 16.34
14.397	S 20360919 -5.36 10.37 -10.99 17.86 TRACK
14.417	>>> V -10.00 16.34
14.418	S 20360939 -5.54 10.90 -10.99 17.86 TRACK
14.436	>>> V -9.41 14.49
14.437	S 20360960 -5.71 11.25 -10.99 21.98 TRACK
14.458	>>> V -9.41 14.49
14.459	S 20360980 -5.98 11.69 -9.62 21.98 TRACK
14.476	>>> V -8.88 12.10
14.478	S 20361000 -6.24 12.04 -9.62 20.61 TRACK
14.497	>>> V -8.27 9.00
14.497	S 20361020 -6.50 12.30 -9.62 17.86 TRACK
14.517	>>> V -8.27 9.00
14.517	S 20361040 -6.68 12.66 -9.62 16.49 TRACK
14.537	>>> V -7.69 6.52
14.538	S 20361060 -6.94 12.92 -9.62 15.11 TRACK
14.557	>>> V -7.69 6.52
14.558	S 20361080 -7.12 13.18 -9.62 13.74 TRACK
14.576	>>> V -7.02 6.13
14.576	S 20361100 -7.21 13.45 -9.62 13.74 TRACK
14.596	>>> V -7.02 6.13
14.616	>>> V -6.46 5.08
14.616	S 20361120 -7.38 13.54 -8.24 12.37 TRACK
14.619	S 20361140 -7.56 13.62 -8.24 9.62 TRACK
14.636	>>> V -6.46 5.08
14.637	S 20361160 -7.65 13.80 -6.87 8.24 TRACK
14.657	>>> V -5.71 3.55
14.658	S 20361180 -7.82 13.89 -6.87 5.50 TRACK
14.675	>>> V -3.49 0.00
14.677	S 20361200 -7.91 14.06 -5.50 5.50 TRACK
14.696	>>> V -2.30 0.00
14.697	S 20361220 -8.09 14.15 -5.50 5.50 TRACK
14.716	>>> V -2.30 0.00
14.718	S 20361240 -8.17 14.15 -5.50 4.12 TRACK
14.736	>>> V -1.84 0.00
14.736	S 20361260 -8.35 14.15 -5.50 2.75 TRACK
14.759	>>> V -1.84 0.00
14.759	S 20361280 -8.35 14.15 -5.50 1.37 TRACK
14.778	>>> V 0.00 0.00
14.779	S 20361300 -8.44 14.15 -4.12 0.00 TRACK
14.797	>>> V 0.00 0.00
14.798	S 20361320 -8.44 14.15 -2.75 0.00 TRACK
14.816	>>> V 0.00 0.00
14.816	S 20361340 -8.44 14.15 -1.37 0.00 TRACK
14.837	>>> V 0.00 0.00
14.840	S 20361360 -8.44 14.15 0.00 0.00 TRACK
14.861	>>> V 0.00 0.00
14.863	S 20361380 -8.44 14.15 0.00 0.00 TRACK
14.877	>>> V 0.00 0.00
14.877	S 20361400 -8.44 14.15 0.00 0.00 TRACK
14.903	>>> V 0.00 0.00
14.905	S 20361420 -8.44 14.15 0.00 0.00 TRACK
14.916	>>> V 0.00 0.00
14.916	S 20361440 -8.44 14.15 0.00 0.00 TRACK
14.937	>>> V 0.00 0.00
14.938	S 20361460 -8.44 14.15 0.00 0.00 TRACK
14.956	>>> V 0.00 0.00
14.958	S 20361480 -8.35 14.15 0.00 0.00 TRACK
14.975	>>> V 0.00 0.00
14.976	S 20361500 -8.35 14.15 0.00 0.00 TRACK
14.995	>>> V 0.00 0.00
14.996	S 20361520 -8.44 14.24 0.00 0.00 TRACK
15.018	>>> V 0.00 0.00
15.019	S 20361540 -8.44 14.15 0.00 0.00 TRACK
15.037	>>> V -1.99 0.00
15.037	S 20361560 -8.44 14.15 0.00 0.00 TRACK
15.058	>>> V -1.99 0.00
15.061	S 20361580 -8.35 14.24 0.00 0.00 TRACK
15.076	>>> V -2.68 0.00
15.080	S 20361600 -8.35 14.15 0.00 0.00 TRACK
15.098	>>> V -3.42 0.00
15.098	S 20361620 -8.44 14.15 0.00 0.00 TRACK
15.116	>>> V -3.42 0.00
15.117	S 20361640 -8.44 14.15 0.00 0.00 TRACK
15.137	>>> V -4.24 0.00
15.137	S 20361660 -8.53 14.15 0.00 0.00 TRACK
15.157	>>> V -4.24 0.00
15.158	S 20361680 -8.61 14.15 -1.37 0.00 TRACK
15.176	>>> V -5.31 0.00
15.176	S 20361700 -8.70 14.24 -2.75 0.00 TRACK
15.197	>>> V -5.31 0.00
15.197	S 20361720 -8.79 14.15 -4.12 0.00 TRACK
15.216	>>> V -6.45 0.00
15.216	S 20361740 -9.05 14.15 -4.12 0.00 TRACK
15.237	>>> V -6.45 0.00
15.237	S 20361760 -9.05 14.24 -4.12 0.00 TRACK
15.258	>>> V -7.63 0.00
15.259	S 20361780 -9.23 14.15 -4.12 0.00 TRACK
15.276	>>> V -8.78 0.00
15.278	S 20361800 -9.32 14.15 -4.12 0.00 TRACK
15.299	>>> V -8.78 0.00
15.300	S 20361820 -9.40 14.15 -4.12 0.00 TRACK
15.316	>>> V -10.02 0.00
15.317	S 20361840 -9.58 14.15 -5.50 0.00 TRACK
15.337	>>> V -10.02 0.00
15.337	S 20361860 -9.76 14.15 -5.50 0.00 TRACK
15.356	>>> V -11.35 0.00
15.356	S 20361880 -9.93 14.15 -5.50 0.00 TRACK
15.378	>>> V -11.35 0.00
15.379	S 20361900 -10.11 14.15 -6.87 0.00 TRACK
15.396	>>> V -12.74 -2.85
15.397	S 20361920 -10.28 14.24 -8.24 0.00 TRACK
15.417	>>> V -13.93 -3.34
15.418	S 20361940 -10.55 14.15 -8.24 0.00 TRACK
15.436	>>> V -13.93 -3.34
15.436	S 20361960 -10.72 14.15 -8.24 0.00 TRACK
15.456	>>> V -15.19 -3.49
15.456	S 20361980 -10.99 14.15 -9.62 0.00 TRACK
15.476	>>> V -15.19 -3.49
15.477	S 20362000 -11.25 14.15 -9.62 0.00 TRACK
15.496	>>> V -16.31 -3.61
15.496	S 20362020 -11.51 14.15 -10.99 0.00 TRACK
15.516	>>> V -17.25 -3.71
15.517	S 20362040 -11.78 14.06 -10.99 0.00 TRACK
15.536	>>> V -17.25 -3.71
15.538	S 20362060 -12.13 13.89 -12.37 -1.37 TRACK
15.556	>>> V -18.09 -4.01
15.556	S 20362080 -12.39 13.80 -13.74 -2.75 TRACK
15.577	>>> V -18.09 -4.01
15.577	S 20362100 -12.74 13.71 -13.74 -4.12 TRACK
15.596	>>> V -18.92 -4.37
15.615	>>> V -18.92 -4.37
15.616	S 20362120 -13.01 13.62 -15.11 -4.12 TRACK
15.620	S 20362140 -13.27 13.54 -15.11 -4.12 TRACK
15.636	>>> V -19.64 -4.88
15.636	S 20362160 -13.62 13.54 -15.11 -4.12 TRACK
15.657	>>> V -19.64 -4.88
15.658	S 20362180 -14.06 13.45 -16.49 -2.75 TRACK
15.676	>>> V -20.30 -5.44
15.678	S 20362200 -14.41 13.36 -16.49 -2.75 TRACK
15.697	>>> V -20.83 -5.83
15.698	S 20362220 -14.77 13.27 -17.86 -2.75 TRACK
15.717	>>> V -20.83 -5.83
15.717	S 20362240 -15.21 13.18 -17.86 -2.75 TRACK
15.737	>>> V -21.28 -6.11
15.738	S 20362260 -15.56 13.10 -17.86 -4.12 TRACK
15.756	>>> V -21.28 -6.11
15.757	S 20362280 -15.91 13.01 -17.86 -4.12 TRACK
15.778	>>> V -21.75 -6.53
15.781	S 20362300 -16.35 12.92 -17.86 -4.12 TRACK
15.796	>>> V -22.13 -6.81
15.796	S 20362320 -16.79 12.83 -19.24 -4.12 TRACK
15.817	>>> V -22.13 -6.81
15.817	S 20362340 -17.14 12.66 -19.24 -4.12 TRACK
15.836	>>> V -22.39 -6.92
15.836	S 20362360 -17.58 12.48 -19.24 -4.12 TRACK
15.857	>>> V -22.65 -6.98
15.857	S 20362380 -18.02 12.30 -19.24 -5.50 TRACK
15.880	>>> V -22.65 -6.98
15.880	S 20362400 -18.46 12.22 -20.61 -6.87 TRACK
15.896	>>> V -22.74 -6.92
15.897	S 20362420 -18.90 12.04 -20.61 -6.87 TRACK
15.921	>>> V -22.74 -6.92
15.922	S 20362440 -19.34 11.87 -20.61 -6.87 TRACK
15.937	>>> V -22.81 -6.91
15.940	S 20362460 -19.78 11.78 -20.61 -6.87 TRACK
15.958	>>> V -22.81 -6.91
15.962	S 20362480 -20.21 11.69 -21.98 -6.87 TRACK
15.979	>>> V -22.70 -6.65
15.981	S 20362500 -20.65 11.51 -21.98 -6.87 TRACK
16.005	>>> V -22.70 -6.65
16.005	S 20362520 -21.09 11.34 -21.98 -5.50 TRACK
16.016	>>> V -22.45 -5.87
16.018	S 20362540 -21.53 11.25 -21.98 -5.50 TRACK
16.041	>>> V -22.45 -5.87
16.042	S 20362560 -22.06 11.07 -21.98 -5.50 TRACK
16.057	>>> V -22.25 -5.42
16.060	S 20362580 -22.59 10.99 -23.36 -5.50 TRACK
16.083	>>> V -22.25 -5.42
16.085	S 20362600 -23.03 10.81 -23.36 -5.50 TRACK
16.096	>>> V -22.08 -5.11
16.097	S 20362620 -23.47 10.72 -23.36 -5.50 TRACK
16.120	>>> V -22.08 -5.11
16.121	S 20362640 -23.91 10.72 -21.98 -5.50 TRACK
16.137	>>> V -21.97 -4.34
16.138	S 20362660 -24.35 10.55 -21.98 -5.50 TRACK
16.158	>>> V -22.09 -4.46
16.158	S 20362680 -24.79 10.46 -21.98 -5.50 TRACK
16.176	>>> V -22.09 -4.46
16.176	S 20362700 -25.22 10.37 -21.98 -4.12 TRACK
16.199	>>> V -22.01 -3.47
16.199	S 20362720 -25.66 10.28 -21.98 -4.12 TRACK
16.217	>>> V -22.01 -3.47
16.218	S 20362740 -26.10 10.11 -20.61 -4.12 TRACK
16.238	>>> V -22.32 -3.64
16.239	S 20362760 -26.46 10.02 -20.61 -4.12 TRACK
16.257	>>> V -22.32 -3.64
16.258	S 20362780 -26.98 9.93 -20.61 -4.12 TRACK
16.277	>>> V -22.64 -3.29
16.277	S 20362800 -27.42 9.84 -20.61 -4.12 TRACK
16.297	>>> V -22.64 -3.29
16.298	S 20362820 -27.77 9.76 -20.61 -4.12 TRACK
16.317	>>> V -22.64 -3.29
16.318	S 20362840 -28.21 9.67 -20.61 -4.12 TRACK
16.337	>>> V -23.17 -2.93
16.342	S 20362860 -28.65 9.58 -20.61 -4.12 TRACK
16.358	>>> V -23.78 0.00
16.359	S 20362880 -29.09 9.49 -20.61 -4.12 TRACK
16.376	>>> V -23.78 0.00
16.378	S 20362900 -29.53 9.49 -20.61 -4.12 TRACK
16.395	>>> V -24.16 0.00
16.396	S 20362920 -30.06 9.49 -20.61 -2.75 TRACK
16.416	>>> V -24.48 0.00
16.416	S 20362940 -30.41 9.49 -21.98 0.00 TRACK
16.435	>>> V -24.48 0.00
16.436	S 20362960 -30.85 9.49 -21.98 0.00 TRACK
16.456	>>> V -24.48 0.00
16.457	S 20362980 -31.38 9.49 -23.36 0.00 TRACK
16.476	>>> V -24.82 0.00
16.476	S 20363000 -31.90 9.49 -23.36 0.00 TRACK
16.496	>>> V -24.73 -2.95
16.496	S 20363020 -32.34 9.49 -23.36 0.00 TRACK
16.515	>>> V -24.50 -3.49
16.516	S 20363040 -32.78 9.49 -23.36 0.00 TRACK
16.536	>>> V -24.26 -4.11
16.537	S 20363060 -33.31 9.49 -23.36 0.00 TRACK
16.556	>>> V -24.26 -4.11
16.556	S 20363080 -33.75 9.40 -23.36 0.00 TRACK
16.575	>>> V -23.80 -4.67
16.576	S 20363100 -34.28 9.32 -23.36 -1.37 TRACK
16.596	>>> V -23.80 -4.67
16.596	S 20363120 -34.72 9.23 -23.36 -2.75 TRACK
16.616	>>> V -23.38 -5.74
16.618	S 20363140 -35.24 9.14 -23.36 -2.75 TRACK
16.636	>>> V -23.38 -5.74
16.637	S 20363160 -35.68 9.05 -23.36 -2.75 TRACK
16.656	>>> V -22.94 -6.66
16.657	S 20363180 -36.12 8.88 -23.36 -4.12 TRACK
16.677	>>> V -22.94 -6.66
16.681	S 20363200 -36.56 8.79 -23.36 -4.12 TRACK
16.696	>>> V -22.45 -7.53
16.697	S 20363220 -37.00 8.70 -23.36 -4.12 TRACK
16.727	>>> V -22.45 -7.53
16.727	S 20363240 -37.53 8.61 -23.36 -4.12 TRACK
16.736	>>> V -21.89 -8.24
16.737	S 20363260 -37.97 8.53 -23.36 -4.12 TRACK
16.760	>>> V -21.89 -8.24
16.761	S 20363280 -38.50 8.44 -23.36 -4.12 TRACK
16.777	>>> V -21.29 -8.92
16.777	S 20363300 -38.94 8.26 -23.36 -4.12 TRACK
16.797	>>> V -20.31 -9.99
16.797	S 20363320 -39.38 8.09 -23.36 -5.50 TRACK
16.820	>>> V -20.31 -9.99
16.820	S 20363340 -39.81 7.91 -21.98 -6.87 TRACK
16.838	>>> V -19.48 -10.78
16.838	S 20363360 -40.25 7.73 -21.98 -6.87 TRACK
16.856	>>> V -19.48 -10.78
16.857	S 20363380 -40.69 7.56 -21.98 -8.24 TRACK
16.879	>>> V -18.38 -11.70
16.880	S 20363400 -41.13 7.38 -20.61 -8.24 TRACK
16.895	>>> V -18.38 -11.70
16.896	S 20363420 -41.48 7.12 -20.61 -8.24 TRACK
16.917	>>> V -17.08 -12.60
16.917	S 20363440 -41.92 6.94 -20.61 -8.24 TRACK
16.936	>>> V -17.08 -12.60
16.938	S 20363460 -42.28 6.68 -19.24 -9.62 TRACK
16.957	>>> V -15.82 -13.19
16.957	S 20363480 -42.63 6.50 -19.24 -9.62 TRACK
16.976	>>> V -15.82 -13.19
16.977	S 20363500 -42.98 6.24 -17.86 -9.62 TRACK
16.996	>>> V -14.49 -13.38
16.997	S 20363520 -43.33 5.98 -17.86 -10.99 TRACK
17.015	>>> V -14.49 -13.38
17.016	S 20363540 -43.59 5.71 -16.49 -10.99 TRACK
17.037	>>> V -13.19 -13.66
17.038	S 20363560 -44.03 5.45 -16.49 -12.37 TRACK
17.056	>>> V -13.19 -13.66
17.058	S 20363580 -44.30 5.19 -16.49 -12.37 TRACK
17.076	>>> V -12.10 -13.69
17.076	S 20363600 -44.56 4.92 -15.11 -12.37 TRACK
17.095	>>> V -12.10 -13.69
17.096	S 20363620 -44.91 4.66 -15.11 -12.37 TRACK
17.116	>>> V -11.04 -13.55
17.116	S 20363640 -45.18 4.31 -15.11 -13.74 TRACK
17.135	>>> V -11.04 -13.55
17.138	S 20363660 -45.44 4.04 -15.11 -13.74 TRACK
17.159	>>> V -9.91 -13.55
17.161	S 20363680 -45.70 3.78 -13.74 -13.74 TRACK
17.175	>>> V -9.91 -13.55
17.176	S 20363700 -45.97 3.52 -13.74 -13.74 TRACK
17.196	>>> V -9.91 -13.55
17.196	S 20363720 -46.23 3.25 -12.37 -13.74 TRACK
17.215	>>> V -8.74 -13.25
17.218	S 20363740 -46.41 2.99 -10.99 -13.74 TRACK
17.238	>>> V -7.59 -12.67
17.238	S 20363760 -46.67 2.72 -10.99 -13.74 TRACK
17.256	>>> V -7.59 -12.67
17.257	S 20363780 -46.76 2.37 -9.62 -13.74 TRACK
17.277	>>> V -7.59 -12.67
17.277	S 20363800 -46.93 2.11 -9.62 -13.74 TRACK
17.296	>>> V -6.44 -12.46
17.296	S 20363820 -47.11 1.85 -9.62 -13.74 TRACK
17.316	>>> V -5.31 -12.00
17.316	S 20363840 -47.29 1.58 -9.62 -12.37 TRACK
17.336	>>> V -5.31 -12.00
17.337	S 20363860 -47.46 1.32 -8.24 -12.37 TRACK
17.356	>>> V -5.31 -12.00
17.357	S 20363880 -47.55 1.14 -8.24 -12.37 TRACK
17.375	>>> V -2.89 -10.75
17.376	S 20363900 -47.64 0.88 -6.87 -12.37 TRACK
17.397	>>> V -2.89 -10.75
17.397	S 20363920 -47.72 0.62 -5.50 -12.37 TRACK
17.422	>>> V 0.00 -9.64
17.434	S 20363940 -47.81 0.35 -5.50 -10.99 TRACK
17.441	>>> V 0.00 -9.64
17.442	S 20363960 -47.90 0.09 -4.12 -10.99 TRACK
17.456	>>> V 0.00 -8.53
17.456	S 20363980 -47.99 -0.18 -4.12 -10.99 TRACK
17.478	>>> V 0.00 -8.53
17.481	S 20364000 -47.99 -0.35 -4.12 -10.99 TRACK
17.497	>>> V 0.00 -8.53
17.498	S 20364020 -47.99 -0.53 -2.75 -10.99 TRACK
17.523	>>> V 0.00 -7.00
17.526	S 20364040 -47.99 -0.79 -1.37 -10.99 TRACK
17.538	>>> V 0.00 -5.41
17.539	S 20364060 -47.99 -0.97 0.00 -9.62 TRACK
17.557	>>> V 0.00 -5.41
17.559	S 20364080 -48.08 -1.14 0.00 -9.62 TRACK
17.579	>>> V 3.22 0.00
17.580	S 20364100 -47.99 -1.23 0.00 -8.24 TRACK
17.602	>>> V 3.98 0.00
17.602	S 20364120 -47.99 -1.41 0.00 -8.24 TRACK
17.616	>>> V 3.98 0.00
17.617	S 20364140 -47.99 -1.49 0.00 -6.87 TRACK
17.637	>>> V 4.67 0.00
17.638	S 20364160 -47.99 -1.58 0.00 -5.50 TRACK
17.656	>>> V 4.67 0.00
17.656	S 20364180 -47.99 -1.58 0.00 -4.12 TRACK
17.677	>>> V 5.37 4.29
17.678	S 20364200 -47.99 -1.58 0.00 -2.75 TRACK
17.696	>>> V 5.37 4.29
17.697	S 20364220 -47.90 -1.58 0.00 -1.37 TRACK
17.717	>>> V 6.01 6.31
17.719	S 20364240 -47.72 -1.58 1.37 0.00 TRACK
17.743	>>> V 6.01 6.31
17.744	S 20364260 -47.64 -1.49 2.75 0.00 TRACK
17.756	>>> V 6.57 7.92
17.756	S 20364280 -47.46 -1.49 4.12 0.00 TRACK
17.777	>>> V 6.57 7.92
17.779	S 20364300 -47.37 -1.41 5.50 1.37 TRACK
17.797	>>> V 7.26 9.84
17.799	S 20364320 -47.29 -1.23 5.50 2.75 TRACK
17.817	>>> V 7.26 9.84
17.817	S 20364340 -47.11 -1.14 5.50 4.12 TRACK
17.835	>>> V 8.02 11.40
17.836	S 20364360 -46.93 -1.05 5.50 4.12 TRACK
17.856	>>> V 9.57 14.99
17.856	S 20364380 -46.93 -0.88 5.50 4.12 TRACK
17.876	>>> V 9.57 14.99
17.876	S 20364400 -46.76 -0.70 5.50 5.50 TRACK
17.896	>>> V 9.57 14.99
17.897	S 20364420 -46.67 -0.44 5.50 6.87 TRACK
17.916	>>> V 10.19 16.03
17.917	S 20364440 -46.58 -0.18 5.50 9.62 TRACK
17.936	>>> V 10.19 16.03
17.936	S 20364460 -46.32 0.09 5.50 10.99 TRACK
17.958	>>> V 10.54 17.52
17.958	S 20364480 -46.14 0.35 6.87 12.37 TRACK
17.976	>>> V 10.54 17.52
17.977	S 20364500 -45.97 0.62 8.24 12.37 TRACK
17.996	>>> V 10.95 19.09
17.997	S 20364520 -45.79 1.05 8.24 12.37 TRACK
18.016	>>> V 11.38 20.31
18.017	S 20364540 -45.53 1.41 9.62 13.74 TRACK
18.037	>>> V 12.46 22.68
18.040	S 20364560 -45.26 1.76 9.62 15.11 TRACK
18.063	>>> V 13.30 23.63
18.063	S 20364580 -45.09 2.11 9.62 16.49 TRACK
18.082	>>> V 14.02 24.64
18.083	S 20364600 -44.82 2.55 10.99 17.86 TRACK
18.096	>>> V 14.65 24.89
18.097	S 20364620 -44.65 2.99 9.62 17.86 TRACK
18.116	>>> V 15.24 24.41
18.116	S 20364640 -44.38 3.43 10.99 19.24 TRACK
18.139	>>> V 15.89 24.07
18.140	S 20364660 -44.21 3.87 10.99 20.61 TRACK
18.156	>>> V 15.89 24.07
18.157	S 20364680 -43.86 4.31 10.99 21.98 TRACK
18.177	>>> V 0.00 0.00
18.178	S 20364700 -43.59 4.83 10.99 21.98 TRACK
18.196	>>> V 0.00 0.00
18.196	S 20364720 -43.33 5.36 12.37 23.36 TRACK
18.216	>>> V 0.00 0.00
18.217	S 20364740 -42.98 5.80 13.74 23.36 TRACK
18.236	>>> V 0.00 0.00
18.237	S 20364760 -42.80 6.15 13.74 21.98 TRACK
18.256	>>> V 0.00 0.00
18.258	S 20364780 -42.71 6.33 12.37 20.61 TRACK
18.276	>>> V 0.00 0.00
18.276	S 20364800 -42.71 6.50 8.24 16.49 TRACK
18.296	>>> V 0.00 0.00
18.296	S 20364820 -42.63 6.86 5.50 13.74 TRACK
18.316	>>> V 0.00 0.00
18.316	S 20364840 -42.63 6.94 1.37 10.99 TRACK
18.336	>>> V 0.00 0.00
18.336	S 20364860 -42.71 6.94 0.00 8.24 TRACK
18.356	>>> V 0.00 0.00
18.357	S 20364880 -42.63 6.86 0.00 5.50 TRACK
18.377	>>> V 0.00 0.00
18.377	S 20364900 -42.71 6.77 0.00 0.00 TRACK
18.397	>>> V 0.00 0.00
18.397	S 20364920 -42.71 6.77 0.00 -1.37 TRACK
18.415	>>> V 0.00 0.00
18.418	S 20364940 -42.63 6.77 0.00 -1.37 TRACK
18.437	>>> V 0.00 0.00
18.438	S 20364960 -42.71 6.77 0.00 0.00 TRACK
18.456	>>> V 0.00 0.00
18.457	S 20364980 -42.71 6.77 0.00 0.00 TRACK
18.477	>>> V 0.00 0.00
18.477	S 20365000 -42.71 6.77 0.00 0.00 TRACK
18.497	>>> V 0.00 0.00
18.497	S 20365020 -42.63 6.77 0.00 0.00 TRACK
18.517	>>> V 0.00 0.00
18.517	S 20365040 -42.71 6.77 0.00 0.00 TRACK
18.535	>>> V 0.00 0.00
18.536	S 20365060 -42.71 6.77 0.00 0.00 TRACK
18.557	>>> V 0.00 0.00
18.558	S 20365080 -42.71 6.77 0.00 0.00 TRACK
18.576	>>> V 0.00 0.00
18.577	S 20365100 -42.71 6.77 0.00 0.00 TRACK
18.599	>>> V 0.00 0.00
18.600	S 20365120 -42.71 6.77 0.00 0.00 TRACK
18.618	>>> V 0.00 0.00
18.618	S 20365140 -42.71 6.77 0.00 0.00 TRACK
18.637	>>> V 0.00 0.00
18.639	S 20365160 -42.71 6.86 0.00 0.00 TRACK
18.656	>>> V 0.00 0.00
18.657	S 20365180 -42.71 6.77 0.00 0.00 TRACK
18.678	>>> V 0.00 0.00
18.680	S 20365200 -42.71 6.77 0.00 0.00 TRACK
18.696	>>> V 0.00 0.00
18.698	S 20365220 -42.71 6.77 0.00 0.00 TRACK
18.718	>>> V 0.00 0.00
18.719	S 20365240 -42.71 6.77 0.00 0.00 TRACK
18.736	>>> V 0.00 0.00
18.736	S 20365260 -42.71 6.86 0.00 0.00 TRACK
18.756	>>> V 0.00 0.00
18.757	S 20365280 -42.71 6.77 0.00 0.00 TRACK
18.776	>>> V 0.00 0.00
18.776	S 20365300 -42.71 6.77 0.00 0.00 TRACK
18.798	>>> V 44.34 19.38
18.799	S 20365320 -42.71 6.86 0.00 0.00 TRACK
18.819	>>> V 44.34 19.38
18.819	S 20365340 -42.71 6.77 0.00 0.00 TRACK
18.837	>>> V 46.10 19.63
18.838	S 20365360 -42.63 6.86 0.00 0.00 TRACK
18.856	>>> V 48.02 19.75
18.858	S 20365380 -42.45 6.86 1.37 0.00 TRACK
18.875	>>> V 52.08 19.74
18.876	S 20365400 -42.19 6.86 4.12 0.00 TRACK
18.895	>>> V 53.95 20.14
18.916	>>> V 0.00 0.00
18.916	S 20365420 -41.66 7.21 9.62 2.75 TRACK
18.919	S 20365440 -41.04 7.56 16.49 6.87 TRACK
18.937	>>> V 0.00 0.00
18.937	S 20365460 -40.17 8.00 23.36 10.99 TRACK
18.956	>>> V 0.00 0.00
18.959	S 20365480 -39.29 8.44 31.60 16.49 TRACK
18.976	>>> V 0.00 0.00
18.977	S 20365500 -38.41 8.70 38.47 17.86 TRACK
18.997	>>> V 0.00 0.00
18.997	S 20365520 -37.71 8.88 41.22 16.49 TRACK
19.016	>>> V 0.00 0.00
19.017	S 20365540 -37.09 8.96 39.85 13.74 TRACK
19.036	>>> V 0.00 0.00
19.037	S 20365560 -36.74 9.05 34.35 8.24 TRACK
19.056	>>> V 0.00 0.00
19.057	S 20365580 -36.56 9.05 26.11 5.50 TRACK
19.076	>>> V 0.00 0.00
19.080	S 20365600 -36.39 9.05 19.24 2.75 TRACK
19.095	>>> V 0.00 0.00
19.096	S 20365620 -36.39 9.05 12.37 1.37 TRACK
19.116	>>> V 0.00 0.00
19.117	S 20365640 -36.39 9.14 6.87 0.00 TRACK
19.135	>>> V 0.00 0.00
19.158	>>> V 53.08 13.99
19.160	S 20365660 -36.39 9.14 2.75 0.00 TRACK
19.163	S 20365680 -36.39 9.14 0.00 0.00 TRACK
19.178	>>> V 53.08 13.99
19.180	S 20365700 -36.39 9.05 0.00 0.00 TRACK
19.197	>>> V 53.10 13.98
19.197	S 20365720 -36.30 9.05 0.00 0.00 TRACK
19.216	>>> V 53.10 13.98
19.216	S 20365740 -36.12 9.14 1.37 0.00 TRACK
19.237	>>> V 53.60 14.23
19.238	S 20365760 -35.86 9.32 4.12 1.37 TRACK
19.255	>>> V 53.60 14.23
19.279	>>> V 54.23 14.32
19.280	S 20365780 -35.42 9.67 8.24 5.50 TRACK
19.285	S 20365800 -34.80 9.93 15.11 8.24 TRACK
19.300	>>> V 54.23 14.32
19.302	S 20365820 -34.01 10.20 23.36 10.99 TRACK
19.324	>>> V 54.45 14.64
19.326	S 20365840 -33.05 10.46 31.60 12.37 TRACK
19.336	>>> V 54.45 14.64
19.337	S 20365860 -32.08 10.81 38.47 12.37 TRACK
19.356	>>> V 54.61 14.92
19.356	S 20365880 -31.03 10.99 43.97 13.74 TRACK
19.376	>>> V 54.61 14.92
19.376	S 20365900 -30.06 11.34 48.09 13.74 TRACK
19.396	>>> V 54.51 14.49
19.397	S 20365920 -29.00 11.60 50.84 13.74 TRACK
19.416	>>> V 54.51 14.49
19.417	S 20365940 -27.95 11.95 52.21 13.74 TRACK
19.437	>>> V 53.36 13.35
19.437	S 20365960 -26.98 12.22 52.21 13.74 TRACK
19.457	>>> V 53.36 13.35
19.458	S 20365980 -25.75 12.48 52.21 13.74 TRACK
19.476	>>> V 51.07 12.17
19.497	>>> V 48.16 10.67
19.498	S 20366000 -24.79 12.83 52.21 15.11 TRACK
19.499	S 20366020 -23.73 13.18 52.21 15.11 TRACK
19.516	>>> V 48.16 10.67
19.517	S 20366040 -22.68 13.54 52.21 16.49 TRACK
19.538	>>> V 44.83 8.95
19.538	S 20366060 -21.71 13.80 50.84 16.49 TRACK
19.556	>>> V 44.83 8.95
19.558	S 20366080 -20.74 14.06 49.46 15.11 TRACK
19.576	>>> V 41.18 7.32
19.576	S 20366100 -19.69 14.15 49.46 12.37 TRACK
19.596	>>> V 41.18 7.32
19.597	S 20366120 -18.72 14.33 49.46 10.99 TRACK
19.616	>>> V 37.11 5.72
19.616	S 20366140 -17.75 14.50 49.46 8.24 TRACK
19.637	>>> V 37.11 5.72
19.638	S 20366160 -16.87 14.68 48.09 8.24 TRACK
19.657	>>> V 32.51 3.59
19.661	S 20366180 -16.00 14.77 46.72 6.87 TRACK
19.677	>>> V 27.05 0.00
19.677	S 20366200 -15.21 14.85 43.97 5.50 TRACK
19.696	>>> V 27.05 0.00
19.699	S 20366220 -14.41 15.03 42.59 5.50 TRACK
19.715	>>> V 21.61 0.00
19.718	S 20366240 -13.71 15.03 39.85 4.12 TRACK
19.735	>>> V 21.61 0.00
19.756	>>> V 16.02 0.00
19.757	S 20366260 -13.10 15.03 37.10 2.75 TRACK
19.758	S 20366280 -12.57 15.03 35.72 2.75 TRACK
19.777	>>> V 16.02 0.00
19.778	S 20366300 -11.95 15.03 31.60 0.00 TRACK
19.796	>>> V 10.44 0.00
19.798	S 20366320 -11.51 15.03 28.85 0.00 TRACK
19.817	>>> V 10.44 0.00
19.818	S 20366340 -11.16 15.12 26.11 0.00 TRACK
19.836	>>> V 5.69 0.00
19.837	S 20366360 -10.72 15.12 23.36 0.00 TRACK
19.858	>>> V 5.69 0.00
19.861	S 20366380 -10.37 15.12 20.61 0.00 TRACK
19.877	>>> V 2.10 0.00
19.878	S 20366400 -10.20 15.03 17.86 0.00 TRACK
19.896	>>> V 0.00 0.00
19.898	S 20366420 -9.93 15.12 15.11 0.00 TRACK
19.917	>>> V 0.00 0.00
19.919	S 20366440 -9.84 15.12 12.37 0.00 TRACK
19.936	>>> V -2.46 0.00
19.937	S 20366460 -9.67 15.12 9.62 0.00 TRACK
19.957	>>> V -2.46 0.00
19.957	S 20366480 -9.76 15.12 6.87 0.00 TRACK
19.976	>>> V -3.65 0.00
19.978	S 20366500 -9.76 15.12 4.12 0.00 TRACK
19.996	>>> V -4.26 0.00
19.996	S 20366520 -9.67 15.12 1.37 0.00 TRACK
20.018	>>> V -4.26 0.00
20.019	S 20366540 -9.76 15.12 0.00 0.00 TRACK
20.036	>>> V -4.61 0.00
20.036	S 20366560 -9.93 15.12 -1.37 0.00 TRACK
20.056	>>> V -4.61 0.00
20.057	S 20366580 -10.02 15.12 -2.75 0.00 TRACK
20.076	>>> V -4.36 0.00
20.077	S 20366600 -10.11 15.21 -4.12 0.00 TRACK
20.096	>>> V -4.36 0.00
20.097	S 20366620 -10.11 15.12 -4.12 0.00 TRACK
20.116	>>> V -3.84 0.00
20.117	S 20366640 -10.11 15.12 -2.75 0.00 TRACK
20.140	>>> V -3.84 0.00
20.140	S 20366660 -10.28 15.12 -2.75 0.00 TRACK
20.159	>>> V -3.11 0.00
20.160	S 20366680 -10.37 15.12 -2.75 0.00 TRACK
20.178	>>> V -3.11 0.00
20.179	S 20366700 -10.46 15.12 -4.12 0.00 TRACK
20.196	>>> V -2.25 0.00
20.197	S 20366720 -10.55 15.12 -4.12 0.00 TRACK
20.217	>>> V 0.00 0.00
20.217	S 20366740 -10.63 15.12 -4.12 0.00 TRACK
20.236	>>> V 0.00 0.00
20.237	S 20366760 -10.63 15.12 -2.75 0.00 TRACK
20.255	>>> V 0.00 0.00
20.256	S 20366780 -10.63 15.21 -1.37 0.00 TRACK
20.276	>>> V 0.00 0.00
20.278	S 20366800 -10.63 15.12 0.00 0.00 TRACK
20.296	>>> V 0.00 0.00
20.297	S 20366820 -10.63 15.12 0.00 0.00 TRACK
20.318	>>> V 0.00 0.00
20.321	S 20366840 -10.63 15.12 0.00 0.00 TRACK
20.336	>>> V 0.00 0.00
20.337	S 20366860 -10.63 15.12 0.00 0.00 TRACK
20.357	>>> V 0.00 0.00
20.361	S 20366880 -10.63 15.21 0.00 0.00 TRACK
20.378	>>> V 2.46 0.00
20.379	S 20366900 -10.63 15.12 0.00 0.00 TRACK
20.396	>>> V 2.46 0.00
20.396	S 20366920 -10.63 15.21 0.00 0.00 TRACK
20.416	>>> V 3.10 0.00
20.418	S 20366940 -10.63 15.21 0.00 0.00 TRACK
20.438	>>> V 3.52 0.00
20.439	S 20366960 -10.63 15.21 0.00 0.00 TRACK
20.457	>>> V 3.52 0.00
20.458	S 20366980 -10.63 15.21 0.00 0.00 TRACK
20.475	>>> V 3.65 0.00
20.497	>>> V 3.65 0.00
20.498	S 20367000 -10.63 15.21 0.00 0.00 TRACK
20.503	S 20367020 -10.63 15.21 0.00 0.00 TRACK
20.516	>>> V 3.86 3.19
20.517	S 20367040 -10.55 15.12 0.00 0.00 TRACK
20.541	>>> V 3.86 3.19
20.541	S 20367060 -10.37 15.12 1.37 0.00 TRACK
20.556	>>> V 3.93 3.23
20.556	S 20367080 -10.28 15.21 2.75 0.00 TRACK
20.576	>>> V 4.15 3.42
20.577	S 20367100 -10.20 15.21 4.12 0.00 TRACK
20.597	>>> V 4.15 3.42
20.598	S 20367120 -10.11 15.21 4.12 0.00 TRACK
20.616	>>> V 4.24 3.48
20.616	S 20367140 -9.93 15.38 4.12 1.37 TRACK
20.638	>>> V 4.24 3.48
20.639	S 20367160 -9.84 15.38 5.50 1.37 TRACK
20.656	>>> V 4.31 3.57
20.659	S 20367180 -9.76 15.56 5.50 2.75 TRACK
20.677	>>> V 4.31 3.57
20.679	S 20367200 -9.67 15.64 5.50 4.12 TRACK
20.698	>>> V 4.36 3.62
20.698	S 20367220 -9.67 15.73 4.12 4.12 TRACK
20.716	>>> V 0.00 0.00
20.719	S 20367240 -9.58 15.82 2.75 4.12 TRACK
20.736	>>> V 0.00 0.00
20.740	S 20367260 -9.49 15.91 2.75 2.75 TRACK
20.756	>>> V 0.00 0.00
20.756	S 20367280 -9.40 15.91 2.75 2.75 TRACK
20.778	>>> V 0.00 0.00
20.779	S 20367300 -9.40 15.91 2.75 2.75 TRACK
20.796	>>> V 0.00 0.00
20.797	S 20367320 -9.40 15.91 1.37 1.37 TRACK
20.819	>>> V 0.00 0.00
20.819	S 20367340 -9.40 15.91 0.00 0.00 TRACK
20.836	>>> V 0.00 0.00
20.836	S 20367360 -9.40 15.91 0.00 0.00 TRACK
20.857	>>> V 0.00 0.00
20.857	S 20367380 -9.40 15.91 0.00 0.00 TRACK
20.877	>>> V 0.00 0.00
20.878	S 20367400 -9.40 15.91 0.00 0.00 TRACK
20.896	>>> V 0.00 0.00
20.898	S 20367420 -9.40 15.91 0.00 0.00 TRACK
20.916	>>> V 0.00 0.00
20.919	S 20367440 -9.40 15.91 0.00 0.00 TRACK
20.936	>>> V 0.00 0.00
20.956	>>> V 0.00 0.00
20.956	S 20367460 -9.40 15.91 0.00 0.00 TRACK
20.963	S 20367480 -9.40 15.91 0.00 0.00 TRACK
20.976	>>> V 0.00 0.00
20.976	S 20367500 -9.49 15.91 0.00 0.00 TRACK
20.997	>>> V 0.00 0.00
21.000	S 20367520 -9.40 15.91 0.00 0.00 TRACK
21.019	>>> V 0.00 0.00
21.019	S 20367540 -9.40 15.91 0.00 0.00 TRACK
21.037	>>> V 0.00 0.00
21.037	S 20367560 -9.40 15.91 0.00 0.00 TRACK
21.056	>>> V 0.00 0.00
21.057	S 20367580 -9.40 15.91 0.00 0.00 TRACK
21.076	>>> V 0.00 0.00
21.077	S 20367600 -9.40 15.91 0.00 0.00 TRACK
21.098	>>> V 0.00 0.00
21.098	S 20367620 -9.40 15.91 0.00 0.00 TRACK
21.116	>>> V 0.00 0.00
21.116	S 20367640 -9.40 15.91 0.00 0.00 TRACK
21.136	>>> V 0.00 0.00
21.139	S 20367660 -9.40 15.91 0.00 0.00 TRACK
21.157	>>> V 0.00 0.00
21.159	S 20367680 -9.49 15.91 0.00 0.00 TRACK
21.177	>>> V 0.00 0.00
21.179	S 20367700 -9.40 15.91 0.00 0.00 TRACK
21.196	>>> V 0.00 0.00
21.199	S 20367720 -9.40 15.91 0.00 0.00 TRACK
21.216	>>> V 0.00 0.00
21.216	S 20367740 -9.49 15.91 0.00 0.00 TRACK
21.236	>>> V 0.00 0.00
21.238	S 20367760 -9.40 15.91 0.00 0.00 TRACK
21.258	>>> V 0.00 0.00
21.260	S 20367780 -9.40 15.91 0.00 0.00 TRACK
21.276	>>> V 0.00 0.00
21.278	S 20367800 -9.40 15.91 0.00 0.00 TRACK
21.296	>>> V 0.00 0.00
21.297	S 20367820 -9.40 15.91 0.00 0.00 TRACK
21.318	>>> V 0.00 0.00
21.319	S 20367840 -9.40 15.91 0.00 0.00 TRACK
21.336	>>> V 0.00 0.00
21.339	S 20367860 -9.40 15.91 0.00 0.00 TRACK
21.356	>>> V 0.00 0.00
21.357	S 20367880 -9.40 15.91 0.00 0.00 TRACK
21.378	>>> V 0.00 0.00
21.379	S 20367900 -9.40 15.91 0.00 0.00 TRACK
21.397	>>> V 0.00 0.00
21.399	S 20367920 -9.40 15.91 0.00 0.00 TRACK
21.416	>>> V 0.00 0.00
21.418	S 20367940 -9.40 15.91 0.00 0.00 TRACK
21.439	>>> V 0.00 0.00
21.439	S 20367960 -9.40 15.91 0.00 0.00 TRACK
21.457	>>> V 0.00 0.00
21.458	S 20367980 -9.40 15.91 0.00 0.00 TRACK
21.477	>>> V 0.00 0.00
21.477	S 20368000 -9.40 15.91 0.00 0.00 TRACK
21.497	>>> V 0.00 0.00
21.499	S 20368020 -9.40 15.91 0.00 0.00 TRACK
21.518	>>> V 0.00 0.00
21.518	S 20368040 -9.40 15.91 0.00 0.00 TRACK
21.537	>>> V 0.00 0.00
21.539	S 20368060 -9.49 15.91 0.00 0.00 TRACK
21.558	>>> V 0.00 0.00
21.559	S 20368080 -9.40 15.91 0.00 0.00 TRACK
21.578	>>> V 0.00 0.00
21.580	S 20368100 -9.40 15.91 0.00 0.00 TRACK
21.596	>>> V 0.00 0.00
21.600	S 20368120 -9.40 15.91 0.00 0.00 TRACK
21.618	>>> V 0.00 0.00
21.619	S 20368140 -9.40 15.91 0.00 0.00 TRACK
21.635	>>> V 0.00 0.00
21.656	>>> V 0.00 0.00
21.656	S 20368160 -9.40 15.91 0.00 0.00 TRACK
21.659	S 20368180 -9.40 15.91 0.00 0.00 TRACK
21.676	>>> V 0.00 0.00
21.677	S 20368200 -9.40 15.91 0.00 0.00 TRACK
21.695	>>> V 0.00 0.00
21.697	S 20368220 -9.40 15.91 0.00 0.00 TRACK
21.716	>>> V 0.00 0.00
21.736	>>> V 0.00 0.00
21.736	S 20368240 -9.40 15.91 0.00 0.00 TRACK
21.737	S 20368260 -9.40 15.91 0.00 0.00 TRACK
21.756	>>> V 0.00 0.00
21.776	>>> V 0.00 0.00
21.776	S 20368280 -9.40 15.91 0.00 0.00 TRACK
21.796	>>> V 0.00 0.00
21.797	S 20368300 -9.40 15.91 0.00 0.00 TRACK
21.801	S 20368320 -9.40 15.91 0.00 0.00 TRACK
21.816	>>> V 0.00 0.00
21.816	S 20368340 -9.40 15.91 0.00 0.00 TRACK
21.837	>>> V 0.00 0.00
21.840	S 20368360 -9.40 15.91 0.00 0.00 TRACK
21.856	>>> V 0.00 0.00
21.858	S 20368380 -9.40 15.91 0.00 0.00 TRACK
21.877	>>> V 0.00 0.00
21.879	S 20368400 -9.40 15.91 0.00 0.00 TRACK
21.896	>>> V 0.00 0.00
21.898	S 20368420 -9.40 15.91 0.00 0.00 TRACK
21.917	>>> V 0.00 0.00
21.917	S 20368440 -9.40 15.91 0.00 0.00 TRACK
21.935	>>> V 0.00 0.00
21.937	S 20368460 -9.40 15.91 0.00 0.00 TRACK
21.956	>>> V 0.00 0.00
21.957	S 20368480 -9.40 15.91 0.00 0.00 TRACK
21.975	>>> V 0.00 0.00
21.996	>>> V 0.00 0.00
21.996	S 20368500 -9.40 15.91 0.00 0.00 TRACK
22.019	>>> V 0.00 0.00
22.021	S 20368520 -9.40 15.91 0.00 0.00 TRACK
22.027	S 20368540 -9.40 15.91 0.00 0.00 TRACK
22.038	>>> V 0.00 0.00
22.038	S 20368560 -9.40 15.91 0.00 0.00 TRACK
22.056	>>> V 0.00 0.00
22.075	>>> V 0.00 0.00
22.076	S 20368580 -9.40 15.91 0.00 0.00 TRACK
22.096	>>> V 0.00 0.00
22.096	S 20368600 -9.40 15.91 0.00 0.00 TRACK
22.101	S 20368620 -9.40 15.91 0.00 0.00 TRACK
22.116	>>> V 0.00 0.00
22.136	>>> V 0.00 0.00
22.136	S 20368640 -9.40 15.91 0.00 0.00 TRACK
22.140	S 20368660 -9.40 15.91 0.00 0.00 TRACK
22.156	>>> V 0.00 0.00
22.177	>>> V 0.00 0.00
22.177	S 20368681 -9.40 15.91 0.00 0.00 TRACK
22.181	S 20368701 -9.40 15.91 0.00 0.00 TRACK
22.196	>>> V 0.00 0.00
22.197	S 20368721 -9.40 15.91 0.00 0.00 TRACK
22.217	>>> V 0.00 0.00
22.217	S 20368741 -9.40 15.91 0.00 0.00 TRACK
22.236	>>> V 0.00 0.00
22.236	S 20368761 -9.40 15.91 0.00 0.00 TRACK
22.256	>>> V 0.00 0.00
22.257	S 20368781 -9.49 15.91 0.00 0.00 TRACK
22.277	>>> V 0.00 0.00
22.278	S 20368801 -9.40 15.91 0.00 0.00 TRACK
22.297	>>> V 0.00 0.00
22.297	S 20368821 -9.40 15.91 0.00 0.00 TRACK
22.316	>>> V 0.00 0.00
22.317	S 20368841 -9.40 15.91 0.00 0.00 TRACK
22.336	>>> V 0.00 0.00
22.339	S 20368861 -9.40 15.91 0.00 0.00 TRACK
22.357	>>> V 0.00 0.00
22.358	S 20368881 -9.40 15.91 0.00 0.00 TRACK
22.377	>>> V 0.00 0.00
22.378	S 20368901 -9.40 15.91 0.00 0.00 TRACK
22.399	>>> V 0.00 0.00
22.400	S 20368921 -9.40 15.91 0.00 0.00 TRACK
22.416	>>> V 0.00 0.00
22.437	>>> V 0.00 0.00
22.437	S 20368941 -9.40 15.91 0.00 0.00 TRACK
22.440	S 20368961 -9.40 15.91 0.00 0.00 TRACK
22.456	>>> V 0.00 0.00
22.457	S 20368981 -9.40 15.91 0.00 0.00 TRACK
22.476	>>> V 0.00 0.00
22.477	S 20369001 -9.40 15.91 0.00 0.00 TRACK
22.496	>>> V 0.00 0.00
22.517	>>> V 0.00 0.00
22.519	S 20369021 -9.40 15.91 0.00 0.00 TRACK
22.522	S 20369041 -9.40 15.91 0.00 0.00 TRACK
22.536	>>> V 0.00 0.00
22.556	>>> V 0.00 0.00
22.557	S 20369061 -9.40 15.91 0.00 0.00 TRACK
22.563	S 20369081 -9.40 15.91 0.00 0.00 TRACK
22.583	>>> V 0.00 0.00
22.584	S 20369101 -9.40 15.91 0.00 0.00 TRACK
22.596	>>> V 0.00 0.00
22.597	S 20369121 -9.40 15.91 0.00 0.00 TRACK
22.616	>>> V 0.00 0.00
22.638	>>> V 0.00 0.00
22.639	S 20369141 -9.40 15.91 0.00 0.00 TRACK
22.642	S 20369161 -9.40 15.91 0.00 0.00 TRACK
22.657	>>> V 0.00 0.00
22.657	S 20369181 -9.40 15.91 0.00 0.00 TRACK
22.676	>>> V 0.00 0.00
22.677	S 20369201 -9.40 15.91 0.00 0.00 TRACK
22.696	>>> V 0.00 0.00
22.697	S 20369221 -9.40 15.91 0.00 0.00 TRACK
22.716	>>> V 0.00 0.00
22.737	>>> V 0.00 0.00
22.740	S 20369241 -9.40 15.91 0.00 0.00 TRACK
22.742	S 20369261 -9.40 15.91 0.00 0.00 TRACK
22.750	>>> X
