[INFO] [launch]: All log files can be found below /home/pa23/.ros/log/2026-10-08-19-42-15-447726-pa23-37790
[INFO] [launch]: Default logging verbosity is set to INFO
[INFO] [launch.user]: 🚀 Launching as Normal ROS Node
[INFO] [realsense2_camera_node-1]: process started with pid [37803]
[INFO] [target_detector-2]: process started with pid [37804]
[INFO] [controller_node-3]: process started with pid [37805]
[INFO] [opencr_bridge-4]: process started with pid [37806]
[realsense2_camera_node-1] [0m[INFO] [1791456136.457239292] [camera.camera]: RealSense ROS v4.58.4[0m
[realsense2_camera_node-1] [0m[INFO] [1791456136.457623771] [camera.camera]: Built with LibRealSense v2.58.4[0m
[realsense2_camera_node-1] [0m[INFO] [1791456136.457867380] [camera.camera]: Running with LibRealSense v2.58.4[0m
[realsense2_camera_node-1]  08/10 19:42:16,461 WARNING [281473374808352] (context.cpp:41) No valid configuration file found at : /home/pa23/.realsense-config.json loading defaults
[realsense2_camera_node-1] [0m[INFO] [1791456136.690954904] [camera.camera]: Device with serial number 261822072247 was found.
[realsense2_camera_node-1] [0m
[realsense2_camera_node-1] [0m[INFO] [1791456136.691196328] [camera.camera]: Device with physical ID /sys/devices/platform/scb-bus@fc000000/fd500000.pcie/pci0000:00/0000:00:00.0/0000:01:00.0/usb2/2-1/2-1:1.0/video4linux/video0 was found.[0m
[realsense2_camera_node-1] [0m[INFO] [1791456136.691274920] [camera.camera]: Device with name RealSense D435 was found.[0m
[realsense2_camera_node-1] [0m[INFO] [1791456136.691520511] [camera.camera]: Device with port number 2-1 was found.[0m
[realsense2_camera_node-1] [0m[INFO] [1791456136.691641195] [camera.camera]: Device USB type: 3.2[0m
[realsense2_camera_node-1] [0m[INFO] [1791456136.691713454] [camera.camera]: Starting device RealSense D435 (Product ID: 0x0B07)[0m
[realsense2_camera_node-1] [0m[INFO] [1791456136.692030766] [camera.camera]: getParameters...[0m
[realsense2_camera_node-1] [0m[INFO] [1791456136.692727593] [camera.camera]: JSON file is not provided[0m
[realsense2_camera_node-1] [0m[INFO] [1791456136.692961110] [camera.camera]: Device Name: RealSense D435[0m
[realsense2_camera_node-1] [0m[INFO] [1791456136.693048943] [camera.camera]: Device Serial No: 261822072247[0m
[realsense2_camera_node-1] [0m[INFO] [1791456136.693089831] [camera.camera]: Device physical port: /sys/devices/platform/scb-bus@fc000000/fd500000.pcie/pci0000:00/0000:00:00.0/0000:01:00.0/usb2/2-1/2-1:1.0/video4linux/video0[0m
[realsense2_camera_node-1] [0m[INFO] [1791456136.693124405] [camera.camera]: Device FW version: 5.15.1.55[0m
[realsense2_camera_node-1] [0m[INFO] [1791456136.693153349] [camera.camera]: Device Product ID: 0x0B07[0m
[realsense2_camera_node-1] [0m[INFO] [1791456136.693181145] [camera.camera]: Sync Mode: Off[0m
[realsense2_camera_node-1] [33m[WARN] [1791456136.867411289] [camera.camera]: re-enable the stream for the change to take effect.[0m
[realsense2_camera_node-1] [0m[INFO] [1791456136.868263948] [camera.camera]: Set ROS param depth_module.infra_profile to default: 848x480x30[0m
[realsense2_camera_node-1] [0m[INFO] [1791456136.905635564] [camera.camera]: Stopping Sensor: Depth Module[0m
[realsense2_camera_node-1] [0m[INFO] [1791456136.908073914] [camera.camera]: Stopping Sensor: RGB Camera[0m
[realsense2_camera_node-1] [0m[INFO] [1791456136.950322599] [camera.camera]: Starting Sensor: Depth Module[0m
[realsense2_camera_node-1] [0m[INFO] [1791456136.966623853] [camera.camera]: Open profile: stream_type: Depth(0), Format: Z16, Width: 640, Height: 480, FPS: 30[0m
[realsense2_camera_node-1] [0m[INFO] [1791456136.998297534] [camera.camera]: Starting Sensor: RGB Camera[0m
[realsense2_camera_node-1] [0m[INFO] [1791456137.007843973] [camera.camera]: Open profile: stream_type: Color(0), Format: RGB8, Width: 640, Height: 480, FPS: 30[0m
[realsense2_camera_node-1] [33m[WARN] [1791456137.091228909] [camera.camera]: frame's time domain is HARDWARE_CLOCK. Timestamps may reset periodically.[0m
[realsense2_camera_node-1] [0m[INFO] [1791456137.136782456] [camera.camera]: RealSense Node Is Up![0m
[opencr_bridge-4] [INFO] [1791456139.083707099] [opencr_bridge]: run_id=assignment4_normal_20261008_194213 dry_run=False port=/dev/ttyACM0
[opencr_bridge-4] [INFO] [1791456139.100163295] [opencr_bridge]: OpenCR state None -> HOLD
[opencr_bridge-4] [INFO] [1791456139.114350048] [opencr_bridge]: OpenCR B 1654 2007
[opencr_bridge-4] [INFO] [1791456139.118616123] [opencr_bridge]: OpenCR state HOLD -> HOMING
[controller_node-3] [INFO] [1791456139.412005758] [tracker_controller]: run_id=assignment4_normal_20261008_194213 search=False pan(kp=2.0/s, dir=-1, limit=120.0) tilt(kp=2.5/s, dir=1, limit=120.0)
[controller_node-3] [INFO] [1791456139.415958929] [tracker_controller]: state None -> IDLE (disabled)
[opencr_bridge-4] [INFO] [1791456140.632671347] [opencr_bridge]: OpenCR state HOMING -> HOLD
[opencr_bridge-4] [INFO] [1791456140.637665806] [opencr_bridge]: 시작 시 기준 자세 이동 도착: 1.7 s
[target_detector-2] [INFO] [1791456140.755630417] [target_detector]: run_id=assignment4_normal_20261008_194213 hsv=(102, 120, 40)~(110, 255, 255) min_area=100.0 selection=priority use_depth=True detect_scale=1.0 size_check=True object_tracker=True
[target_detector-2] [INFO] [1791456145.618962233] [target_detector]: processing FPS 27.3, mean proc 12.8 ms
[target_detector-2] [INFO] [1791456150.627943171] [target_detector]: processing FPS 28.0, mean proc 11.9 ms
[target_detector-2] [INFO] [1791456155.664484084] [target_detector]: processing FPS 29.4, mean proc 11.9 ms
[controller_node-3] [INFO] [1791456158.587087779] [tracker_controller]: tracking enabled=True
[controller_node-3] [INFO] [1791456158.600944257] [tracker_controller]: state IDLE -> LOST (confirming_1/3)
[controller_node-3] [INFO] [1791456158.700157154] [tracker_controller]: state LOST -> TRACKING (reacquired_in_view)
[opencr_bridge-4] [INFO] [1791456158.751623411] [opencr_bridge]: OpenCR state HOLD -> TRACK
[target_detector-2] [INFO] [1791456160.681983303] [target_detector]: processing FPS 27.9, mean proc 12.5 ms
[controller_node-3] [INFO] [1791456164.066199956] [tracker_controller]: state TRACKING -> LOST (no_detection)
[controller_node-3] [INFO] [1791456164.642979326] [tracker_controller]: state LOST -> TRACKING (reacquired_in_view)
[target_detector-2] [INFO] [1791456165.726747906] [target_detector]: processing FPS 28.0, mean proc 12.4 ms
[realsense2_camera_node-1] [33m[WARN] [1791456166.920229815] [camera.camera]: XXX Hardware Notification:Incomplete video frame detected!
[realsense2_camera_node-1] Size 213768 out of 614655 bytes (34%),1.79146e+12,Warn,Frame Corrupted[0m
[controller_node-3] [INFO] [1791456169.219493601] [tracker_controller]: state TRACKING -> LOST (no_detection)
[controller_node-3] [INFO] [1791456169.880475975] [tracker_controller]: state LOST -> TRACKING (reacquired_in_view)
[controller_node-3] [INFO] [1791456170.360245948] [tracker_controller]: state TRACKING -> LOST (no_detection)
[target_detector-2] [INFO] [1791456170.748580274] [target_detector]: processing FPS 28.3, mean proc 12.5 ms
[controller_node-3] [INFO] [1791456170.900887489] [tracker_controller]: state LOST -> TRACKING (reacquired_in_view)
[controller_node-3] [INFO] [1791456171.559156941] [tracker_controller]: state TRACKING -> LOST (no_detection)
[controller_node-3] [INFO] [1791456173.600488706] [tracker_controller]: state LOST -> TRACKING (reacquired_in_view)
[target_detector-2] [INFO] [1791456175.774410572] [target_detector]: processing FPS 28.5, mean proc 12.4 ms
[controller_node-3] [INFO] [1791456176.399991499] [tracker_controller]: state TRACKING -> LOST (no_detection)
[controller_node-3] [INFO] [1791456177.019536033] [tracker_controller]: state LOST -> TRACKING (reacquired_in_view)
[controller_node-3] [INFO] [1791456178.362541197] [tracker_controller]: state TRACKING -> LOST (no_detection)
[controller_node-3] [INFO] [1791456178.902504948] [tracker_controller]: state LOST -> TRACKING (reacquired_in_view)
[controller_node-3] [INFO] [1791456179.218672411] [tracker_controller]: state TRACKING -> LOST (no_detection)
[controller_node-3] [INFO] [1791456180.124592341] [tracker_controller]: state LOST -> TRACKING (reacquired_in_view)
[target_detector-2] [INFO] [1791456180.780710699] [target_detector]: processing FPS 26.4, mean proc 14.1 ms
[target_detector-2] [INFO] [1791456185.791049996] [target_detector]: processing FPS 26.4, mean proc 13.9 ms
[controller_node-3] [INFO] [1791456189.803686942] [tracker_controller]: state TRACKING -> LOST (no_detection)
[controller_node-3] [INFO] [1791456190.339998649] [tracker_controller]: state LOST -> TRACKING (reacquired_in_view)
[controller_node-3] [INFO] [1791456190.418689328] [tracker_controller]: state TRACKING -> LOST (no_detection)
[controller_node-3] [INFO] [1791456190.539325472] [tracker_controller]: state LOST -> TRACKING (reacquired_in_view)
[controller_node-3] [INFO] [1791456190.580100430] [tracker_controller]: state TRACKING -> LOST (no_detection)
[target_detector-2] [INFO] [1791456190.817306827] [target_detector]: processing FPS 27.3, mean proc 13.9 ms
[controller_node-3] [INFO] [1791456191.160350901] [tracker_controller]: state LOST -> TRACKING (reacquired_in_view)
[controller_node-3] [INFO] [1791456194.120920855] [tracker_controller]: state TRACKING -> LOST (no_detection)
[controller_node-3] [INFO] [1791456194.661305472] [tracker_controller]: state LOST -> TRACKING (reacquired_in_view)
[controller_node-3] [INFO] [1791456194.957935764] [tracker_controller]: tracking enabled=False
[controller_node-3] [INFO] [1791456194.969507168] [tracker_controller]: state TRACKING -> IDLE (disabled)
[realsense2_camera_node-1] [33m[WARN] [1791456195.107106061] [camera.camera]: XXX Hardware Notification:Incomplete video frame detected!
[realsense2_camera_node-1] Size 410376 out of 614655 bytes (66%),1.79146e+12,Warn,Frame Corrupted[0m
[target_detector-2] [INFO] [1791456195.854299088] [target_detector]: processing FPS 26.6, mean proc 15.1 ms
[WARNING] [launch]: user interrupted with ctrl-c (SIGINT)
[INFO] [opencr_bridge-4]: sending signal 'SIGINT' to process[opencr_bridge-4]
[INFO] [controller_node-3]: sending signal 'SIGINT' to process[controller_node-3]
[INFO] [target_detector-2]: sending signal 'SIGINT' to process[target_detector-2]
[INFO] [realsense2_camera_node-1]: sending signal 'SIGINT' to process[realsense2_camera_node-1]
[realsense2_camera_node-1] [0m[INFO] [1791456196.995929372] [rclcpp]: signal_handler(signum=2)[0m
[realsense2_camera_node-1] [0m[INFO] [1791456197.000383687] [camera.camera]: Stop Sensor: Depth Module[0m
[realsense2_camera_node-1] [0m[INFO] [1791456197.000506464] [camera.camera]: Close Sensor. [0m
[realsense2_camera_node-1] [0m[INFO] [1791456197.012454290] [camera.camera]: Close Sensor - Done. [0m
[realsense2_camera_node-1] [0m[INFO] [1791456197.012569845] [camera.camera]: Stop Sensor: RGB Camera[0m
[realsense2_camera_node-1] [0m[INFO] [1791456197.012597622] [camera.camera]: Close Sensor. [0m
[controller_node-3] [INFO] [1791456197.005694883] [tracker_controller]: stats {'reacquired_in_view': 12, 'reacquired_search': 0, 'search_failed': 0} stale_inputs=0
[controller_node-3] Failed to publish log message to rosout: publisher's context is invalid, at ./src/rcl/publisher.c:427
[realsense2_camera_node-1] [0m[INFO] [1791456197.027091187] [rclcpp]: signal_handler(signum=2)[0m
[target_detector-2] Traceback (most recent call last):
[target_detector-2]   File "/home/pa23/git/Lv2_Monglian_Assignment/lv2_module5/ros2_ws/install/target_detector/lib/target_detector/target_detector", line 33, in <module>
[target_detector-2]     sys.exit(load_entry_point('target-detector', 'console_scripts', 'target_detector')())
[target_detector-2]              ~~~~~~~~~~~~~~~~~~~~~~~~~~~~~~~~~~~~~~~~~~~~~~~~~~~~~~~~~~~~~~~~~~~~~~~~~^^
[target_detector-2]   File "/home/pa23/git/Lv2_Monglian_Assignment/lv2_module5/ros2_ws/build/target_detector/target_detector/target_detector.py", line 432, in main
[target_detector-2]     node.destroy_node()
[target_detector-2]     ~~~~~~~~~~~~~~~~~^^
[target_detector-2]   File "/opt/ros/lyrical/lib/python3.14/site-packages/rclpy/node.py", line 2708, in destroy_node
[target_detector-2]     self.destroy_service(self._services[0])
[target_detector-2]     ~~~~~~~~~~~~~~~~~~~~^^^^^^^^^^^^^^^^^^^
[target_detector-2]   File "/opt/ros/lyrical/lib/python3.14/site-packages/rclpy/node.py", line 2642, in destroy_service
[target_detector-2]     service.destroy()
[target_detector-2]     ~~~~~~~~~~~~~~~^^
[target_detector-2]   File "/opt/ros/lyrical/lib/python3.14/site-packages/rclpy/service.py", line 129, in destroy
[target_detector-2]     self._destroy()
[target_detector-2]     ~~~~~~~~~~~~~^^
[target_detector-2]   File "/opt/ros/lyrical/lib/python3.14/site-packages/rclpy/service.py", line 132, in _destroy
[target_detector-2]     self.handle.destroy_when_not_in_use()
[target_detector-2]     ~~~~~~~~~~~~~~~~~~~~~~~~~~~~~~~~~~~^^
[target_detector-2] KeyboardInterrupt
[opencr_bridge-4] Traceback (most recent call last):
[opencr_bridge-4]   File "/home/pa23/git/Lv2_Monglian_Assignment/lv2_module5/ros2_ws/install/tracker_bridge/lib/tracker_bridge/opencr_bridge", line 33, in <module>
[opencr_bridge-4]     sys.exit(load_entry_point('tracker-bridge', 'console_scripts', 'opencr_bridge')())
[opencr_bridge-4]              ~~~~~~~~~~~~~~~~~~~~~~~~~~~~~~~~~~~~~~~~~~~~~~~~~~~~~~~~~~~~~~~~~~~~~~^^
[opencr_bridge-4]   File "/home/pa23/git/Lv2_Monglian_Assignment/lv2_module5/ros2_ws/build/tracker_bridge/tracker_bridge/opencr_bridge.py", line 230, in main
[opencr_bridge-4]     node.destroy_node()
[opencr_bridge-4]     ~~~~~~~~~~~~~~~~~^^
[opencr_bridge-4]   File "/opt/ros/lyrical/lib/python3.14/site-packages/rclpy/node.py", line 2702, in destroy_node
[opencr_bridge-4]     self.destroy_publisher(self._publishers[0])
[opencr_bridge-4]     ~~~~~~~~~~~~~~~~~~~~~~^^^^^^^^^^^^^^^^^^^^^
[opencr_bridge-4]   File "/opt/ros/lyrical/lib/python3.14/site-packages/rclpy/node.py", line 2609, in destroy_publisher
[opencr_bridge-4]     publisher.destroy()
[opencr_bridge-4]     ~~~~~~~~~~~~~~~~~^^
[opencr_bridge-4]   File "/opt/ros/lyrical/lib/python3.14/site-packages/rclpy/publisher.py", line 101, in destroy
[opencr_bridge-4]     self._destroy()
[opencr_bridge-4]     ~~~~~~~~~~~~~^^
[opencr_bridge-4]   File "/opt/ros/lyrical/lib/python3.14/site-packages/rclpy/publisher.py", line 189, in _destroy
[opencr_bridge-4]     super()._destroy()
[opencr_bridge-4]     ~~~~~~~~~~~~~~~~^^
[opencr_bridge-4]   File "/opt/ros/lyrical/lib/python3.14/site-packages/rclpy/publisher.py", line 104, in _destroy
[opencr_bridge-4]     self.handle.destroy_when_not_in_use()
[opencr_bridge-4]     ~~~~~~~~~~~~~~~~~~~~~~~~~~~~~~~~~~~^^
[opencr_bridge-4] KeyboardInterrupt
[controller_node-3] Traceback (most recent call last):
[controller_node-3]   File "/home/pa23/git/Lv2_Monglian_Assignment/lv2_module5/ros2_ws/install/tracker_controller/lib/tracker_controller/controller_node", line 33, in <module>
[controller_node-3]     sys.exit(load_entry_point('tracker-controller', 'console_scripts', 'controller_node')())
[controller_node-3]              ~~~~~~~~~~~~~~~~~~~~~~~~~~~~~~~~~~~~~~~~~~~~~~~~~~~~~~~~~~~~~~~~~~~~~~~~~~~~^^
[controller_node-3]   File "/home/pa23/git/Lv2_Monglian_Assignment/lv2_module5/ros2_ws/build/tracker_controller/tracker_controller/controller_node.py", line 318, in main
[controller_node-3]     node.destroy_node()
[controller_node-3]     ~~~~~~~~~~~~~~~~~^^
[controller_node-3]   File "/opt/ros/lyrical/lib/python3.14/site-packages/rclpy/node.py", line 2702, in destroy_node
[controller_node-3]     self.destroy_publisher(self._publishers[0])
[controller_node-3]     ~~~~~~~~~~~~~~~~~~~~~~^^^^^^^^^^^^^^^^^^^^^
[controller_node-3]   File "/opt/ros/lyrical/lib/python3.14/site-packages/rclpy/node.py", line 2609, in destroy_publisher
[controller_node-3]     publisher.destroy()
[controller_node-3]     ~~~~~~~~~~~~~~~~~^^
[controller_node-3]   File "/opt/ros/lyrical/lib/python3.14/site-packages/rclpy/publisher.py", line 101, in destroy
[controller_node-3]     self._destroy()
[controller_node-3]     ~~~~~~~~~~~~~^^
[controller_node-3]   File "/opt/ros/lyrical/lib/python3.14/site-packages/rclpy/publisher.py", line 189, in _destroy
[controller_node-3]     super()._destroy()
[controller_node-3]     ~~~~~~~~~~~~~~~~^^
[controller_node-3]   File "/opt/ros/lyrical/lib/python3.14/site-packages/rclpy/publisher.py", line 104, in _destroy
[controller_node-3]     self.handle.destroy_when_not_in_use()
[controller_node-3]     ~~~~~~~~~~~~~~~~~~~~~~~~~~~~~~~~~~~^^
[controller_node-3] KeyboardInterrupt
[ERROR] [target_detector-2]: process has died [pid 37804, exit code -2, cmd '/home/pa23/git/Lv2_Monglian_Assignment/lv2_module5/ros2_ws/install/target_detector/lib/target_detector/target_detector --ros-args -r __node:=target_detector --params-file /home/pa23/git/Lv2_Monglian_Assignment/lv2_module5/config/camera.yaml --params-file /home/pa23/git/Lv2_Monglian_Assignment/lv2_module5/config/control.yaml --params-file /home/pa23/git/Lv2_Monglian_Assignment/lv2_module5/config/device.yaml --params-file /home/pa23/git/Lv2_Monglian_Assignment/lv2_module5/config/hsv.yaml --params-file /home/pa23/git/Lv2_Monglian_Assignment/lv2_module5/config/safety.yaml --params-file /tmp/target_detector_launch_xkqqs7u_.yaml'].
[ERROR] [opencr_bridge-4]: process has died [pid 37806, exit code -2, cmd '/home/pa23/git/Lv2_Monglian_Assignment/lv2_module5/ros2_ws/install/tracker_bridge/lib/tracker_bridge/opencr_bridge --ros-args -r __node:=opencr_bridge --params-file /home/pa23/git/Lv2_Monglian_Assignment/lv2_module5/config/camera.yaml --params-file /home/pa23/git/Lv2_Monglian_Assignment/lv2_module5/config/control.yaml --params-file /home/pa23/git/Lv2_Monglian_Assignment/lv2_module5/config/device.yaml --params-file /home/pa23/git/Lv2_Monglian_Assignment/lv2_module5/config/hsv.yaml --params-file /home/pa23/git/Lv2_Monglian_Assignment/lv2_module5/config/safety.yaml --params-file /tmp/opencr_bridge_launch_314yeao0.yaml'].
[realsense2_camera_node-1] [0m[INFO] [1791456197.791686588] [camera.camera]: Close Sensor - Done. [0m
[ERROR] [controller_node-3]: process has died [pid 37805, exit code -2, cmd '/home/pa23/git/Lv2_Monglian_Assignment/lv2_module5/ros2_ws/install/tracker_controller/lib/tracker_controller/controller_node --ros-args -r __node:=tracker_controller --params-file /home/pa23/git/Lv2_Monglian_Assignment/lv2_module5/config/camera.yaml --params-file /home/pa23/git/Lv2_Monglian_Assignment/lv2_module5/config/control.yaml --params-file /home/pa23/git/Lv2_Monglian_Assignment/lv2_module5/config/device.yaml --params-file /home/pa23/git/Lv2_Monglian_Assignment/lv2_module5/config/hsv.yaml --params-file /home/pa23/git/Lv2_Monglian_Assignment/lv2_module5/config/safety.yaml --params-file /tmp/tracker_controller_launch_h32vtepc.yaml'].
[INFO] [realsense2_camera_node-1]: process has finished cleanly [pid 37803]
