0.014	>>> 
0.014	>>> B 1654 2007
0.014	>>> I
0.114	>>> V 0.00 0.00
0.114	.61 0.00 0.00 HOLD
0.114	S 20717267 -7.73 8.61 0.00 0.00 HOLD
0.118	S 20717287 -7.73 8.61 0.00 0.00 HOLD
0.121	S 20717307 -7.82 8.61 0.00 0.00 HOLD
0.122	S 20717327 -7.82 8.61 0.00 0.00 HOLD
0.123	S 20717347 -7.82 8.61 0.00 0.00 HOLD
0.124	S 20717367 -7.73 8.61 0.00 0.00 HOLD
0.126	S 20717387 -7.73 8.61 0.00 0.00 HOLD
0.127	S 20717407 -7.73 8.61 0.00 0.00 HOLD
0.128	S 20717427 -7.82 8.61 0.00 0.00 HOLD
0.129	S 20717447 -7.73 8.61 0.00 0.00 HOLD
0.130	S 20717467 -7.82 8.61 0.00 0.00 HOLD
0.131	S 20717487 -7.73 8.61 0.00 0.00 HOLD
0.132	S 20717507 -7.73 8.61 0.00 0.00 HOLD
0.134	S 20717527 -7.82 8.61 0.00 0.00 HOLD
0.138	S 20717547 -7.73 8.61 0.00 0.00 HOLD
0.140	S 20717567 -7.73 8.61 0.00 0.00 HOLD
0.144	S 20717587 -7.82 8.61 0.00 0.00 HOLD
0.145	S 20717607 -7.82 8.61 0.00 0.00 HOLD
0.146	S 20717627 -7.82 8.61 0.00 0.00 HOLD
0.148	S 20717647 -7.82 8.61 0.00 0.00 HOLD
0.149	S 20717667 -7.82 8.61 0.00 0.00 HOLD
0.150	S 20717687 -7.82 8.61 0.00 0.00 HOLD
0.151	S 20717707 -7.73 8.61 0.00 0.00 HOLD
0.153	S 20717727 -7.73 8.61 0.00 0.00 HOLD
0.154	S 20717747 -7.73 8.61 0.00 0.00 HOLD
0.155	S 20717767 -7.73 8.61 0.00 0.00 HOLD
0.156	S 20717787 -7.73 8.61 0.00 0.00 HOLD
0.157	S 20717807 -7.82 8.61 0.00 0.00 HOLD
0.158	S 20717827 -7.82 8.61 0.00 0.00 HOLD
0.159	S 20717847 -7.73 8.61 0.00 0.00 HOLD
0.160	S 20717867 -7.82 8.61 0.00 0.00 HOLD
0.161	S 20717887 -7.82 8.61 0.00 0.00 HOLD
0.162	S 20717907 -7.82 8.61 0.00 0.00 HOLD
0.163	S 20717927 -7.73 8.61 0.00 0.00 HOLD
0.164	S 20717947 -7.73 8.61 0.00 0.00 HOLD
0.164	S 20717967 -7.73 8.61 0.00 0.00 HOLD
0.165	S 20717987 -7.73 8.61 0.00 0.00 HOLD
0.168	S 20718007 -7.82 8.61 0.00 0.00 HOLD
0.169	S 20718027 -7.73 8.61 0.00 0.00 HOLD
0.173	S 20735389 -7.73 8.61 0.00 0.00 HOLD
0.177	B 1654 2007
0.180	S 20735409 -7.73 8.61 0.00 0.00 HOMING
0.184	S 20735429 -7.73 8.53 0.00 0.00 HOMING
0.185	S 20735449 -7.65 8.44 0.00 -1.37 HOMING
0.186	S 20735469 -7.38 8.17 2.75 -4.12 HOMING
0.189	>>> V 0.00 0.00
0.189	S 20735489 -7.12 7.91 5.50 -6.87 HOMING
0.190	S 20735509 -6.86 7.65 9.62 -9.62 HOMING
0.191	S 20735529 -6.68 7.29 10.99 -12.37 HOMING
0.191	S 20735549 -6.50 6.94 10.99 -13.74 HOMING
0.207	>>> V 0.00 0.00
0.207	S 20735569 -6.24 6.68 9.62 -13.74 HOMING
0.226	>>> V 0.00 0.00
0.226	S 20735589 -5.89 6.33 10.99 -13.74 HOMING
0.246	>>> V 0.00 0.00
0.246	S 20735609 -5.54 6.06 10.99 -13.74 HOMING
0.266	>>> V 0.00 0.00
0.266	S 20735629 -5.27 5.80 13.74 -13.74 HOMING
0.286	>>> V 0.00 0.00
0.286	S 20735649 -5.01 5.54 13.74 -13.74 HOMING
0.306	>>> V 0.00 0.00
0.307	S 20735669 -4.75 5.36 13.74 -12.37 HOMING
0.326	>>> V 0.00 0.00
0.326	S 20735689 -4.57 5.10 12.37 -12.37 HOMING
0.346	>>> V 0.00 0.00
0.347	S 20735709 -4.31 4.92 10.99 -10.99 HOMING
0.366	>>> V 0.00 0.00
0.366	S 20735729 -4.13 4.66 10.99 -10.99 HOMING
0.386	>>> V 0.00 0.00
0.386	S 20735749 -3.96 4.48 9.62 -10.99 HOMING
0.407	>>> V 0.00 0.00
0.407	S 20735769 -3.78 4.22 9.62 -9.62 HOMING
0.426	>>> V 0.00 0.00
0.426	S 20735789 -3.60 4.04 8.24 -9.62 HOMING
0.448	>>> V 0.00 0.00
0.448	S 20735809 -3.43 3.87 8.24 -9.62 HOMING
0.466	>>> V 0.00 0.00
0.466	S 20735829 -3.34 3.69 8.24 -9.62 HOMING
0.486	>>> V 0.00 0.00
0.487	S 20735849 -3.16 3.52 6.87 -9.62 HOMING
0.507	>>> V 0.00 0.00
0.508	S 20735869 -3.08 3.34 6.87 -8.24 HOMING
0.526	>>> V 0.00 0.00
0.526	S 20735889 -2.90 3.25 6.87 -8.24 HOMING
0.546	>>> V 0.00 0.00
0.547	S 20735909 -2.81 3.08 5.50 -6.87 HOMING
0.566	>>> V 0.00 0.00
0.566	S 20735929 -2.64 2.99 5.50 -6.87 HOMING
0.586	>>> V 0.00 0.00
0.586	S 20735949 -2.55 2.81 5.50 -5.50 HOMING
0.607	>>> V 0.00 0.00
0.607	S 20735969 -2.46 2.72 5.50 -5.50 HOMING
0.626	>>> V 0.00 0.00
0.626	S 20735989 -2.29 2.64 5.50 -5.50 HOMING
0.647	>>> V 0.00 0.00
0.648	S 20736009 -2.29 2.55 5.50 -5.50 HOMING
0.666	>>> V 0.00 0.00
0.666	S 20736029 -2.11 2.37 5.50 -5.50 HOMING
0.686	>>> V 0.00 0.00
0.686	S 20736049 -2.02 2.29 5.50 -5.50 HOMING
0.708	>>> V 0.00 0.00
0.708	S 20736069 -1.93 2.20 4.12 -5.50 HOMING
0.727	>>> V 0.00 0.00
0.727	S 20736089 -1.76 2.02 4.12 -5.50 HOMING
0.747	>>> V 0.00 0.00
0.748	S 20736109 -1.67 1.93 4.12 -5.50 HOMING
0.766	>>> V 0.00 0.00
0.766	S 20736129 -1.67 1.85 4.12 -5.50 HOMING
0.786	>>> V 0.00 0.00
0.786	S 20736149 -1.67 1.76 2.75 -5.50 HOMING
0.806	>>> V 0.00 0.00
0.807	S 20736169 -1.58 1.67 1.37 -4.12 HOMING
0.826	>>> V 0.00 0.00
0.826	S 20736189 -1.58 1.58 1.37 -4.12 HOMING
0.848	>>> V 0.00 0.00
0.848	S 20736209 -1.41 1.58 1.37 -2.75 HOMING
0.866	>>> V 0.00 0.00
0.866	S 20736229 -1.41 1.58 2.75 -1.37 HOMING
0.886	>>> V 0.00 0.00
0.886	S 20736249 -1.41 1.49 2.75 0.00 HOMING
0.907	>>> V 0.00 0.00
0.907	S 20736269 -1.41 1.41 2.75 -1.37 HOMING
0.926	>>> V 0.00 0.00
0.926	S 20736289 -1.32 1.32 1.37 -1.37 HOMING
0.946	>>> V 0.00 0.00
0.946	S 20736309 -1.23 1.23 1.37 -4.12 HOMING
0.966	>>> V 0.00 0.00
0.966	S 20736329 -1.14 1.23 1.37 -4.12 HOMING
0.986	>>> V 0.00 0.00
0.986	S 20736349 -1.05 1.23 2.75 -2.75 HOMING
1.006	>>> V 0.00 0.00
1.007	S 20736369 -0.97 1.23 2.75 -1.37 HOMING
1.027	>>> V 0.00 0.00
1.027	S 20736389 -0.97 1.14 2.75 0.00 HOMING
1.046	>>> V 0.00 0.00
1.046	S 20736409 -0.97 1.05 1.37 -1.37 HOMING
1.066	>>> V 0.00 0.00
1.066	S 20736429 -0.97 0.97 0.00 -2.75 HOMING
1.086	>>> V 0.00 0.00
1.086	S 20736449 -0.97 0.88 0.00 -2.75 HOMING
1.106	>>> V 0.00 0.00
1.106	S 20736469 -0.97 0.97 0.00 -1.37 HOMING
1.126	>>> V 0.00 0.00
1.126	S 20736489 -0.88 0.88 0.00 -1.37 HOMING
1.147	>>> V 0.00 0.00
1.148	S 20736509 -0.79 0.88 1.37 0.00 HOMING
1.166	>>> V 0.00 0.00
1.166	S 20736529 -0.79 0.88 1.37 0.00 HOMING
1.186	>>> V 0.00 0.00
1.186	S 20736549 -0.79 0.88 1.37 0.00 HOMING
1.209	>>> V 0.00 0.00
1.212	S 20736569 -0.79 0.70 0.00 -1.37 HOMING
1.226	>>> V 0.00 0.00
1.226	S 20736589 -0.79 0.70 0.00 -1.37 HOMING
1.246	>>> V 0.00 0.00
1.247	S 20736609 -0.79 0.70 0.00 -1.37 HOMING
1.266	>>> V 0.00 0.00
1.266	S 20736629 -0.70 0.70 0.00 0.00 HOMING
1.286	>>> V 0.00 0.00
1.286	S 20736649 -0.62 0.62 1.37 0.00 HOMING
1.307	>>> V 0.00 0.00
1.308	S 20736669 -0.62 0.53 1.37 0.00 HOMING
1.326	>>> V 0.00 0.00
1.326	S 20736689 -0.62 0.53 1.37 -1.37 HOMING
1.346	>>> V 0.00 0.00
1.347	S 20736709 -0.62 0.53 0.00 -1.37 HOMING
1.366	>>> V 0.00 0.00
1.366	S 20736729 -0.62 0.53 0.00 -1.37 HOMING
1.386	>>> V 0.00 0.00
1.386	S 20736749 -0.53 0.53 0.00 0.00 HOMING
1.412	>>> V 0.00 0.00
1.412	S 20736769 -0.44 0.44 1.37 0.00 HOLD
1.426	>>> V 0.00 0.00
1.426	S 20736789 -0.44 0.44 1.37 0.00 HOLD
1.447	>>> V 0.00 0.00
1.447	S 20736809 -0.44 0.44 1.37 0.00 HOLD
1.466	>>> V 0.00 0.00
1.466	S 20736829 -0.44 0.53 0.00 0.00 HOLD
1.486	>>> V 0.00 0.00
1.486	S 20736849 -0.44 0.44 0.00 0.00 HOLD
1.507	>>> V 0.00 0.00
1.509	S 20736869 -0.44 0.44 0.00 0.00 HOLD
1.526	>>> V 0.00 0.00
1.526	S 20736889 -0.44 0.44 0.00 0.00 HOLD
1.547	>>> V 0.00 0.00
1.547	S 20736909 -0.44 0.44 0.00 0.00 HOLD
1.566	>>> V 0.00 0.00
1.566	S 20736929 -0.44 0.44 0.00 0.00 HOLD
1.586	>>> V 0.00 0.00
1.587	S 20736949 -0.44 0.44 0.00 0.00 HOLD
1.607	>>> V 0.00 0.00
1.608	S 20736969 -0.44 0.44 0.00 0.00 HOLD
1.626	>>> V 0.00 0.00
1.626	S 20736989 -0.44 0.44 0.00 0.00 HOLD
1.648	>>> V 0.00 0.00
1.648	S 20737009 -0.53 0.44 0.00 0.00 HOLD
1.666	>>> V 0.00 0.00
1.666	S 20737029 -0.44 0.44 0.00 0.00 HOLD
1.686	>>> V 0.00 0.00
1.686	S 20737049 -0.44 0.44 0.00 0.00 HOLD
1.710	>>> V 0.00 0.00
1.712	S 20737069 -0.53 0.44 0.00 0.00 HOLD
1.732	>>> V 0.00 0.00
1.736	S 20737089 -0.44 0.44 0.00 0.00 HOLD
1.747	>>> V 0.00 0.00
1.747	S 20737109 -0.44 0.44 0.00 0.00 HOLD
1.770	>>> V 0.00 0.00
1.770	S 20737129 -0.53 0.44 0.00 0.00 HOLD
1.786	>>> V 0.00 0.00
1.787	S 20737149 -0.44 0.44 0.00 0.00 HOLD
1.807	>>> V 0.00 0.00
1.808	S 20737169 -0.44 0.44 0.00 0.00 HOLD
1.826	>>> V 0.00 0.00
1.826	S 20737189 -0.44 0.44 0.00 0.00 HOLD
1.851	>>> V 0.00 0.00
1.851	S 20737209 -0.53 0.44 0.00 0.00 HOLD
1.866	>>> V 0.00 0.00
1.866	S 20737229 -0.44 0.44 0.00 0.00 HOLD
1.888	>>> V 0.00 0.00
1.889	S 20737249 -0.53 0.44 0.00 0.00 HOLD
1.912	>>> V 0.00 0.00
1.914	S 20737269 -0.44 0.44 0.00 0.00 HOLD
1.931	>>> V 0.00 0.00
1.931	S 20737289 -0.44 0.44 0.00 0.00 HOLD
1.948	>>> V 0.00 0.00
1.948	S 20737309 -0.44 0.44 0.00 0.00 HOLD
1.966	>>> V 0.00 0.00
1.968	S 20737329 -0.44 0.44 0.00 0.00 HOLD
1.986	>>> V 0.00 0.00
1.987	S 20737349 -0.53 0.44 0.00 0.00 HOLD
2.009	>>> V 0.00 0.00
2.009	S 20737369 -0.44 0.44 0.00 0.00 HOLD
2.027	>>> V 0.00 0.00
2.027	S 20737389 -0.44 0.44 0.00 0.00 HOLD
2.050	>>> V 0.00 0.00
2.053	S 20737409 -0.44 0.44 0.00 0.00 HOLD
2.067	>>> V 0.00 0.00
2.067	S 20737429 -0.44 0.44 0.00 0.00 HOLD
2.088	>>> V 0.00 0.00
2.091	S 20737449 -0.44 0.44 0.00 0.00 HOLD
2.108	>>> V 0.00 0.00
2.110	S 20737469 -0.44 0.44 0.00 0.00 HOLD
2.132	>>> V 0.00 0.00
2.134	S 20737489 -0.44 0.44 0.00 0.00 HOLD
2.150	>>> V 0.00 0.00
2.151	S 20737509 -0.44 0.53 0.00 0.00 HOLD
2.167	>>> V 0.00 0.00
2.169	S 20737529 -0.44 0.53 0.00 0.00 HOLD
2.188	>>> V 0.00 0.00
2.188	S 20737549 -0.44 0.44 0.00 0.00 HOLD
2.206	>>> V 0.00 0.00
2.208	S 20737569 -0.53 0.44 0.00 0.00 HOLD
2.231	>>> V 0.00 0.00
2.234	S 20737589 -0.53 0.44 0.00 0.00 HOLD
2.247	>>> V 0.00 0.00
2.250	S 20737609 -0.44 0.44 0.00 0.00 HOLD
2.268	>>> V 0.00 0.00
2.269	S 20737629 -0.44 0.44 0.00 0.00 HOLD
2.286	>>> V 0.00 0.00
2.289	S 20737649 -0.44 0.44 0.00 0.00 HOLD
2.312	>>> V 0.00 0.00
2.313	S 20737669 -0.44 0.44 0.00 0.00 HOLD
2.329	>>> V 0.00 0.00
2.330	S 20737689 -0.53 0.44 0.00 0.00 HOLD
2.347	>>> V 0.00 0.00
2.350	S 20737709 -0.44 0.44 0.00 0.00 HOLD
2.366	>>> V 0.00 0.00
2.367	S 20737729 -0.44 0.44 0.00 0.00 HOLD
2.390	>>> V 0.00 0.00
2.391	S 20737750 -0.44 0.44 0.00 0.00 HOLD
2.406	>>> V 0.00 0.00
2.407	S 20737769 -0.44 0.44 0.00 0.00 HOLD
2.429	>>> V 0.00 0.00
2.430	S 20737789 -0.44 0.44 0.00 0.00 HOLD
2.451	>>> V 0.00 0.00
2.454	S 20737810 -0.53 0.44 0.00 0.00 HOLD
2.469	>>> V 0.00 0.00
2.471	S 20737830 -0.44 0.44 0.00 0.00 HOLD
2.487	>>> V 0.00 0.00
2.489	S 20737850 -0.53 0.44 0.00 0.00 HOLD
2.506	>>> V 0.00 0.00
2.506	S 20737870 -0.44 0.44 0.00 0.00 HOLD
2.526	>>> V 0.00 0.00
2.527	S 20737890 -0.44 0.44 0.00 0.00 HOLD
2.548	>>> V 0.00 0.00
2.549	S 20737910 -0.44 0.44 0.00 0.00 HOLD
2.566	>>> V 0.00 0.00
2.566	S 20737930 -0.44 0.44 0.00 0.00 HOLD
2.588	>>> V 0.00 0.00
2.589	S 20737950 -0.53 0.44 0.00 0.00 HOLD
2.606	>>> V 0.00 0.00
2.606	S 20737970 -0.44 0.44 0.00 0.00 HOLD
2.627	>>> V 0.00 0.00
2.627	S 20737990 -0.44 0.44 0.00 0.00 HOLD
2.646	>>> V 0.00 0.00
2.646	S 20738010 -0.53 0.44 0.00 0.00 HOLD
2.667	>>> V 0.00 0.00
2.667	S 20738030 -0.44 0.44 0.00 0.00 HOLD
2.686	>>> V 0.00 0.00
2.688	S 20738050 -0.44 0.44 0.00 0.00 HOLD
2.708	>>> V 0.00 0.00
2.708	S 20738070 -0.44 0.44 0.00 0.00 HOLD
2.726	>>> V 0.00 0.00
2.726	S 20738090 -0.44 0.44 0.00 0.00 HOLD
2.749	>>> V 0.00 0.00
2.749	S 20738110 -0.53 0.44 0.00 0.00 HOLD
2.767	>>> V 0.00 0.00
2.767	S 20738130 -0.44 0.44 0.00 0.00 HOLD
2.788	>>> V 0.00 0.00
2.789	S 20738150 -0.44 0.44 0.00 0.00 HOLD
2.806	>>> V 0.00 0.00
2.806	S 20738170 -0.53 0.44 0.00 0.00 HOLD
2.828	>>> V 0.00 0.00
2.828	S 20738190 -0.44 0.44 0.00 0.00 HOLD
2.847	>>> V 0.00 0.00
2.848	S 20738210 -0.44 0.44 0.00 0.00 HOLD
2.866	>>> V 0.00 0.00
2.866	S 20738230 -0.44 0.44 0.00 0.00 HOLD
2.889	>>> V 0.00 0.00
2.890	S 20738250 -0.44 0.44 0.00 0.00 HOLD
2.906	>>> V 0.00 0.00
2.906	S 20738270 -0.44 0.44 0.00 0.00 HOLD
2.927	>>> V 0.00 0.00
2.927	S 20738290 -0.44 0.53 0.00 0.00 HOLD
2.947	>>> V 0.00 0.00
2.948	S 20738310 -0.44 0.44 0.00 0.00 HOLD
2.967	>>> V 0.00 0.00
2.968	S 20738330 -0.44 0.44 0.00 0.00 HOLD
2.987	>>> V 0.00 0.00
2.987	S 20738350 -0.44 0.44 0.00 0.00 HOLD
3.007	>>> V 0.00 0.00
3.007	S 20738370 -0.44 0.44 0.00 0.00 HOLD
3.026	>>> V 0.00 0.00
3.026	S 20738390 -0.44 0.44 0.00 0.00 HOLD
3.048	>>> V 0.00 0.00
3.049	S 20738410 -0.44 0.44 0.00 0.00 HOLD
3.066	>>> V 0.00 0.00
3.066	S 20738430 -0.44 0.44 0.00 0.00 HOLD
3.089	>>> V 0.00 0.00
3.090	S 20738450 -0.44 0.44 0.00 0.00 HOLD
3.107	>>> V 0.00 0.00
3.107	S 20738470 -0.53 0.44 0.00 0.00 HOLD
3.129	>>> V 0.00 0.00
3.129	S 20738490 -0.44 0.44 0.00 0.00 HOLD
3.146	>>> V 0.00 0.00
3.147	S 20738510 -0.44 0.44 0.00 0.00 HOLD
3.166	>>> V 0.00 0.00
3.167	S 20738530 -0.44 0.44 0.00 0.00 HOLD
3.186	>>> V 0.00 0.00
3.187	S 20738550 -0.53 0.44 0.00 0.00 HOLD
3.206	>>> V 0.00 0.00
3.206	S 20738570 -0.53 0.44 0.00 0.00 HOLD
3.226	>>> V 0.00 0.00
3.227	S 20738590 -0.44 0.44 0.00 0.00 HOLD
3.246	>>> V 0.00 0.00
3.246	S 20738610 -0.44 0.44 0.00 0.00 HOLD
3.268	>>> V 0.00 0.00
3.269	S 20738630 -0.44 0.44 0.00 0.00 HOLD
3.286	>>> V 0.00 0.00
3.286	S 20738650 -0.44 0.44 0.00 0.00 HOLD
3.311	>>> V 0.00 0.00
3.311	S 20738670 -0.44 0.44 0.00 0.00 HOLD
3.329	>>> V 0.00 0.00
3.334	S 20738690 -0.44 0.44 0.00 0.00 HOLD
3.347	>>> V 0.00 0.00
3.347	S 20738710 -0.53 0.44 0.00 0.00 HOLD
3.368	>>> V 0.00 0.00
3.368	S 20738730 -0.44 0.44 0.00 0.00 HOLD
3.388	>>> V 0.00 0.00
3.389	S 20738750 -0.44 0.44 0.00 0.00 HOLD
3.408	>>> V 0.00 0.00
3.409	S 20738770 -0.44 0.44 0.00 0.00 HOLD
3.426	>>> V 0.00 0.00
3.426	S 20738790 -0.44 0.44 0.00 0.00 HOLD
3.446	>>> V 0.00 0.00
3.447	S 20738810 -0.44 0.44 0.00 0.00 HOLD
3.468	>>> V 0.00 0.00
3.469	S 20738830 -0.44 0.44 0.00 0.00 HOLD
3.486	>>> V 0.00 0.00
3.488	S 20738850 -0.44 0.53 0.00 0.00 HOLD
3.508	>>> V 0.00 0.00
3.510	S 20738870 -0.44 0.44 0.00 0.00 HOLD
3.526	>>> V 0.00 0.00
3.526	S 20738890 -0.44 0.44 0.00 0.00 HOLD
3.546	>>> V 0.00 0.00
3.546	S 20738910 -0.44 0.44 0.00 0.00 HOLD
3.569	>>> V 0.00 0.00
3.571	S 20738930 -0.44 0.44 0.00 0.00 HOLD
3.587	>>> V 0.00 0.00
3.587	S 20738950 -0.44 0.44 0.00 0.00 HOLD
3.610	>>> V 0.00 0.00
3.612	S 20738970 -0.44 0.44 0.00 0.00 HOLD
3.626	>>> V 0.00 0.00
3.627	S 20738990 -0.44 0.53 0.00 0.00 HOLD
3.646	>>> V 0.00 0.00
3.646	S 20739010 -0.44 0.44 0.00 0.00 HOLD
3.666	>>> V 0.00 0.00
3.666	S 20739030 -0.44 0.44 0.00 0.00 HOLD
3.687	>>> V 0.00 0.00
3.688	S 20739050 -0.44 0.44 0.00 0.00 HOLD
3.706	>>> V 0.00 0.00
3.707	S 20739070 -0.44 0.44 0.00 0.00 HOLD
3.728	>>> V 0.00 0.00
3.729	S 20739090 -0.44 0.44 0.00 0.00 HOLD
3.749	>>> V 0.00 0.00
3.749	S 20739110 -0.53 0.44 0.00 0.00 HOLD
3.770	>>> V 0.00 0.00
3.773	S 20739130 -0.44 0.44 0.00 0.00 HOLD
3.789	>>> V 0.00 0.00
3.790	S 20739150 -0.44 0.44 0.00 0.00 HOLD
3.807	>>> V 0.00 0.00
3.809	S 20739170 -0.53 0.44 0.00 0.00 HOLD
3.828	>>> V 0.00 0.00
3.832	S 20739190 -0.44 0.44 0.00 0.00 HOLD
3.852	>>> V 0.00 0.00
3.852	S 20739210 -0.44 0.44 0.00 0.00 HOLD
3.868	>>> V 0.00 0.00
3.868	S 20739230 -0.44 0.44 0.00 0.00 HOLD
3.887	>>> V 0.00 0.00
3.887	S 20739250 -0.44 0.44 0.00 0.00 HOLD
3.909	>>> V 0.00 0.00
3.910	S 20739270 -0.44 0.44 0.00 0.00 HOLD
3.926	>>> V 0.00 0.00
3.926	S 20739290 -0.44 0.44 0.00 0.00 HOLD
3.948	>>> V 0.00 0.00
3.949	S 20739310 -0.44 0.44 0.00 0.00 HOLD
3.966	>>> V 0.00 0.00
3.967	S 20739330 -0.44 0.44 0.00 0.00 HOLD
3.986	>>> V 0.00 0.00
3.987	S 20739350 -0.44 0.44 0.00 0.00 HOLD
4.006	>>> V 0.00 0.00
4.007	S 20739370 -0.44 0.53 0.00 0.00 HOLD
4.026	>>> V 0.00 0.00
4.029	S 20739390 -0.44 0.44 0.00 0.00 HOLD
4.050	>>> V 0.00 0.00
4.050	S 20739410 -0.44 0.44 0.00 0.00 HOLD
4.067	>>> V 0.00 0.00
4.067	S 20739430 -0.53 0.53 0.00 0.00 HOLD
4.088	>>> V 0.00 0.00
4.089	S 20739450 -0.44 0.44 0.00 0.00 HOLD
4.106	>>> V 0.00 0.00
4.106	S 20739470 -0.44 0.44 0.00 0.00 HOLD
4.127	>>> V 0.00 0.00
4.127	S 20739490 -0.44 0.44 0.00 0.00 HOLD
4.146	>>> V 0.00 0.00
4.146	S 20739510 -0.44 0.44 0.00 0.00 HOLD
4.168	>>> V 0.00 0.00
4.169	S 20739530 -0.44 0.44 0.00 0.00 HOLD
4.187	>>> V 0.00 0.00
4.188	S 20739550 -0.44 0.44 0.00 0.00 HOLD
4.206	>>> V 0.00 0.00
4.206	S 20739570 -0.44 0.53 0.00 0.00 HOLD
4.227	>>> V 0.00 0.00
4.229	S 20739590 -0.44 0.44 0.00 0.00 HOLD
4.246	>>> V 0.00 0.00
4.246	S 20739610 -0.44 0.44 0.00 0.00 HOLD
4.269	>>> V 0.00 0.00
4.270	S 20739630 -0.53 0.44 0.00 0.00 HOLD
4.286	>>> V 0.00 0.00
4.288	S 20739650 -0.44 0.44 0.00 0.00 HOLD
4.308	>>> V 0.00 0.00
4.309	S 20739670 -0.44 0.44 0.00 0.00 HOLD
4.327	>>> V 0.00 0.00
4.327	S 20739690 -0.44 0.44 0.00 0.00 HOLD
4.347	>>> V 0.00 0.00
4.347	S 20739710 -0.44 0.44 0.00 0.00 HOLD
4.366	>>> V 0.00 0.00
4.368	S 20739730 -0.44 0.44 0.00 0.00 HOLD
4.386	>>> V 0.00 0.00
4.386	S 20739750 -0.44 0.44 0.00 0.00 HOLD
4.407	>>> V 0.00 0.00
4.407	S 20739770 -0.44 0.44 0.00 0.00 HOLD
4.429	>>> V 0.00 0.00
4.429	S 20739790 -0.44 0.44 0.00 0.00 HOLD
4.446	>>> V 0.00 0.00
4.446	S 20739810 -0.44 0.53 0.00 0.00 HOLD
4.468	>>> V 0.00 0.00
4.469	S 20739830 -0.53 0.44 0.00 0.00 HOLD
4.486	>>> V 0.00 0.00
4.487	S 20739850 -0.44 0.44 0.00 0.00 HOLD
4.508	>>> V 0.00 0.00
4.509	S 20739870 -0.44 0.44 0.00 0.00 HOLD
4.528	>>> V 0.00 0.00
4.528	S 20739890 -0.53 0.44 0.00 0.00 HOLD
4.550	>>> V 0.00 0.00
4.550	S 20739910 -0.44 0.53 0.00 0.00 HOLD
4.566	>>> V 0.00 0.00
4.567	S 20739930 -0.44 0.44 0.00 0.00 HOLD
4.588	>>> V 0.00 0.00
4.588	S 20739950 -0.44 0.44 0.00 0.00 HOLD
4.606	>>> V 0.00 0.00
4.606	S 20739970 -0.53 0.44 0.00 0.00 HOLD
4.626	>>> V 0.00 0.00
4.626	S 20739990 -0.44 0.44 0.00 0.00 HOLD
4.647	>>> V 0.00 0.00
4.648	S 20740010 -0.53 0.44 0.00 0.00 HOLD
4.666	>>> V 0.00 0.00
4.666	S 20740030 -0.44 0.44 0.00 0.00 HOLD
4.687	>>> V 0.00 0.00
4.687	S 20740050 -0.44 0.44 0.00 0.00 HOLD
4.706	>>> V 0.00 0.00
4.706	S 20740070 -0.44 0.44 0.00 0.00 HOLD
4.727	>>> V 0.00 0.00
4.729	S 20740090 -0.44 0.44 0.00 0.00 HOLD
4.747	>>> V 0.00 0.00
4.748	S 20740110 -0.44 0.44 0.00 0.00 HOLD
4.770	>>> V 0.00 0.00
4.770	S 20740130 -0.53 0.53 0.00 0.00 HOLD
4.787	>>> V 0.00 0.00
4.787	S 20740150 -0.44 0.44 0.00 0.00 HOLD
4.807	>>> V 0.00 0.00
4.807	S 20740170 -0.44 0.44 0.00 0.00 HOLD
4.830	>>> V 0.00 0.00
4.831	S 20740190 -0.44 0.44 0.00 0.00 HOLD
4.848	>>> V 0.00 0.00
4.849	S 20740210 -0.53 0.44 0.00 0.00 HOLD
4.867	>>> V 0.00 0.00
4.867	S 20740230 -0.44 0.44 0.00 0.00 HOLD
4.886	>>> V 0.00 0.00
4.887	S 20740250 -0.53 0.44 0.00 0.00 HOLD
4.907	>>> V 0.00 0.00
4.907	S 20740270 -0.44 0.44 0.00 0.00 HOLD
4.925	>>> V 0.00 0.00
4.926	S 20740290 -0.44 0.44 0.00 0.00 HOLD
4.946	>>> V 0.00 0.00
4.946	S 20740310 -0.44 0.44 0.00 0.00 HOLD
4.966	>>> V 0.00 0.00
4.966	S 20740330 -0.53 0.53 0.00 0.00 HOLD
4.987	>>> V 0.00 0.00
4.987	S 20740350 -0.44 0.44 0.00 0.00 HOLD
5.006	>>> V 0.00 0.00
5.007	S 20740370 -0.44 0.44 0.00 0.00 HOLD
5.026	>>> V 0.00 0.00
5.026	S 20740390 -0.44 0.44 0.00 0.00 HOLD
5.047	>>> V 0.00 0.00
5.048	S 20740410 -0.44 0.44 0.00 0.00 HOLD
5.066	>>> V 0.00 0.00
5.066	S 20740430 -0.44 0.44 0.00 0.00 HOLD
5.090	>>> V 0.00 0.00
5.091	S 20740450 -0.44 0.44 0.00 0.00 HOLD
5.106	>>> V 0.00 0.00
5.106	S 20740470 -0.53 0.44 0.00 0.00 HOLD
5.128	>>> V 0.00 0.00
5.129	S 20740490 -0.44 0.44 0.00 0.00 HOLD
5.147	>>> V 0.00 0.00
5.147	S 20740510 -0.44 0.44 0.00 0.00 HOLD
5.168	>>> V 0.00 0.00
5.168	S 20740530 -0.53 0.44 0.00 0.00 HOLD
5.186	>>> V 0.00 0.00
5.188	S 20740550 -0.44 0.44 0.00 0.00 HOLD
5.206	>>> V 0.00 0.00
5.207	S 20740570 -0.44 0.44 0.00 0.00 HOLD
5.226	>>> V 0.00 0.00
5.226	S 20740590 -0.44 0.44 0.00 0.00 HOLD
5.249	>>> V 0.00 0.00
5.249	S 20740610 -0.44 0.44 0.00 0.00 HOLD
5.266	>>> V 0.00 0.00
5.268	S 20740630 -0.44 0.44 0.00 0.00 HOLD
5.290	>>> V 0.00 0.00
5.291	S 20740650 -0.44 0.44 0.00 0.00 HOLD
5.307	>>> V 0.00 0.00
5.307	S 20740670 -0.44 0.44 0.00 0.00 HOLD
5.328	>>> V 0.00 0.00
5.329	S 20740690 -0.44 0.44 0.00 0.00 HOLD
5.346	>>> V 0.00 0.00
5.348	S 20740710 -0.44 0.44 0.00 0.00 HOLD
5.366	>>> V 0.00 0.00
5.368	S 20740730 -0.53 0.44 0.00 0.00 HOLD
5.389	>>> V 0.00 0.00
5.390	S 20740750 -0.53 0.53 0.00 0.00 HOLD
5.406	>>> V 0.00 0.00
5.406	S 20740770 -0.44 0.44 0.00 0.00 HOLD
5.427	>>> V 0.00 0.00
5.428	S 20740790 -0.44 0.44 0.00 0.00 HOLD
5.446	>>> V 0.00 0.00
5.447	S 20740810 -0.53 0.44 0.00 0.00 HOLD
5.467	>>> V 0.00 0.00
5.468	S 20740830 -0.44 0.44 0.00 0.00 HOLD
5.486	>>> V 0.00 0.00
5.487	S 20740850 -0.53 0.44 0.00 0.00 HOLD
5.506	>>> V 0.00 0.00
5.507	S 20740870 -0.44 0.44 0.00 0.00 HOLD
5.526	>>> V 0.00 0.00
5.526	S 20740890 -0.44 0.44 0.00 0.00 HOLD
5.546	>>> V 0.00 0.00
5.548	S 20740910 -0.44 0.44 0.00 0.00 HOLD
5.566	>>> V 0.00 0.00
5.566	S 20740930 -0.44 0.44 0.00 0.00 HOLD
5.588	>>> V 0.00 0.00
5.589	S 20740950 -0.44 0.44 0.00 0.00 HOLD
5.606	>>> V 0.00 0.00
5.606	S 20740970 -0.44 0.44 0.00 0.00 HOLD
5.629	>>> V 0.00 0.00
5.629	S 20740990 -0.44 0.44 0.00 0.00 HOLD
5.648	>>> V 0.00 0.00
5.648	S 20741010 -0.44 0.53 0.00 0.00 HOLD
5.667	>>> V 0.00 0.00
5.667	S 20741030 -0.53 0.44 0.00 0.00 HOLD
5.686	>>> V 0.00 0.00
5.687	S 20741050 -0.44 0.44 0.00 0.00 HOLD
5.706	>>> V 0.00 0.00
5.707	S 20741070 -0.44 0.44 0.00 0.00 HOLD
5.727	>>> V 0.00 0.00
5.728	S 20741090 -0.44 0.44 0.00 0.00 HOLD
5.746	>>> V 0.00 0.00
5.747	S 20741110 -0.44 0.44 0.00 0.00 HOLD
5.770	>>> V 0.00 0.00
5.771	S 20741130 -0.44 0.44 0.00 0.00 HOLD
5.786	>>> V 0.00 0.00
5.787	S 20741150 -0.44 0.44 0.00 0.00 HOLD
5.809	>>> V 0.00 0.00
5.809	S 20741170 -0.44 0.44 0.00 0.00 HOLD
5.826	>>> V 0.00 0.00
5.827	S 20741190 -0.44 0.44 0.00 0.00 HOLD
5.846	>>> V 0.00 0.00
5.846	S 20741210 -0.44 0.44 0.00 0.00 HOLD
5.866	>>> V 0.00 0.00
5.867	S 20741230 -0.44 0.44 0.00 0.00 HOLD
5.886	>>> V 0.00 0.00
5.887	S 20741250 -0.44 0.44 0.00 0.00 HOLD
5.906	>>> V 0.00 0.00
5.907	S 20741270 -0.44 0.44 0.00 0.00 HOLD
5.928	>>> V 0.00 0.00
5.929	S 20741290 -0.44 0.44 0.00 0.00 HOLD
5.946	>>> V 0.00 0.00
5.947	S 20741310 -0.44 0.44 0.00 0.00 HOLD
5.969	>>> V 0.00 0.00
5.971	S 20741330 -0.44 0.44 0.00 0.00 HOLD
5.986	>>> V 0.00 0.00
5.987	S 20741350 -0.44 0.44 0.00 0.00 HOLD
6.009	>>> V 0.00 0.00
6.009	S 20741370 -0.53 0.44 0.00 0.00 HOLD
6.027	>>> V 0.00 0.00
6.027	S 20741390 -0.44 0.44 0.00 0.00 HOLD
6.047	>>> V 0.00 0.00
6.049	S 20741410 -0.44 0.44 0.00 0.00 HOLD
6.067	>>> V 0.00 0.00
6.067	S 20741430 -0.44 0.44 0.00 0.00 HOLD
6.086	>>> V 0.00 0.00
6.086	S 20741450 -0.44 0.44 0.00 0.00 HOLD
6.108	>>> V 0.00 0.00
6.108	S 20741470 -0.44 0.44 0.00 0.00 HOLD
6.126	>>> V 0.00 0.00
6.127	S 20741490 -0.53 0.44 0.00 0.00 HOLD
6.149	>>> V 0.00 0.00
6.149	S 20741510 -0.53 0.44 0.00 0.00 HOLD
6.166	>>> V 0.00 0.00
6.167	S 20741530 -0.44 0.44 0.00 0.00 HOLD
6.188	>>> V 0.00 0.00
6.189	S 20741550 -0.44 0.44 0.00 0.00 HOLD
6.208	>>> V 0.00 0.00
6.209	S 20741570 -0.44 0.44 0.00 0.00 HOLD
6.226	>>> V 0.00 0.00
6.227	S 20741590 -0.44 0.44 0.00 0.00 HOLD
6.246	>>> V 0.00 0.00
6.246	S 20741610 -0.44 0.44 0.00 0.00 HOLD
6.267	>>> V 0.00 0.00
6.267	S 20741630 -0.44 0.44 0.00 0.00 HOLD
6.286	>>> V 0.00 0.00
6.286	S 20741650 -0.44 0.44 0.00 0.00 HOLD
6.310	>>> V 0.00 0.00
6.310	S 20741670 -0.44 0.44 0.00 0.00 HOLD
6.328	>>> V 0.00 0.00
6.328	S 20741690 -0.44 0.44 0.00 0.00 HOLD
6.346	>>> V 0.00 0.00
6.347	S 20741710 -0.44 0.44 0.00 0.00 HOLD
6.366	>>> V 0.00 0.00
6.367	S 20741730 -0.44 0.44 0.00 0.00 HOLD
6.386	>>> V 0.00 0.00
6.386	S 20741750 -0.44 0.44 0.00 0.00 HOLD
6.408	>>> V 0.00 0.00
6.409	S 20741770 -0.44 0.44 0.00 0.00 HOLD
6.428	>>> V 0.00 0.00
6.429	S 20741790 -0.44 0.44 0.00 0.00 HOLD
6.447	>>> V 0.00 0.00
6.448	S 20741810 -0.44 0.44 0.00 0.00 HOLD
6.469	>>> V 0.00 0.00
6.470	S 20741830 -0.44 0.44 0.00 0.00 HOLD
6.486	>>> V 0.00 0.00
6.487	S 20741850 -0.44 0.44 0.00 0.00 HOLD
6.506	>>> V 0.00 0.00
6.507	S 20741870 -0.53 0.44 0.00 0.00 HOLD
6.526	>>> V 0.00 0.00
6.527	S 20741890 -0.44 0.44 0.00 0.00 HOLD
6.550	>>> V 0.00 0.00
6.551	S 20741910 -0.44 0.44 0.00 0.00 HOLD
6.567	>>> V 0.00 0.00
6.568	S 20741930 -0.44 0.44 0.00 0.00 HOLD
6.590	>>> V 0.00 0.00
6.591	S 20741950 -0.53 0.44 0.00 0.00 HOLD
6.608	>>> V 0.00 0.00
6.608	S 20741970 -0.44 0.44 0.00 0.00 HOLD
6.626	>>> V 0.00 0.00
6.627	S 20741990 -0.44 0.44 0.00 0.00 HOLD
6.652	>>> V 0.00 0.00
6.653	S 20742010 -0.44 0.53 0.00 0.00 HOLD
6.666	>>> V 0.00 0.00
6.667	S 20742030 -0.44 0.44 0.00 0.00 HOLD
6.688	>>> V 0.00 0.00
6.689	S 20742050 -0.53 0.44 0.00 0.00 HOLD
6.706	>>> V 0.00 0.00
6.707	S 20742070 -0.44 0.44 0.00 0.00 HOLD
6.728	>>> V 0.00 0.00
6.728	S 20742090 -0.44 0.44 0.00 0.00 HOLD
6.748	>>> V 0.00 0.00
6.750	S 20742110 -0.44 0.44 0.00 0.00 HOLD
6.767	>>> V 0.00 0.00
6.767	S 20742130 -0.44 0.44 0.00 0.00 HOLD
6.788	>>> V 0.00 0.00
6.789	S 20742150 -0.44 0.44 0.00 0.00 HOLD
6.806	>>> V 0.00 0.00
6.807	S 20742170 -0.44 0.44 0.00 0.00 HOLD
6.827	>>> V 0.00 0.00
6.827	S 20742190 -0.53 0.44 0.00 0.00 HOLD
6.847	>>> V 0.00 0.00
6.849	S 20742210 -0.44 0.44 0.00 0.00 HOLD
6.866	>>> V 0.00 0.00
6.867	S 20742230 -0.44 0.44 0.00 0.00 HOLD
6.888	>>> V 0.00 0.00
6.889	S 20742250 -0.53 0.44 0.00 0.00 HOLD
6.908	>>> V 0.00 0.00
6.908	S 20742270 -0.44 0.44 0.00 0.00 HOLD
6.930	>>> V 0.00 0.00
6.931	S 20742290 -0.44 0.44 0.00 0.00 HOLD
6.947	>>> V 0.00 0.00
6.948	S 20742310 -0.44 0.44 0.00 0.00 HOLD
6.967	>>> V 0.00 0.00
6.968	S 20742330 -0.44 0.44 0.00 0.00 HOLD
6.987	>>> V 0.00 0.00
6.988	S 20742350 -0.53 0.44 0.00 0.00 HOLD
7.006	>>> V 0.00 0.00
7.007	S 20742370 -0.53 0.53 0.00 0.00 HOLD
7.027	>>> V 0.00 0.00
7.028	S 20742390 -0.44 0.44 0.00 0.00 HOLD
7.047	>>> V 0.00 0.00
7.048	S 20742410 -0.44 0.44 0.00 0.00 HOLD
7.067	>>> V 0.00 0.00
7.067	S 20742430 -0.44 0.44 0.00 0.00 HOLD
7.088	>>> V 0.00 0.00
7.088	S 20742450 -0.44 0.44 0.00 0.00 HOLD
7.106	>>> V 0.00 0.00
7.106	S 20742470 -0.44 0.44 0.00 0.00 HOLD
7.128	>>> V 0.00 0.00
7.129	S 20742490 -0.44 0.44 0.00 0.00 HOLD
7.146	>>> V 0.00 0.00
7.147	S 20742510 -0.35 0.44 0.00 0.00 HOLD
7.166	>>> V 0.00 0.00
7.166	S 20742530 -0.53 0.44 0.00 0.00 HOLD
7.186	>>> V 0.00 0.00
7.187	S 20742550 -0.53 0.44 0.00 0.00 HOLD
7.206	>>> V 0.00 0.00
7.206	S 20742570 -0.53 0.35 0.00 0.00 HOLD
7.227	>>> V 0.00 0.00
7.228	S 20742590 -0.44 0.35 -1.37 0.00 HOLD
7.246	>>> V 0.00 0.00
7.248	S 20742610 -0.26 0.35 0.00 0.00 HOLD
7.266	>>> V 0.00 0.00
7.266	S 20742630 -0.26 0.35 2.75 0.00 HOLD
7.286	>>> V 0.00 0.00
7.287	S 20742650 -0.26 0.35 2.75 0.00 HOLD
7.306	>>> V 0.00 0.00
7.307	S 20742670 -0.26 0.35 1.37 0.00 HOLD
7.330	>>> V 0.00 0.00
7.331	S 20742690 -0.26 0.35 0.00 0.00 HOLD
7.346	>>> V 0.00 0.00
7.347	S 20742710 -0.18 0.35 0.00 0.00 HOLD
7.366	>>> V 0.00 0.00
7.367	S 20742730 -0.26 0.35 0.00 0.00 HOLD
7.386	>>> V 0.00 0.00
7.388	S 20742750 -0.26 0.35 0.00 0.00 HOLD
7.406	>>> V 0.00 0.00
7.406	S 20742770 -0.26 0.35 0.00 0.00 HOLD
7.430	>>> V 0.00 0.00
7.430	S 20742790 -0.26 0.35 0.00 0.00 HOLD
7.449	>>> V 0.00 0.00
7.449	S 20742810 -0.26 0.35 0.00 0.00 HOLD
7.467	>>> V 0.00 0.00
7.467	S 20742830 -0.26 0.35 0.00 0.00 HOLD
7.490	>>> V 0.00 0.00
7.490	S 20742850 -0.26 0.35 0.00 0.00 HOLD
7.506	>>> V 0.00 0.00
7.507	S 20742870 -0.26 0.35 0.00 0.00 HOLD
7.526	>>> V 0.00 0.00
7.527	S 20742890 -0.26 0.35 0.00 0.00 HOLD
7.546	>>> V 0.00 0.00
7.546	S 20742910 -0.26 0.35 0.00 0.00 HOLD
7.568	>>> V 0.00 0.00
7.568	S 20742930 -0.26 0.35 0.00 0.00 HOLD
7.587	>>> V 0.00 0.00
7.588	S 20742950 -0.26 0.35 0.00 0.00 HOLD
7.606	>>> V 0.00 0.00
7.607	S 20742970 -0.26 0.35 0.00 0.00 HOLD
7.627	>>> V 0.00 0.00
7.628	S 20742990 -0.26 0.44 0.00 0.00 HOLD
7.646	>>> V 0.00 0.00
7.648	S 20743010 -0.26 0.35 0.00 0.00 HOLD
7.669	>>> V 0.00 0.00
7.670	S 20743030 -0.26 0.35 0.00 0.00 HOLD
7.686	>>> V 0.00 0.00
7.687	S 20743050 -0.26 0.35 0.00 0.00 HOLD
7.708	>>> V 0.00 0.00
7.708	S 20743070 -0.26 0.35 0.00 0.00 HOLD
7.727	>>> V 0.00 0.00
7.727	S 20743090 -0.26 0.35 0.00 0.00 HOLD
7.747	>>> V 0.00 0.00
7.749	S 20743110 -0.26 0.35 0.00 0.00 HOLD
7.769	>>> V 0.00 0.00
7.770	S 20743130 -0.18 0.35 0.00 0.00 HOLD
7.786	>>> V 0.00 0.00
7.786	S 20743150 -0.26 0.35 0.00 0.00 HOLD
7.808	>>> V 0.00 0.00
7.809	S 20743170 -0.26 0.35 0.00 0.00 HOLD
7.826	>>> V 0.00 0.00
7.826	S 20743190 -0.26 0.35 0.00 0.00 HOLD
7.846	>>> V 0.00 0.00
7.848	S 20743210 -0.26 0.35 0.00 0.00 HOLD
7.866	>>> V 0.00 0.00
7.866	S 20743230 -0.26 0.35 0.00 0.00 HOLD
7.890	>>> V 0.00 0.00
7.890	S 20743250 -0.26 0.35 0.00 0.00 HOLD
7.907	>>> V 0.00 0.00
7.907	S 20743270 -0.26 0.35 0.00 0.00 HOLD
7.927	>>> V 0.00 0.00
7.927	S 20743290 -0.18 0.35 0.00 0.00 HOLD
7.946	>>> V 0.00 0.00
7.946	S 20743310 -0.26 0.35 0.00 0.00 HOLD
7.967	>>> V 0.00 0.00
7.967	S 20743330 -0.26 0.35 0.00 0.00 HOLD
7.986	>>> V 0.00 0.00
7.986	S 20743350 -0.26 0.35 0.00 0.00 HOLD
8.006	>>> V 0.00 0.00
8.006	S 20743370 -0.26 0.35 0.00 0.00 HOLD
8.030	>>> V 0.00 0.00
8.031	S 20743390 -0.26 0.35 0.00 0.00 HOLD
8.049	>>> V 0.00 0.00
8.050	S 20743410 -0.26 0.35 0.00 0.00 HOLD
8.068	>>> V 0.00 0.00
8.069	S 20743430 -0.26 0.35 0.00 0.00 HOLD
8.088	>>> V 0.00 0.00
8.088	S 20743450 -0.26 0.35 0.00 0.00 HOLD
8.106	>>> V 0.00 0.00
8.107	S 20743470 -0.26 0.35 0.00 0.00 HOLD
8.132	>>> V 0.00 0.00
8.133	S 20743490 -0.26 0.35 0.00 0.00 HOLD
8.148	>>> V 0.00 0.00
8.149	S 20743510 -0.26 0.35 0.00 0.00 HOLD
8.168	>>> V 0.00 0.00
8.168	S 20743530 -0.26 0.35 0.00 0.00 HOLD
8.187	>>> V 0.00 0.00
8.187	S 20743550 -0.26 0.35 0.00 0.00 HOLD
8.206	>>> V 0.00 0.00
8.207	S 20743570 -0.26 0.35 0.00 0.00 HOLD
8.226	>>> V 0.00 0.00
8.227	S 20743590 -0.26 0.35 0.00 0.00 HOLD
8.247	>>> V 0.00 0.00
8.247	S 20743610 -0.26 0.35 0.00 0.00 HOLD
8.267	>>> V 0.00 0.00
8.268	S 20743630 -0.18 0.35 0.00 0.00 HOLD
8.286	>>> V 0.00 0.00
8.286	S 20743650 -0.26 0.35 0.00 0.00 HOLD
8.306	>>> V 0.00 0.00
8.308	S 20743670 -0.26 0.35 0.00 0.00 HOLD
8.326	>>> V 0.00 0.00
8.326	S 20743690 -0.26 0.35 0.00 0.00 HOLD
8.349	>>> V 0.00 0.00
8.349	S 20743710 -0.26 0.35 0.00 0.00 HOLD
8.366	>>> V 0.00 0.00
8.366	S 20743730 -0.26 0.35 0.00 0.00 HOLD
8.387	>>> V 0.00 0.00
8.387	S 20743750 -0.26 0.35 0.00 0.00 HOLD
8.408	>>> V 0.00 0.00
8.408	S 20743770 -0.26 0.35 0.00 0.00 HOLD
8.427	>>> V 0.00 0.00
8.427	S 20743790 -0.26 0.35 0.00 0.00 HOLD
8.446	>>> V 0.00 0.00
8.447	S 20743810 -0.26 0.35 0.00 0.00 HOLD
8.466	>>> V 0.00 0.00
8.467	S 20743830 -0.26 0.35 0.00 0.00 HOLD
8.486	>>> V 0.00 0.00
8.486	S 20743850 -0.26 0.35 0.00 0.00 HOLD
8.507	>>> V 0.00 0.00
8.507	S 20743870 -0.26 0.35 0.00 0.00 HOLD
8.527	>>> V 0.00 0.00
8.529	S 20743890 -0.18 0.35 0.00 0.00 HOLD
8.546	>>> V 0.00 0.00
8.547	S 20743910 -0.26 0.35 0.00 0.00 HOLD
8.566	>>> V 0.00 0.00
8.566	S 20743930 -0.26 0.35 0.00 0.00 HOLD
8.586	>>> V 0.00 0.00
8.587	S 20743950 -0.26 0.35 0.00 0.00 HOLD
8.608	>>> V 0.00 0.00
8.608	S 20743970 -0.26 0.35 0.00 0.00 HOLD
8.626	>>> V 0.00 0.00
8.626	S 20743990 -0.26 0.35 0.00 0.00 HOLD
8.646	>>> V 0.00 0.00
8.647	S 20744010 -0.26 0.35 0.00 0.00 HOLD
8.667	>>> V 0.00 0.00
8.667	S 20744030 -0.18 0.35 0.00 0.00 HOLD
8.686	>>> V 0.00 0.00
8.686	S 20744050 -0.26 0.35 0.00 0.00 HOLD
8.707	>>> V 0.00 0.00
8.708	S 20744070 -0.26 0.35 0.00 0.00 HOLD
8.726	>>> V 0.00 0.00
8.726	S 20744090 -0.26 0.35 0.00 0.00 HOLD
8.746	>>> V 0.00 0.00
8.747	S 20744110 -0.26 0.35 0.00 0.00 HOLD
8.766	>>> V 0.00 0.00
8.767	S 20744130 -0.26 0.35 0.00 0.00 HOLD
8.786	>>> V 0.00 0.00
8.786	S 20744150 -0.18 0.35 0.00 0.00 HOLD
8.807	>>> V 0.00 0.00
8.807	S 20744170 -0.26 0.35 0.00 0.00 HOLD
8.827	>>> V 0.00 0.00
8.827	S 20744190 -0.26 0.35 0.00 0.00 HOLD
8.846	>>> V 0.00 0.00
8.847	S 20744210 -0.26 0.35 0.00 0.00 HOLD
8.866	>>> V 0.00 0.00
8.866	S 20744230 -0.26 0.35 0.00 0.00 HOLD
8.886	>>> V 0.00 0.00
8.887	S 20744250 -0.26 0.35 0.00 0.00 HOLD
8.906	>>> V 0.00 0.00
8.907	S 20744270 -0.26 0.35 0.00 0.00 HOLD
8.926	>>> V 0.00 0.00
8.926	S 20744290 -0.26 0.35 0.00 0.00 HOLD
8.949	>>> V 0.00 0.00
8.951	S 20744310 -0.26 0.35 0.00 0.00 HOLD
8.966	>>> V 0.00 0.00
8.966	S 20744330 -0.26 0.35 0.00 0.00 HOLD
8.990	>>> V 0.00 0.00
8.991	S 20744350 -0.26 0.35 0.00 0.00 HOLD
9.006	>>> V 0.00 0.00
9.007	S 20744370 -0.26 0.35 0.00 0.00 HOLD
9.027	>>> V 0.00 0.00
9.027	S 20744390 -0.26 0.35 0.00 0.00 HOLD
9.046	>>> V 0.00 0.00
9.046	S 20744410 -0.26 0.35 0.00 0.00 HOLD
9.066	>>> V 0.00 0.00
9.066	S 20744430 -0.26 0.35 0.00 0.00 HOLD
9.086	>>> V 0.00 0.00
9.086	S 20744450 -0.26 0.35 0.00 0.00 HOLD
9.106	>>> V 0.00 0.00
9.106	S 20744470 -0.26 0.35 0.00 0.00 HOLD
9.126	>>> V 0.00 0.00
9.129	S 20744490 -0.26 0.35 0.00 0.00 HOLD
9.146	>>> V 0.00 0.00
9.146	S 20744510 -0.26 0.35 0.00 0.00 HOLD
9.166	>>> V 0.00 0.00
9.168	S 20744530 -0.26 0.35 0.00 0.00 HOLD
9.186	>>> V 0.00 0.00
9.186	S 20744550 -0.26 0.35 0.00 0.00 HOLD
9.206	>>> V 0.00 0.00
9.207	S 20744570 -0.26 0.35 0.00 0.00 HOLD
9.226	>>> V 0.00 0.00
9.226	S 20744590 -0.26 0.35 0.00 0.00 HOLD
9.246	>>> V 0.00 0.00
9.247	S 20744610 -0.26 0.35 0.00 0.00 HOLD
9.266	>>> V 0.00 0.00
9.266	S 20744630 -0.26 0.35 0.00 0.00 HOLD
9.288	>>> V 0.00 0.00
9.289	S 20744650 -0.26 0.35 0.00 0.00 HOLD
9.306	>>> V 0.00 0.00
9.306	S 20744670 -0.26 0.35 0.00 0.00 HOLD
9.328	>>> V 0.00 0.00
9.328	S 20744690 -0.26 0.35 0.00 0.00 HOLD
9.348	>>> V 0.00 0.00
9.348	S 20744710 -0.26 0.35 0.00 0.00 HOLD
9.366	>>> V 0.00 0.00
9.366	S 20744730 -0.26 0.35 0.00 0.00 HOLD
9.386	>>> V 0.00 0.00
9.386	S 20744750 -0.26 0.35 0.00 0.00 HOLD
9.406	>>> V 0.00 0.00
9.406	S 20744770 -0.26 0.35 0.00 0.00 HOLD
9.426	>>> V 0.00 0.00
9.426	S 20744790 -0.26 0.35 0.00 0.00 HOLD
9.445	>>> V 0.00 0.00
9.446	S 20744810 -0.26 0.35 0.00 0.00 HOLD
9.466	>>> V 0.00 0.00
9.466	S 20744830 -0.18 0.44 0.00 0.00 HOLD
9.487	>>> V 0.00 0.00
9.487	S 20744850 -0.26 0.35 0.00 0.00 HOLD
9.506	>>> V 0.00 0.00
9.507	S 20744870 -0.26 0.35 0.00 0.00 HOLD
9.526	>>> V 0.00 0.00
9.527	S 20744890 -0.26 0.35 0.00 0.00 HOLD
9.547	>>> V 0.00 0.00
9.547	S 20744910 -0.26 0.35 0.00 0.00 HOLD
9.566	>>> V 0.00 0.00
9.566	S 20744930 -0.26 0.35 0.00 0.00 HOLD
9.588	>>> V 0.00 0.00
9.588	S 20744950 -0.26 0.35 0.00 0.00 HOLD
9.606	>>> V 0.00 0.00
9.608	S 20744970 -0.26 0.35 0.00 0.00 HOLD
9.630	>>> V 0.00 0.00
9.630	S 20744990 -0.26 0.35 0.00 0.00 HOLD
9.647	>>> V 0.00 0.00
9.647	S 20745010 -0.26 0.35 0.00 0.00 HOLD
9.666	>>> V 0.00 0.00
9.666	S 20745030 -0.26 0.35 0.00 0.00 HOLD
9.686	>>> V 0.00 0.00
9.686	S 20745050 -0.26 0.35 0.00 0.00 HOLD
9.706	>>> V 0.00 0.00
9.707	S 20745070 -0.26 0.35 0.00 0.00 HOLD
9.726	>>> V 0.00 0.00
9.727	S 20745090 -0.26 0.35 0.00 0.00 HOLD
9.746	>>> V 0.00 0.00
9.748	S 20745110 -0.26 0.35 0.00 0.00 HOLD
9.766	>>> V 0.00 0.00
9.766	S 20745130 -0.18 0.35 0.00 0.00 HOLD
9.786	>>> V 0.00 0.00
9.787	S 20745150 -0.26 0.35 0.00 0.00 HOLD
9.806	>>> V 0.00 0.00
9.806	S 20745170 -0.18 0.35 0.00 0.00 HOLD
9.826	>>> V 0.00 0.00
9.828	S 20745190 -0.26 0.44 0.00 0.00 HOLD
9.846	>>> V 0.00 0.00
9.847	S 20745210 -0.26 0.35 0.00 0.00 HOLD
9.869	>>> V 0.00 0.00
9.869	S 20745230 -0.26 0.35 0.00 0.00 HOLD
9.886	>>> V 0.00 0.00
9.886	S 20745250 -0.26 0.35 0.00 0.00 HOLD
9.909	>>> V 0.00 0.00
9.909	S 20745270 -0.26 0.35 0.00 0.00 HOLD
9.927	>>> V 0.00 0.00
9.927	S 20745290 -0.26 0.35 0.00 0.00 HOLD
9.948	>>> V 0.00 0.00
9.948	S 20745310 -0.18 0.35 0.00 0.00 HOLD
9.966	>>> V 0.00 0.00
9.967	S 20745330 -0.26 0.35 0.00 0.00 HOLD
9.986	>>> V 0.00 0.00
9.987	S 20745350 -0.26 0.35 0.00 0.00 HOLD
10.006	>>> V 0.00 0.00
10.007	S 20745370 -0.26 0.35 0.00 0.00 HOLD
10.026	>>> V 0.00 0.00
10.026	S 20745390 -0.18 0.35 0.00 0.00 HOLD
10.047	>>> V 0.00 0.00
10.048	S 20745411 -0.26 0.35 0.00 0.00 HOLD
10.066	>>> V 0.00 0.00
10.066	S 20745431 -0.26 0.35 0.00 0.00 HOLD
10.089	>>> V 0.00 0.00
10.090	S 20745451 -0.26 0.35 0.00 0.00 HOLD
10.106	>>> V 0.00 0.00
10.106	S 20745471 -0.26 0.35 0.00 0.00 HOLD
10.128	>>> V 0.00 0.00
10.128	S 20745491 -0.26 0.35 0.00 0.00 HOLD
10.146	>>> V 0.00 0.00
10.146	S 20745511 -0.26 0.35 0.00 0.00 HOLD
10.167	>>> V 0.00 0.00
10.168	S 20745531 -0.26 0.35 0.00 0.00 HOLD
10.186	>>> V 0.00 0.00
10.186	S 20745551 -0.26 0.35 0.00 0.00 HOLD
10.206	>>> V 0.00 0.00
10.207	S 20745571 -0.18 0.35 0.00 0.00 HOLD
10.226	>>> V 0.00 0.00
10.227	S 20745591 -0.26 0.35 0.00 0.00 HOLD
10.249	>>> V 0.00 0.00
10.249	S 20745611 -0.26 0.35 0.00 0.00 HOLD
10.266	>>> V 0.00 0.00
10.267	S 20745631 -0.26 0.35 0.00 0.00 HOLD
10.286	>>> V 0.00 0.00
10.291	S 20745651 -0.26 0.35 0.00 0.00 HOLD
10.306	>>> V 0.00 0.00
10.307	S 20745671 -0.26 0.35 0.00 0.00 HOLD
10.328	>>> V 0.00 0.00
10.328	S 20745691 -0.26 0.35 0.00 0.00 HOLD
10.346	>>> V 0.00 0.00
10.347	S 20745711 -0.26 0.35 0.00 0.00 HOLD
10.366	>>> V 0.00 0.00
10.367	S 20745731 -0.26 0.35 0.00 0.00 HOLD
10.387	>>> V 0.00 0.00
10.387	S 20745751 -0.26 0.35 0.00 0.00 HOLD
10.409	>>> V 0.00 0.00
10.409	S 20745771 -0.26 0.35 0.00 0.00 HOLD
10.426	>>> V 0.00 0.00
10.427	S 20745791 -0.26 0.35 0.00 0.00 HOLD
10.447	>>> V 0.00 0.00
10.447	S 20745811 -0.18 0.35 0.00 0.00 HOLD
10.466	>>> V 0.00 0.00
10.466	S 20745831 -0.26 0.35 0.00 0.00 HOLD
10.490	>>> V 0.00 0.00
10.491	S 20745851 -0.26 0.35 0.00 0.00 HOLD
10.506	>>> V 0.00 0.00
10.506	S 20745871 -0.26 0.35 0.00 0.00 HOLD
10.530	>>> V 0.00 0.00
10.530	S 20745891 -0.26 0.35 0.00 0.00 HOLD
10.547	>>> V 0.00 0.00
10.547	S 20745911 -0.26 0.35 0.00 0.00 HOLD
10.569	>>> V 0.00 0.00
10.569	S 20745931 -0.26 0.35 0.00 0.00 HOLD
10.586	>>> V 0.00 0.00
10.586	S 20745951 -0.26 0.35 0.00 0.00 HOLD
10.606	>>> V 0.00 0.00
10.606	S 20745971 -0.26 0.35 0.00 0.00 HOLD
10.628	>>> V 0.00 0.00
10.628	S 20745991 -0.26 0.35 0.00 0.00 HOLD
10.646	>>> V 0.00 0.00
10.646	S 20746011 -0.26 0.35 0.00 0.00 HOLD
10.667	>>> V 0.00 0.00
10.669	S 20746031 -0.26 0.44 0.00 0.00 HOLD
10.687	>>> V 0.00 0.00
10.687	S 20746051 -0.26 0.35 0.00 0.00 HOLD
10.708	>>> V 0.00 0.00
10.708	S 20746071 -0.26 0.35 0.00 0.00 HOLD
10.726	>>> V 0.00 0.00
10.726	S 20746091 -0.26 0.35 0.00 0.00 HOLD
10.747	>>> V 0.00 0.00
10.748	S 20746111 -0.26 0.35 0.00 0.00 HOLD
10.766	>>> V 0.00 0.00
10.766	S 20746131 -0.26 0.35 0.00 0.00 HOLD
10.786	>>> V 0.00 0.00
10.786	S 20746151 -0.26 0.35 0.00 0.00 HOLD
10.807	>>> V 0.00 0.00
10.809	S 20746171 -0.26 0.35 0.00 0.00 HOLD
10.827	>>> V 0.00 0.00
10.828	S 20746191 -0.26 0.35 0.00 0.00 HOLD
10.847	>>> V 0.00 0.00
10.848	S 20746211 -0.26 0.35 0.00 0.00 HOLD
10.868	>>> V 0.00 0.00
10.868	S 20746231 -0.18 0.35 0.00 0.00 HOLD
10.887	>>> V 0.00 0.00
10.887	S 20746251 -0.26 0.35 0.00 0.00 HOLD
10.906	>>> V 0.00 0.00
10.906	S 20746271 -0.26 0.35 0.00 0.00 HOLD
10.926	>>> V 0.00 0.00
10.926	S 20746291 -0.26 0.35 0.00 0.00 HOLD
10.946	>>> V 0.00 0.00
10.947	S 20746311 -0.26 0.35 0.00 0.00 HOLD
10.966	>>> V 0.00 0.00
10.966	S 20746331 -0.26 0.35 0.00 0.00 HOLD
10.987	>>> V 0.00 0.00
10.988	S 20746351 -0.26 0.35 0.00 0.00 HOLD
11.006	>>> V 0.00 0.00
11.006	S 20746371 -0.26 0.35 0.00 0.00 HOLD
11.028	>>> V 0.00 0.00
11.029	S 20746391 -0.26 0.35 0.00 0.00 HOLD
11.046	>>> V 0.00 0.00
11.046	S 20746411 -0.26 0.35 0.00 0.00 HOLD
11.067	>>> V 0.00 0.00
11.068	S 20746431 -0.26 0.35 0.00 0.00 HOLD
11.086	>>> V 0.00 0.00
11.086	S 20746451 -0.26 0.35 0.00 0.00 HOLD
11.110	>>> V 0.00 0.00
11.111	S 20746471 -0.26 0.35 0.00 0.00 HOLD
11.126	>>> V 0.00 0.00
11.127	S 20746491 -0.26 0.35 0.00 0.00 HOLD
11.148	>>> V 0.00 0.00
11.148	S 20746511 -0.26 0.35 0.00 0.00 HOLD
11.166	>>> V 0.00 0.00
11.166	S 20746531 -0.26 0.35 0.00 0.00 HOLD
11.187	>>> V 0.00 0.00
11.189	S 20746551 -0.26 0.35 0.00 0.00 HOLD
11.208	>>> V 0.00 0.00
11.208	S 20746571 -0.26 0.35 0.00 0.00 HOLD
11.226	>>> V 0.00 0.00
11.226	S 20746591 -0.26 0.35 0.00 0.00 HOLD
11.248	>>> V 0.00 0.00
11.251	S 20746611 -0.26 0.35 0.00 0.00 HOLD
11.266	>>> V 0.00 0.00
11.266	S 20746631 -0.26 0.35 0.00 0.00 HOLD
11.287	>>> V 0.00 0.00
11.287	S 20746651 -0.26 0.35 0.00 0.00 HOLD
11.308	>>> V 0.00 0.00
11.308	S 20746671 -0.26 0.35 0.00 0.00 HOLD
11.326	>>> V 0.00 0.00
11.326	S 20746691 -0.26 0.35 0.00 0.00 HOLD
11.348	>>> V 0.00 0.00
11.348	S 20746711 -0.26 0.35 0.00 0.00 HOLD
11.366	>>> V 0.00 0.00
11.367	S 20746731 -0.26 0.35 0.00 0.00 HOLD
11.387	>>> V 0.00 0.00
11.387	S 20746751 -0.26 0.35 0.00 0.00 HOLD
11.408	>>> V 0.00 0.00
11.409	S 20746771 -0.18 0.35 0.00 0.00 HOLD
11.427	>>> V 0.00 0.00
11.429	S 20746791 -0.26 0.35 0.00 0.00 HOLD
11.446	>>> V 0.00 0.00
11.448	S 20746811 -0.18 0.35 0.00 0.00 HOLD
11.466	>>> V 0.00 0.00
11.467	S 20746831 -0.26 0.35 0.00 0.00 HOLD
11.487	>>> V 0.00 0.00
11.487	S 20746851 -0.26 0.35 0.00 0.00 HOLD
11.508	>>> V 0.00 0.00
11.508	S 20746871 -0.26 0.35 0.00 0.00 HOLD
11.526	>>> V 0.00 0.00
11.527	S 20746891 -0.26 0.35 0.00 0.00 HOLD
11.547	>>> V 0.00 0.00
11.547	S 20746911 -0.26 0.35 0.00 0.00 HOLD
11.567	>>> V 0.00 0.00
11.568	S 20746931 -0.26 0.35 0.00 0.00 HOLD
11.587	>>> V 0.00 0.00
11.587	S 20746951 -0.26 0.35 0.00 0.00 HOLD
11.608	>>> V 0.00 0.00
11.609	S 20746971 -0.26 0.35 0.00 0.00 HOLD
11.626	>>> V 0.00 0.00
11.626	S 20746991 -0.26 0.35 0.00 0.00 HOLD
11.647	>>> V 0.00 0.00
11.648	S 20747011 -0.26 0.35 0.00 0.00 HOLD
11.666	>>> V 0.00 0.00
11.667	S 20747031 -0.26 0.35 0.00 0.00 HOLD
11.687	>>> V 0.00 0.00
11.688	S 20747051 -0.26 0.35 0.00 0.00 HOLD
11.718	>>> V 0.00 0.00
11.719	S 20747071 -0.26 0.35 0.00 0.00 HOLD
11.721	S 20747091 -0.26 0.35 0.00 0.00 HOLD
11.726	>>> V 0.00 0.00
11.746	>>> V 0.00 0.00
11.746	S 20747111 -0.26 0.35 0.00 0.00 HOLD
11.766	>>> V 0.00 0.00
11.767	S 20747131 -0.26 0.35 0.00 0.00 HOLD
11.790	>>> V 0.00 0.00
11.791	S 20747151 -0.26 0.35 0.00 0.00 HOLD
11.807	>>> V 0.00 0.00
11.807	S 20747171 -0.26 0.35 0.00 0.00 HOLD
11.827	>>> V 0.00 0.00
11.827	S 20747191 -0.26 0.35 0.00 0.00 HOLD
11.846	>>> V 0.00 0.00
11.847	S 20747211 -0.26 0.35 0.00 0.00 HOLD
11.866	>>> V 0.00 0.00
11.867	S 20747231 -0.26 0.35 0.00 0.00 HOLD
11.886	>>> V 0.00 0.00
11.886	S 20747251 -0.26 0.35 0.00 0.00 HOLD
11.906	>>> V 0.00 0.00
11.906	S 20747271 -0.26 0.35 0.00 0.00 HOLD
11.926	>>> V 0.00 0.00
11.927	S 20747291 -0.26 0.35 0.00 0.00 HOLD
11.946	>>> V 0.00 0.00
11.947	S 20747311 -0.26 0.35 0.00 0.00 HOLD
11.966	>>> V 0.00 0.00
11.966	S 20747331 -0.26 0.35 0.00 0.00 HOLD
11.986	>>> V 0.00 0.00
11.987	S 20747351 -0.26 0.35 0.00 0.00 HOLD
12.006	>>> V 0.00 0.00
12.006	S 20747371 -0.26 0.35 0.00 0.00 HOLD
12.028	>>> V 0.00 0.00
12.030	S 20747391 -0.26 0.35 0.00 0.00 HOLD
12.046	>>> V 0.00 0.00
12.047	S 20747411 -0.26 0.35 0.00 0.00 HOLD
12.067	>>> V 0.00 0.00
12.068	S 20747431 -0.26 0.35 0.00 0.00 HOLD
12.086	>>> V 0.00 0.00
12.089	S 20747451 -0.26 0.35 0.00 0.00 HOLD
12.108	>>> V 0.00 0.00
12.108	S 20747471 -0.26 0.35 0.00 0.00 HOLD
12.129	>>> V 0.00 0.00
12.130	S 20747491 -0.26 0.35 0.00 0.00 HOLD
12.148	>>> V 0.00 0.00
12.148	S 20747511 -0.26 0.35 0.00 0.00 HOLD
12.167	>>> V 0.00 0.00
12.169	S 20747531 -0.26 0.35 0.00 0.00 HOLD
12.187	>>> V 0.00 0.00
12.189	S 20747551 -0.26 0.35 0.00 0.00 HOLD
12.208	>>> V 0.00 0.00
12.208	S 20747571 -0.26 0.44 0.00 0.00 HOLD
12.226	>>> V 0.00 0.00
12.227	S 20747591 -0.26 0.35 0.00 0.00 HOLD
12.248	>>> V 0.00 0.00
12.248	S 20747611 -0.26 0.35 0.00 0.00 HOLD
12.268	>>> V 0.00 0.00
12.269	S 20747631 -0.26 0.35 0.00 0.00 HOLD
12.286	>>> V 0.00 0.00
12.286	S 20747651 -0.26 0.35 0.00 0.00 HOLD
12.309	>>> V 0.00 0.00
12.309	S 20747671 -0.26 0.35 0.00 0.00 HOLD
12.326	>>> V 0.00 0.00
12.326	S 20747691 -0.26 0.35 0.00 0.00 HOLD
12.347	>>> V 0.00 0.00
12.348	S 20747711 -0.26 0.35 0.00 0.00 HOLD
12.367	>>> V 0.00 0.00
12.368	S 20747731 -0.26 0.35 0.00 0.00 HOLD
12.387	>>> V 0.00 0.00
12.387	S 20747751 -0.26 0.35 0.00 0.00 HOLD
12.407	>>> V 0.00 0.00
12.408	S 20747771 -0.26 0.35 0.00 0.00 HOLD
12.426	>>> V 0.00 0.00
12.427	S 20747791 -0.26 0.35 0.00 0.00 HOLD
12.448	>>> V 0.00 0.00
12.448	S 20747811 -0.26 0.35 0.00 0.00 HOLD
12.467	>>> V 0.00 0.00
12.467	S 20747831 -0.26 0.35 0.00 0.00 HOLD
12.488	>>> V 0.00 0.00
12.489	S 20747851 -0.26 0.35 0.00 0.00 HOLD
12.507	>>> V 0.00 0.00
12.507	S 20747871 -0.26 0.35 0.00 0.00 HOLD
12.526	>>> V 0.00 0.00
12.526	S 20747891 -0.26 0.35 0.00 0.00 HOLD
12.551	>>> V 0.00 0.00
12.552	S 20747911 -0.26 0.35 0.00 0.00 HOLD
12.568	>>> V 0.00 0.00
12.569	S 20747931 -0.26 0.35 0.00 0.00 HOLD
12.589	>>> V 0.00 0.00
12.589	S 20747951 -0.26 0.35 0.00 0.00 HOLD
12.606	>>> V 0.00 0.00
12.607	S 20747971 -0.26 0.35 0.00 0.00 HOLD
12.626	>>> V 0.00 0.00
12.627	S 20747991 -0.26 0.35 0.00 0.00 HOLD
12.647	>>> V 0.00 0.00
12.648	S 20748011 -0.26 0.35 0.00 0.00 HOLD
12.666	>>> V 0.00 0.00
12.666	S 20748031 -0.26 0.35 0.00 0.00 HOLD
12.690	>>> V 0.00 0.00
12.692	S 20748051 -0.26 0.35 0.00 0.00 HOLD
12.706	>>> V 0.00 0.00
12.707	S 20748071 -0.26 0.35 0.00 0.00 HOLD
12.731	>>> V 0.00 0.00
12.732	S 20748091 -0.18 0.35 0.00 0.00 HOLD
12.746	>>> V 0.00 0.00
12.747	S 20748111 -0.26 0.35 0.00 0.00 HOLD
12.770	>>> V 0.00 0.00
12.770	S 20748131 -0.26 0.35 0.00 0.00 HOLD
12.787	>>> V 0.00 0.00
12.788	S 20748151 -0.26 0.35 0.00 0.00 HOLD
12.808	>>> V 0.00 0.00
12.809	S 20748171 -0.26 0.35 0.00 0.00 HOLD
12.826	>>> V 0.00 0.00
12.827	S 20748191 -0.26 0.35 0.00 0.00 HOLD
12.851	>>> V 0.00 0.00
12.852	S 20748211 -0.26 0.35 0.00 0.00 HOLD
12.867	>>> V 0.00 0.00
12.867	S 20748231 -0.26 0.35 0.00 0.00 HOLD
12.889	>>> V 0.00 0.00
12.889	S 20748251 -0.26 0.35 0.00 0.00 HOLD
12.906	>>> V 0.00 0.00
12.906	S 20748271 -0.26 0.35 0.00 0.00 HOLD
12.926	>>> V 0.00 0.00
12.927	S 20748291 -0.26 0.35 0.00 0.00 HOLD
12.947	>>> V 0.00 0.00
12.947	S 20748311 -0.26 0.35 0.00 0.00 HOLD
12.968	>>> V 0.00 0.00
12.968	S 20748331 -0.26 0.35 0.00 0.00 HOLD
12.986	>>> V 0.00 0.00
12.987	S 20748351 -0.26 0.35 0.00 0.00 HOLD
13.006	>>> V 0.00 0.00
13.006	S 20748371 -0.26 0.35 0.00 0.00 HOLD
13.026	>>> V 0.00 0.00
13.026	S 20748391 -0.26 0.35 0.00 0.00 HOLD
13.047	>>> V 0.00 0.00
13.049	S 20748411 -0.26 0.35 0.00 0.00 HOLD
13.066	>>> V 0.00 0.00
13.067	S 20748431 -0.26 0.35 0.00 0.00 HOLD
13.087	>>> V 0.00 0.00
13.088	S 20748451 -0.26 0.35 0.00 0.00 HOLD
13.106	>>> V 0.00 0.00
13.106	S 20748471 -0.26 0.35 0.00 0.00 HOLD
13.127	>>> V 0.00 0.00
13.129	S 20748491 -0.26 0.35 0.00 0.00 HOLD
13.146	>>> V 0.00 0.00
13.146	S 20748511 -0.26 0.35 0.00 0.00 HOLD
13.167	>>> V 0.00 0.00
13.167	S 20748531 -0.26 0.35 0.00 0.00 HOLD
13.186	>>> V 0.00 0.00
13.186	S 20748551 -0.26 0.35 0.00 0.00 HOLD
13.208	>>> V 0.00 0.00
13.208	S 20748571 -0.26 0.35 0.00 0.00 HOLD
13.226	>>> V 0.00 0.00
13.226	S 20748591 -0.26 0.35 0.00 0.00 HOLD
13.249	>>> V 0.00 0.00
13.250	S 20748611 -0.26 0.35 0.00 0.00 HOLD
13.266	>>> V 0.00 0.00
13.267	S 20748631 -0.26 0.35 0.00 0.00 HOLD
13.289	>>> V 0.00 0.00
13.290	S 20748651 -0.26 0.35 0.00 0.00 HOLD
13.306	>>> V 0.00 0.00
13.307	S 20748671 -0.26 0.35 0.00 0.00 HOLD
13.329	>>> V 0.00 0.00
13.330	S 20748691 -0.18 0.44 0.00 0.00 HOLD
13.346	>>> V 0.00 0.00
13.346	S 20748711 -0.26 0.35 0.00 0.00 HOLD
13.369	>>> V 0.00 0.00
13.369	S 20748731 -0.26 0.35 0.00 0.00 HOLD
13.388	>>> V 0.00 0.00
13.388	S 20748751 -0.26 0.35 0.00 0.00 HOLD
13.409	>>> V 0.00 0.00
13.410	S 20748771 -0.26 0.35 0.00 0.00 HOLD
13.426	>>> V 0.00 0.00
13.426	S 20748791 -0.26 0.44 0.00 0.00 HOLD
13.449	>>> V 0.00 0.00
13.449	S 20748811 -0.26 0.35 0.00 0.00 HOLD
13.467	>>> V 0.00 0.00
13.467	S 20748831 -0.26 0.35 0.00 0.00 HOLD
13.486	>>> V 0.00 0.00
13.486	S 20748851 -0.26 0.35 0.00 0.00 HOLD
13.506	>>> V 0.00 0.00
13.508	S 20748871 -0.18 0.35 0.00 0.00 HOLD
13.526	>>> V 0.00 0.00
13.526	S 20748891 -0.26 0.35 0.00 0.00 HOLD
13.548	>>> V 0.00 0.00
13.549	S 20748911 -0.26 0.35 0.00 0.00 HOLD
13.566	>>> V 0.00 0.00
13.566	S 20748931 -0.26 0.35 0.00 0.00 HOLD
13.592	>>> V 0.00 0.00
13.593	S 20748951 -0.26 0.35 0.00 0.00 HOLD
13.606	>>> V 0.00 0.00
13.606	S 20748971 -0.26 0.35 0.00 0.00 HOLD
13.629	>>> V 0.00 0.00
13.629	S 20748991 -0.26 0.35 0.00 0.00 HOLD
13.646	>>> V 0.00 0.00
13.646	S 20749011 -0.26 0.35 0.00 0.00 HOLD
13.667	>>> V 0.00 0.00
13.668	S 20749031 -0.26 0.35 0.00 0.00 HOLD
13.686	>>> V 0.00 0.00
13.687	S 20749051 -0.26 0.35 0.00 0.00 HOLD
13.706	>>> V 0.00 0.00
13.706	S 20749071 -0.26 0.35 0.00 0.00 HOLD
13.726	>>> V 0.00 0.00
13.726	S 20749091 -0.26 0.35 0.00 0.00 HOLD
13.746	>>> V 0.00 0.00
13.746	S 20749111 -0.26 0.35 0.00 0.00 HOLD
13.768	>>> V 0.00 0.00
13.768	S 20749131 -0.26 0.35 0.00 0.00 HOLD
13.786	>>> V 0.00 0.00
13.788	S 20749151 -0.26 0.35 0.00 0.00 HOLD
13.808	>>> V 0.00 0.00
13.809	S 20749171 -0.26 0.35 0.00 0.00 HOLD
13.826	>>> V 0.00 0.00
13.827	S 20749191 -0.26 0.35 0.00 0.00 HOLD
13.847	>>> V 0.00 0.00
13.847	S 20749211 -0.26 0.35 0.00 0.00 HOLD
13.866	>>> V 0.00 0.00
13.866	S 20749231 -0.26 0.35 0.00 0.00 HOLD
13.886	>>> V 0.00 0.00
13.887	S 20749251 -0.26 0.35 0.00 0.00 HOLD
13.906	>>> V 0.00 0.00
13.906	S 20749271 -0.26 0.35 0.00 0.00 HOLD
13.926	>>> V 0.00 0.00
13.926	S 20749291 -0.18 0.35 0.00 0.00 HOLD
13.947	>>> V 0.00 0.00
13.948	S 20749311 -0.26 0.35 0.00 0.00 HOLD
13.966	>>> V 0.00 0.00
13.966	S 20749331 -0.26 0.35 0.00 0.00 HOLD
13.987	>>> V 0.00 0.00
13.987	S 20749351 -0.26 0.35 0.00 0.00 HOLD
14.006	>>> V 0.00 0.00
14.006	S 20749371 -0.26 0.35 0.00 0.00 HOLD
14.029	>>> V 0.00 0.00
14.029	S 20749391 -0.26 0.35 0.00 0.00 HOLD
14.046	>>> V 0.00 0.00
14.047	S 20749411 -0.26 0.35 0.00 0.00 HOLD
14.069	>>> V 0.00 0.00
14.069	S 20749431 -0.26 0.35 0.00 0.00 HOLD
14.086	>>> V 0.00 0.00
14.087	S 20749451 -0.26 0.35 0.00 0.00 HOLD
14.108	>>> V 0.00 0.00
14.109	S 20749471 -0.26 0.35 0.00 0.00 HOLD
14.126	>>> V 0.00 0.00
14.126	S 20749491 -0.26 0.35 0.00 0.00 HOLD
14.146	>>> V 0.00 0.00
14.147	S 20749511 -0.26 0.35 0.00 0.00 HOLD
14.166	>>> V 0.00 0.00
14.167	S 20749531 -0.26 0.35 0.00 0.00 HOLD
14.186	>>> V 0.00 0.00
14.186	S 20749551 -0.26 0.35 0.00 0.00 HOLD
14.207	>>> V 0.00 0.00
14.208	S 20749571 -0.26 0.35 0.00 0.00 HOLD
14.226	>>> V 0.00 0.00
14.226	S 20749591 -0.26 0.35 0.00 0.00 HOLD
14.248	>>> V 0.00 0.00
14.249	S 20749611 -0.26 0.35 0.00 0.00 HOLD
14.266	>>> V 0.00 0.00
14.266	S 20749631 -0.26 0.35 0.00 0.00 HOLD
14.289	>>> V 0.00 0.00
14.289	S 20749651 -0.26 0.35 0.00 0.00 HOLD
14.306	>>> V 0.00 0.00
14.307	S 20749671 -0.26 0.35 0.00 0.00 HOLD
14.329	>>> V 0.00 0.00
14.330	S 20749691 -0.26 0.35 0.00 0.00 HOLD
14.346	>>> V 0.00 0.00
14.347	S 20749711 -0.26 0.35 0.00 0.00 HOLD
14.367	>>> V 0.00 0.00
14.367	S 20749731 -0.18 0.35 0.00 0.00 HOLD
14.388	>>> V 0.00 0.00
14.388	S 20749751 -0.26 0.35 0.00 0.00 HOLD
14.406	>>> V 0.00 0.00
14.406	S 20749771 -0.26 0.35 0.00 0.00 HOLD
14.426	>>> V 0.00 0.00
14.427	S 20749791 -0.26 0.35 0.00 0.00 HOLD
14.446	>>> V 0.00 0.00
14.446	S 20749811 -0.26 0.35 0.00 0.00 HOLD
14.467	>>> V 0.00 0.00
14.468	S 20749831 -0.35 0.35 0.00 0.00 HOLD
14.486	>>> V 0.00 0.00
14.487	S 20749851 -0.53 0.35 -1.37 0.00 HOLD
14.509	>>> V 0.00 0.00
14.510	S 20749871 -0.53 0.35 -2.75 0.00 HOLD
14.527	>>> V 0.00 0.00
14.527	S 20749891 -0.53 0.35 -2.75 0.00 HOLD
14.549	>>> V 0.00 0.00
14.549	S 20749911 -0.53 0.35 -1.37 0.00 HOLD
14.566	>>> V 0.00 0.00
14.567	S 20749931 -0.53 0.35 0.00 0.00 HOLD
14.590	>>> V 0.00 0.00
14.590	S 20749951 -0.44 0.35 0.00 0.00 HOLD
14.606	>>> V 0.00 0.00
14.608	S 20749971 -0.26 0.35 1.37 0.00 HOLD
14.626	>>> V 0.00 0.00
14.626	S 20749991 -0.26 0.35 2.75 0.00 HOLD
14.646	>>> V 0.00 0.00
14.646	S 20750011 -0.18 0.35 2.75 0.00 HOLD
14.666	>>> V 0.00 0.00
14.666	S 20750031 -0.26 0.35 1.37 0.00 HOLD
14.687	>>> V 0.00 0.00
14.688	S 20750051 -0.26 0.35 0.00 0.00 HOLD
14.706	>>> V 0.00 0.00
14.706	S 20750071 -0.26 0.35 0.00 0.00 HOLD
14.727	>>> V 0.00 0.00
14.728	S 20750091 -0.26 0.35 0.00 0.00 HOLD
14.746	>>> V 0.00 0.00
14.747	S 20750111 -0.26 0.35 0.00 0.00 HOLD
14.767	>>> V 0.00 0.00
14.767	S 20750131 -0.26 0.35 0.00 0.00 HOLD
14.788	>>> V 0.00 0.00
14.788	S 20750151 -0.26 0.35 0.00 0.00 HOLD
14.806	>>> V 0.00 0.00
14.806	S 20750171 -0.26 0.35 0.00 0.00 HOLD
14.827	>>> V 0.00 0.00
14.827	S 20750191 -0.26 0.35 0.00 0.00 HOLD
14.847	>>> V 0.00 0.00
14.848	S 20750211 -0.26 0.35 0.00 0.00 HOLD
14.867	>>> V 0.00 0.00
14.868	S 20750231 -0.26 0.35 0.00 0.00 HOLD
14.887	>>> V 0.00 0.00
14.888	S 20750251 -0.26 0.35 0.00 0.00 HOLD
14.906	>>> V 0.00 0.00
14.908	S 20750271 -0.26 0.35 0.00 0.00 HOLD
14.926	>>> V 0.00 0.00
14.927	S 20750291 -0.26 0.35 0.00 0.00 HOLD
14.946	>>> V 0.00 0.00
14.947	S 20750311 -0.26 0.35 0.00 0.00 HOLD
14.966	>>> V 0.00 0.00
14.966	S 20750331 -0.26 0.35 0.00 0.00 HOLD
14.989	>>> V 0.00 0.00
14.990	S 20750351 -0.26 0.35 0.00 0.00 HOLD
15.007	>>> V 0.00 0.00
15.008	S 20750371 -0.26 0.35 0.00 0.00 HOLD
15.027	>>> V 0.00 0.00
15.028	S 20750391 -0.26 0.35 0.00 0.00 HOLD
15.050	>>> V 0.00 0.00
15.050	S 20750411 -0.26 0.35 0.00 0.00 HOLD
15.066	>>> V 0.00 0.00
15.066	S 20750431 -0.26 0.35 0.00 0.00 HOLD
15.089	>>> V 0.00 0.00
15.090	S 20750451 -0.26 0.35 0.00 0.00 HOLD
15.107	>>> V 0.00 0.00
15.108	S 20750471 -0.26 0.35 0.00 0.00 HOLD
15.127	>>> V 0.00 0.00
15.128	S 20750491 -0.26 0.35 0.00 0.00 HOLD
15.148	>>> V 0.00 0.00
15.149	S 20750511 -0.26 0.35 0.00 0.00 HOLD
15.168	>>> V 0.00 0.00
15.169	S 20750531 -0.26 0.35 0.00 0.00 HOLD
15.191	>>> V 0.00 0.00
15.192	S 20750551 -0.26 0.35 0.00 0.00 HOLD
15.206	>>> V 0.00 0.00
15.207	S 20750571 -0.26 0.35 0.00 0.00 HOLD
15.229	>>> V 0.00 0.00
15.230	S 20750591 -0.26 0.35 0.00 0.00 HOLD
15.246	>>> V 0.00 0.00
15.246	S 20750611 -0.26 0.35 0.00 0.00 HOLD
15.268	>>> V 0.00 0.00
15.269	S 20750631 -0.26 0.35 0.00 0.00 HOLD
15.287	>>> V 0.00 0.00
15.287	S 20750651 -0.26 0.35 0.00 0.00 HOLD
15.306	>>> V 0.00 0.00
15.307	S 20750671 -0.26 0.35 0.00 0.00 HOLD
15.327	>>> V 0.00 0.00
15.327	S 20750691 -0.26 0.35 0.00 0.00 HOLD
15.346	>>> V 0.00 0.00
15.346	S 20750711 -0.26 0.35 0.00 0.00 HOLD
15.370	>>> V 0.00 0.00
15.370	S 20750731 -0.26 0.35 0.00 0.00 HOLD
15.389	>>> V 0.00 0.00
15.389	S 20750751 -0.26 0.35 0.00 0.00 HOLD
15.408	>>> V 0.00 0.00
15.409	S 20750771 -0.26 0.44 0.00 0.00 HOLD
15.426	>>> V 0.00 0.00
15.428	S 20750791 -0.26 0.35 0.00 0.00 HOLD
15.446	>>> V 0.00 0.00
15.447	S 20750811 -0.26 0.35 0.00 0.00 HOLD
15.467	>>> V 0.00 0.00
15.468	S 20750831 -0.26 0.35 0.00 0.00 HOLD
15.488	>>> V 0.00 0.00
15.488	S 20750851 -0.26 0.35 0.00 0.00 HOLD
15.507	>>> V 0.00 0.00
15.508	S 20750871 -0.26 0.35 0.00 0.00 HOLD
15.526	>>> V 0.00 0.00
15.527	S 20750891 -0.26 0.35 0.00 0.00 HOLD
15.546	>>> V 0.00 0.00
15.549	S 20750911 -0.26 0.35 0.00 0.00 HOLD
15.568	>>> V 0.00 0.00
15.569	S 20750931 -0.26 0.35 0.00 0.00 HOLD
15.588	>>> V 0.00 0.00
15.589	S 20750951 -0.26 0.35 0.00 0.00 HOLD
15.606	>>> V 0.00 0.00
15.606	S 20750971 -0.26 0.35 0.00 0.00 HOLD
15.628	>>> V 0.00 0.00
15.628	S 20750991 -0.26 0.35 0.00 0.00 HOLD
15.646	>>> V 0.00 0.00
15.648	S 20751011 -0.26 0.35 0.00 0.00 HOLD
15.668	>>> V 0.00 0.00
15.669	S 20751031 -0.26 0.35 0.00 0.00 HOLD
15.686	>>> V 0.00 0.00
15.686	S 20751051 -0.26 0.35 0.00 0.00 HOLD
15.706	>>> V 0.00 0.00
15.709	S 20751071 -0.26 0.35 0.00 0.00 HOLD
15.726	>>> V 0.00 0.00
15.727	S 20751091 -0.26 0.35 0.00 0.00 HOLD
15.746	>>> V 0.00 0.00
15.746	S 20751111 -0.26 0.35 0.00 0.00 HOLD
15.769	>>> V 0.00 0.00
15.770	S 20751131 -0.26 0.35 0.00 0.00 HOLD
15.787	>>> V 0.00 0.00
15.789	S 20751151 -0.26 0.35 0.00 0.00 HOLD
15.806	>>> V 0.00 0.00
15.806	S 20751171 -0.26 0.35 0.00 0.00 HOLD
15.826	>>> V 0.00 0.00
15.827	S 20751191 -0.26 0.35 0.00 0.00 HOLD
15.847	>>> V 0.00 0.00
15.848	S 20751211 -0.26 0.35 0.00 0.00 HOLD
15.866	>>> V 0.00 0.00
15.866	S 20751231 -0.26 0.35 0.00 0.00 HOLD
15.887	>>> V 0.00 0.00
15.887	S 20751251 -0.26 0.35 0.00 0.00 HOLD
15.910	>>> V 0.00 0.00
15.911	S 20751271 -0.26 0.35 0.00 0.00 HOLD
15.926	>>> V 0.00 0.00
15.927	S 20751291 -0.26 0.35 0.00 0.00 HOLD
15.952	>>> V 0.00 0.00
15.952	S 20751311 -0.26 0.35 0.00 0.00 HOLD
15.968	>>> V 0.00 0.00
15.968	S 20751331 -0.26 0.35 0.00 0.00 HOLD
15.989	>>> V 0.00 0.00
15.991	S 20751351 -0.26 0.35 0.00 0.00 HOLD
16.006	>>> V 0.00 0.00
16.007	S 20751371 -0.26 0.35 0.00 0.00 HOLD
16.027	>>> V 0.00 0.00
16.027	S 20751391 -0.26 0.35 0.00 0.00 HOLD
16.051	>>> V 0.00 0.00
16.052	S 20751411 -0.26 0.35 0.00 0.00 HOLD
16.069	>>> V 0.00 0.00
16.071	S 20751431 -0.26 0.35 0.00 0.00 HOLD
16.086	>>> V 0.00 0.00
16.087	S 20751451 -0.26 0.35 0.00 0.00 HOLD
16.107	>>> V -15.65 18.30
16.108	S 20751471 -0.26 0.35 0.00 0.00 HOLD
16.126	>>> V -15.65 18.30
16.126	S 20751491 -0.26 0.35 0.00 0.00 TRACK
16.150	>>> V -15.49 19.79
16.151	S 20751511 -0.26 0.35 0.00 0.00 TRACK
16.167	>>> V -15.49 19.79
16.169	S 20751531 -0.44 0.35 0.00 0.00 TRACK
16.187	>>> V -15.49 19.79
16.188	S 20751551 -0.62 0.53 -2.75 0.00 TRACK
16.207	>>> V -15.34 21.20
16.208	S 20751571 -0.88 0.88 -5.50 2.75 TRACK
16.229	>>> V -15.34 21.20
16.231	S 20751591 -1.14 1.23 -8.24 6.87 TRACK
16.250	>>> V -15.34 21.20
16.251	S 20751611 -1.41 1.58 -10.99 10.99 TRACK
16.269	>>> V -15.45 24.35
16.269	S 20751631 -1.76 1.93 -12.37 13.74 TRACK
16.289	>>> V -15.45 24.35
16.289	S 20751651 -2.02 2.29 -13.74 15.11 TRACK
16.310	>>> V -15.45 24.35
16.311	S 20751671 -2.29 2.72 -13.74 16.49 TRACK
16.327	>>> V -15.45 24.35
16.328	S 20751691 -2.64 3.08 -13.74 17.86 TRACK
16.349	>>> V -15.01 25.47
16.352	S 20751711 -2.90 3.60 -13.74 19.24 TRACK
16.367	>>> V -15.01 25.47
16.369	S 20751731 -3.25 4.04 -13.74 20.61 TRACK
16.388	>>> V -14.19 26.22
16.389	S 20751751 -3.52 4.57 -13.74 21.98 TRACK
16.408	>>> V -13.23 26.68
16.410	S 20751771 -3.87 5.01 -13.74 21.98 TRACK
16.426	>>> V -12.28 26.56
16.428	S 20751791 -4.13 5.54 -13.74 23.36 TRACK
16.448	>>> V -12.28 26.56
16.449	S 20751811 -4.48 6.06 -13.74 24.73 TRACK
16.467	>>> V -11.48 25.33
16.467	S 20751831 -4.75 6.59 -13.74 24.73 TRACK
16.490	>>> V -11.48 25.33
16.491	S 20751851 -5.01 7.12 -13.74 24.73 TRACK
16.507	>>> V -10.71 24.33
16.507	S 20751871 -5.27 7.65 -13.74 26.11 TRACK
16.527	>>> V -10.71 24.33
16.528	S 20751891 -5.45 8.17 -12.37 26.11 TRACK
16.546	>>> V -10.71 24.33
16.547	S 20751911 -5.71 8.70 -12.37 26.11 TRACK
16.566	>>> V -10.71 24.33
16.568	S 20751931 -5.89 9.14 -10.99 26.11 TRACK
16.586	>>> V -10.10 23.11
16.586	S 20751951 -6.24 9.93 -10.99 26.11 TRACK
16.607	>>> V -9.61 21.73
16.607	S 20751971 -6.42 10.55 -10.99 28.85 TRACK
16.627	>>> V -9.02 20.14
16.627	S 20751991 -6.68 10.99 -10.99 28.85 TRACK
16.647	>>> V -9.02 20.14
16.647	S 20752011 -6.94 11.16 -10.99 26.11 TRACK
16.666	>>> V -9.02 20.14
16.667	S 20752031 -7.12 11.51 -10.99 20.61 TRACK
16.686	>>> V -8.50 18.22
16.686	S 20752051 -7.38 12.04 -10.99 17.86 TRACK
16.707	>>> V -7.95 16.19
16.709	S 20752071 -7.56 12.57 -9.62 19.24 TRACK
16.726	>>> V -7.95 16.19
16.727	S 20752091 -7.73 12.92 -9.62 21.98 TRACK
16.747	>>> V -7.95 16.19
16.747	S 20752111 -8.00 13.36 -9.62 21.98 TRACK
16.766	>>> V -7.48 13.78
16.768	S 20752131 -8.09 13.71 -9.62 20.61 TRACK
16.786	>>> V -6.56 6.45
16.786	S 20752151 -8.26 14.06 -8.24 19.24 TRACK
16.807	>>> V -6.56 6.45
16.807	S 20752171 -8.44 14.50 -8.24 19.24 TRACK
16.826	>>> V -6.02 5.06
16.826	S 20752191 -8.53 14.94 -6.87 19.24 TRACK
16.847	>>> V -6.02 5.06
16.847	S 20752211 -8.70 15.29 -6.87 19.24 TRACK
16.867	>>> V -6.02 5.06
16.867	S 20752231 -8.79 15.38 -5.50 17.86 TRACK
16.892	>>> V -6.02 5.06
16.894	S 20752251 -9.05 15.56 -5.50 13.74 TRACK
16.906	>>> V -4.93 0.00
16.908	S 20752271 -9.14 15.64 -5.50 9.62 TRACK
16.931	>>> V -4.93 0.00
16.934	S 20752291 -9.23 15.73 -5.50 6.87 TRACK
16.947	>>> V -4.93 0.00
16.948	S 20752311 -9.32 15.82 -5.50 5.50 TRACK
16.971	>>> V -4.40 0.00
16.971	S 20752331 -9.49 15.91 -4.12 4.12 TRACK
16.986	>>> V -4.40 0.00
16.989	S 20752351 -9.58 15.91 -5.50 2.75 TRACK
17.007	>>> V -3.91 0.00
17.008	S 20752371 -9.67 15.82 -5.50 0.00 TRACK
17.027	>>> V -3.91 0.00
17.028	S 20752391 -9.84 15.82 -5.50 0.00 TRACK
17.049	>>> V -3.09 -3.10
17.049	S 20752411 -9.93 15.91 -5.50 0.00 TRACK
17.066	>>> V -3.09 -3.10
17.068	S 20752431 -10.02 15.82 -5.50 0.00 TRACK
17.089	>>> V -2.79 -4.31
17.090	S 20752451 -10.11 15.91 -5.50 0.00 TRACK
17.106	>>> V -2.79 -4.31
17.108	S 20752471 -10.20 15.91 -5.50 0.00 TRACK
17.126	>>> V -2.51 -4.30
17.127	S 20752491 -10.28 15.82 -4.12 0.00 TRACK
17.147	>>> V -2.51 -4.30
17.148	S 20752511 -10.28 15.73 -2.75 0.00 TRACK
17.170	>>> V -1.97 -4.50
17.172	S 20752531 -10.28 15.64 -1.37 -1.37 TRACK
17.186	>>> V -1.97 -4.50
17.187	S 20752551 -10.28 15.56 0.00 -2.75 TRACK
17.207	>>> V 0.00 -4.37
17.208	S 20752571 -10.37 15.47 0.00 -4.12 TRACK
17.226	>>> V 0.00 -4.37
17.229	S 20752591 -10.46 15.38 -1.37 -4.12 TRACK
17.247	>>> V 0.00 -4.16
17.248	S 20752611 -10.55 15.38 -2.75 -4.12 TRACK
17.267	>>> V 0.00 -4.16
17.268	S 20752631 -10.55 15.21 -2.75 -2.75 TRACK
17.286	>>> V 0.00 -3.95
17.286	S 20752651 -10.55 15.21 -1.37 -2.75 TRACK
17.308	>>> V 0.00 -3.95
17.308	S 20752671 -10.55 15.12 0.00 -2.75 TRACK
17.326	>>> V 0.00 -3.95
17.326	S 20752691 -10.55 14.94 0.00 -2.75 TRACK
17.346	>>> V 0.00 -3.95
17.348	S 20752711 -10.55 14.94 0.00 -2.75 TRACK
17.367	>>> V 0.00 -3.31
17.367	S 20752731 -10.55 14.85 0.00 -2.75 TRACK
17.389	>>> V 0.00 -3.31
17.390	S 20752751 -10.55 14.77 0.00 -2.75 TRACK
17.407	>>> V 0.00 -3.32
17.408	S 20752771 -10.55 14.68 0.00 -2.75 TRACK
17.427	>>> V 0.00 -3.32
17.429	S 20752791 -10.55 14.59 0.00 -2.75 TRACK
17.447	>>> V 0.00 -3.32
17.450	S 20752811 -10.55 14.59 0.00 -2.75 TRACK
17.469	>>> V 0.00 -3.34
17.471	S 20752831 -10.46 14.50 0.00 -2.75 TRACK
17.490	>>> V 0.00 -3.34
17.494	S 20752851 -10.55 14.41 0.00 -2.75 TRACK
17.510	>>> V 0.00 -3.26
17.510	S 20752871 -10.46 14.41 0.00 -2.75 TRACK
17.528	>>> V 0.00 -3.26
17.531	S 20752891 -10.55 14.41 0.00 -1.37 TRACK
17.551	>>> V 0.00 -3.14
17.552	S 20752911 -10.55 14.33 0.00 -1.37 TRACK
17.566	>>> V 0.00 -3.14
17.569	S 20752931 -10.55 14.24 0.00 -1.37 TRACK
17.589	>>> V 0.00 -3.14
17.589	S 20752951 -10.55 14.15 0.00 -2.75 TRACK
17.608	>>> V 0.00 -3.05
17.610	S 20752971 -10.55 14.15 0.00 -2.75 TRACK
17.627	>>> V 0.00 -2.88
17.628	S 20752991 -10.55 14.06 0.00 -2.75 TRACK
17.646	>>> V 0.00 -2.88
17.649	S 20753011 -10.55 14.06 0.00 -2.75 TRACK
17.669	>>> V 0.00 0.00
17.669	S 20753032 -10.55 13.97 0.00 -1.37 TRACK
17.688	>>> V 0.00 0.00
17.691	S 20753052 -10.55 13.89 0.00 -1.37 TRACK
17.710	>>> V 0.00 0.00
17.713	S 20753072 -10.55 13.89 0.00 -1.37 TRACK
17.727	>>> V 0.00 0.00
17.728	S 20753092 -10.55 13.89 0.00 -1.37 TRACK
17.747	>>> V 0.00 0.00
17.750	S 20753112 -10.55 13.89 0.00 -1.37 TRACK
17.770	>>> V 0.00 0.00
17.772	S 20753132 -10.55 13.89 0.00 0.00 TRACK
17.787	>>> V 0.00 0.00
17.790	S 20753152 -10.55 13.89 0.00 0.00 TRACK
17.810	>>> V 0.00 0.00
17.811	S 20753172 -10.55 13.89 0.00 0.00 TRACK
17.827	>>> V 0.00 0.00
17.828	S 20753192 -10.46 13.89 0.00 0.00 TRACK
17.847	>>> V 0.00 0.00
17.850	S 20753212 -10.55 13.89 0.00 0.00 TRACK
17.866	>>> V 0.00 0.00
17.867	S 20753232 -10.55 13.89 0.00 0.00 TRACK
17.890	>>> V 0.00 0.00
17.892	S 20753252 -10.55 13.89 0.00 0.00 TRACK
17.908	>>> V 0.00 0.00
17.909	S 20753272 -10.55 13.89 0.00 0.00 TRACK
17.928	>>> V 0.00 0.00
17.929	S 20753292 -10.55 13.89 0.00 0.00 TRACK
17.946	>>> V 0.00 0.00
17.946	S 20753312 -10.55 13.89 0.00 0.00 TRACK
17.972	>>> V 0.00 0.00
17.973	S 20753332 -10.46 13.89 0.00 0.00 TRACK
17.986	>>> V 0.00 0.00
17.988	S 20753352 -10.55 13.89 0.00 0.00 TRACK
18.008	>>> V 0.00 0.00
18.009	S 20753372 -10.55 13.89 0.00 0.00 TRACK
18.026	>>> V 0.00 0.00
18.026	S 20753392 -10.55 13.89 0.00 0.00 TRACK
18.047	>>> V 0.00 0.00
18.050	S 20753412 -10.46 13.89 0.00 0.00 TRACK
18.067	>>> V 0.00 0.00
18.070	S 20753432 -10.55 13.89 0.00 0.00 TRACK
18.089	>>> V 0.00 0.00
18.090	S 20753452 -10.55 13.89 0.00 0.00 TRACK
18.109	>>> V 0.00 0.00
18.111	S 20753472 -10.55 13.89 0.00 0.00 TRACK
18.129	>>> V 0.00 0.00
18.130	S 20753492 -10.55 13.89 0.00 0.00 TRACK
18.146	>>> V 3.39 0.00
18.147	S 20753512 -10.46 13.89 0.00 0.00 TRACK
18.166	>>> V 3.39 0.00
18.167	S 20753532 -10.55 13.89 0.00 0.00 TRACK
18.188	>>> V 4.28 0.00
18.189	S 20753552 -10.55 13.89 0.00 0.00 TRACK
18.207	>>> V 4.28 0.00
18.208	S 20753572 -10.55 13.89 0.00 0.00 TRACK
18.230	>>> V 5.19 0.00
18.231	S 20753592 -10.46 13.89 0.00 0.00 TRACK
18.246	>>> V 5.19 0.00
18.247	S 20753612 -10.37 13.89 0.00 0.00 TRACK
18.271	>>> V 6.09 0.00
18.272	S 20753632 -10.28 13.89 1.37 0.00 TRACK
18.286	>>> V 6.09 0.00
18.286	S 20753652 -10.20 13.89 2.75 0.00 TRACK
18.308	>>> V 6.09 0.00
18.313	S 20753672 -10.11 13.89 4.12 0.00 TRACK
18.327	>>> V 6.09 0.00
18.329	S 20753692 -9.93 13.89 4.12 0.00 TRACK
18.348	>>> V 6.87 0.00
18.349	S 20753712 -9.84 13.89 5.50 0.00 TRACK
18.366	>>> V 7.69 0.00
18.369	S 20753732 -9.76 13.89 5.50 0.00 TRACK
18.391	>>> V 7.69 0.00
18.392	S 20753752 -9.67 13.89 5.50 0.00 TRACK
18.410	>>> V 9.26 0.00
18.410	S 20753772 -9.49 13.89 5.50 0.00 TRACK
18.428	>>> V 9.98 0.00
18.429	S 20753792 -9.32 13.89 5.50 0.00 TRACK
18.446	>>> V 10.37 0.00
18.448	S 20753812 -9.23 13.89 5.50 0.00 TRACK
18.466	>>> V 10.37 0.00
18.466	S 20753832 -9.05 13.89 5.50 0.00 TRACK
18.495	>>> V 10.78 -3.09
18.496	S 20753852 -8.88 13.89 5.50 0.00 TRACK
18.511	>>> V 10.78 -3.09
18.512	S 20753872 -8.61 13.89 6.87 0.00 TRACK
18.528	>>> V 10.78 -3.09
18.531	S 20753892 -8.44 13.89 8.24 0.00 TRACK
18.555	>>> V 11.10 -3.32
18.556	S 20753912 -8.26 13.89 8.24 0.00 TRACK
18.567	>>> V 11.10 -3.32
18.567	S 20753932 -8.00 13.80 9.62 0.00 TRACK
18.595	>>> V 11.85 -3.89
18.595	S 20753952 -7.73 13.80 9.62 0.00 TRACK
18.610	>>> V 11.85 -3.89
18.610	S 20753972 -7.56 13.62 9.62 -1.37 TRACK
18.627	>>> V 11.85 -3.89
18.628	S 20753992 -7.29 13.62 9.62 -2.75 TRACK
18.648	>>> V 12.19 -4.28
18.648	S 20754012 -7.12 13.54 9.62 -2.75 TRACK
18.666	>>> V 12.37 -5.54
18.666	S 20754032 -6.86 13.45 9.62 -2.75 TRACK
18.691	>>> V 12.00 -5.88
18.693	S 20754052 -6.59 13.36 10.99 -2.75 TRACK
18.706	>>> V 12.00 -5.88
18.708	S 20754072 -6.42 13.27 9.62 -2.75 TRACK
18.727	>>> V 12.00 -5.88
18.730	S 20754092 -6.24 13.18 9.62 -2.75 TRACK
18.746	>>> V 11.65 -5.90
18.748	S 20754112 -5.89 13.10 9.62 -4.12 TRACK
18.766	>>> V 11.34 -5.90
18.768	S 20754132 -5.71 12.92 9.62 -4.12 TRACK
18.792	>>> V 11.34 -5.90
18.793	S 20754152 -5.36 12.92 10.99 -4.12 TRACK
18.809	>>> V 11.13 -5.88
18.810	S 20754172 -5.10 12.83 12.37 -4.12 TRACK
18.827	>>> V 11.13 -5.88
18.827	S 20754192 -4.92 12.74 12.37 -2.75 TRACK
18.850	>>> V 10.87 -5.76
18.853	S 20754212 -4.66 12.66 12.37 -2.75 TRACK
18.867	>>> V 10.87 -5.76
18.870	S 20754232 -4.48 12.57 10.99 -4.12 TRACK
18.887	>>> V 10.87 -5.76
18.888	S 20754252 -4.22 12.48 10.99 -4.12 TRACK
18.908	>>> V 10.52 -5.59
18.908	S 20754272 -4.04 12.30 9.62 -4.12 TRACK
18.930	>>> V 10.01 -5.29
18.930	S 20754292 -3.87 12.22 9.62 -4.12 TRACK
18.946	>>> V 9.54 -5.08
18.946	S 20754312 -3.60 12.13 9.62 -4.12 TRACK
18.966	>>> V 9.54 -5.08
18.968	S 20754332 -3.34 12.04 9.62 -4.12 TRACK
18.986	>>> V 9.18 -4.86
18.986	S 20754352 -3.16 11.87 9.62 -5.50 TRACK
19.008	>>> V 9.18 -4.86
19.009	S 20754372 -2.99 11.69 9.62 -5.50 TRACK
19.028	>>> V 9.01 -4.65
19.028	S 20754392 -2.72 11.69 9.62 -5.50 TRACK
19.047	>>> V 9.01 -4.65
19.048	S 20754412 -2.55 11.51 9.62 -4.12 TRACK
19.070	>>> V 8.71 -4.50
19.071	S 20754432 -2.29 11.43 9.62 -4.12 TRACK
19.087	>>> V 8.36 -4.21
19.088	S 20754452 -2.11 11.34 9.62 -4.12 TRACK
19.106	>>> V 8.36 -4.21
19.106	S 20754472 -1.93 11.25 9.62 -4.12 TRACK
19.126	>>> V 8.11 -3.89
19.127	S 20754492 -1.76 11.16 9.62 -4.12 TRACK
19.147	>>> V 8.11 -3.89
19.149	S 20754512 -1.58 11.07 8.24 -4.12 TRACK
19.167	>>> V 8.11 -3.89
19.167	S 20754532 -1.41 10.99 8.24 -4.12 TRACK
19.188	>>> V 7.82 -3.63
19.188	S 20754552 -1.23 10.90 8.24 -4.12 TRACK
19.206	>>> V 7.56 -3.32
19.207	S 20754572 -1.05 10.81 6.87 -4.12 TRACK
19.226	>>> V 7.56 -3.32
19.226	S 20754592 -0.97 10.72 6.87 -4.12 TRACK
19.246	>>> V 7.38 -3.11
19.247	S 20754612 -0.79 10.63 6.87 -4.12 TRACK
19.267	>>> V 7.38 -3.11
19.267	S 20754632 -0.62 10.46 8.24 -4.12 TRACK
19.288	>>> V 7.24 0.00
19.289	S 20754652 -0.44 10.46 8.24 -4.12 TRACK
19.306	>>> V 7.24 0.00
19.307	S 20754672 -0.26 10.46 8.24 -2.75 TRACK
19.328	>>> V 7.12 0.00
19.330	S 20754692 -0.18 10.46 6.87 -1.37 TRACK
19.346	>>> V 7.12 0.00
19.346	S 20754712 0.00 10.46 6.87 0.00 TRACK
19.369	>>> V 7.01 0.00
19.370	S 20754732 0.09 10.46 5.50 0.00 TRACK
19.386	>>> V 7.01 0.00
19.386	S 20754752 0.26 10.46 5.50 0.00 TRACK
19.407	>>> V 6.85 0.00
19.407	S 20754772 0.35 10.46 5.50 0.00 TRACK
19.427	>>> V 6.85 0.00
19.428	S 20754792 0.44 10.46 5.50 0.00 TRACK
19.446	>>> V 6.85 0.00
19.446	S 20754812 0.62 10.46 5.50 0.00 TRACK
19.466	>>> V 6.66 0.00
19.466	S 20754832 0.79 10.46 5.50 0.00 TRACK
19.486	>>> V 6.53 0.00
19.487	S 20754852 0.97 10.46 5.50 0.00 TRACK
19.511	>>> V 6.53 0.00
19.511	S 20754872 1.05 10.46 6.87 0.00 TRACK
19.528	>>> V 6.45 0.00
19.528	S 20754892 1.14 10.46 6.87 0.00 TRACK
19.547	>>> V 6.45 0.00
19.549	S 20754912 1.32 10.46 5.50 0.00 TRACK
19.567	>>> V 6.45 0.00
19.569	S 20754932 1.49 10.46 5.50 0.00 TRACK
19.592	>>> V 6.35 0.00
19.593	S 20754952 1.58 10.46 5.50 0.00 TRACK
19.606	>>> V 6.35 0.00
19.607	S 20754972 1.76 10.46 6.87 0.00 TRACK
19.629	>>> V 6.16 0.00
19.630	S 20754992 1.85 10.46 6.87 0.00 TRACK
19.646	>>> V 6.16 0.00
19.646	S 20755012 2.02 10.46 6.87 0.00 TRACK
19.670	>>> V 5.98 0.00
19.672	S 20755032 2.11 10.46 6.87 0.00 TRACK
19.688	>>> V 5.98 0.00
19.688	S 20755052 2.29 10.46 6.87 0.00 TRACK
19.711	>>> V 5.98 0.00
19.712	S 20755072 2.37 10.46 5.50 0.00 TRACK
19.726	>>> V 4.77 0.00
19.728	S 20755092 2.55 10.46 5.50 0.00 TRACK
19.750	>>> V 4.77 0.00
19.752	S 20755112 2.64 10.46 5.50 0.00 TRACK
19.769	>>> V 4.77 0.00
19.769	S 20755132 2.72 10.46 5.50 0.00 TRACK
19.787	>>> V 4.77 0.00
19.791	S 20755152 2.81 10.46 5.50 0.00 TRACK
19.808	>>> V 3.36 0.00
19.808	S 20755172 2.90 10.46 5.50 0.00 TRACK
19.827	>>> V 3.36 0.00
19.827	S 20755192 2.99 10.46 4.12 0.00 TRACK
19.846	>>> V 0.00 0.00
19.846	S 20755212 3.08 10.46 4.12 0.00 TRACK
19.866	>>> V 0.00 0.00
19.866	S 20755232 3.25 10.46 4.12 0.00 TRACK
19.887	>>> V 0.00 0.00
19.888	S 20755252 3.25 10.46 4.12 0.00 TRACK
19.908	>>> V 0.00 0.00
19.910	S 20755272 3.25 10.46 2.75 0.00 TRACK
19.927	>>> V -2.12 0.00
19.927	S 20755292 3.25 10.46 1.37 0.00 TRACK
19.946	>>> V -2.12 0.00
19.948	S 20755312 3.25 10.46 0.00 0.00 TRACK
19.966	>>> V -3.76 0.00
19.968	S 20755332 3.25 10.46 0.00 0.00 TRACK
19.986	>>> V -3.76 0.00
19.987	S 20755352 3.25 10.46 0.00 0.00 TRACK
20.007	>>> V -5.28 0.00
20.007	S 20755372 3.25 10.46 0.00 0.00 TRACK
20.026	>>> V -5.28 0.00
20.026	S 20755392 3.16 10.46 0.00 0.00 TRACK
20.048	>>> V -6.93 0.00
20.049	S 20755412 3.08 10.46 -1.37 0.00 TRACK
