[INFO] [launch]: All log files can be found below /home/pa23/.ros/log/2026-10-08-19-46-18-650835-pa23-38324
[INFO] [launch]: Default logging verbosity is set to INFO
[INFO] [launch.user]: 🚀 Launching as Normal ROS Node
[INFO] [realsense2_camera_node-1]: process started with pid [38337]
[INFO] [target_detector-2]: process started with pid [38338]
[INFO] [controller_node-3]: process started with pid [38339]
[INFO] [opencr_bridge-4]: process started with pid [38340]
[realsense2_camera_node-1] [0m[INFO] [1791456379.637437194] [camera.camera]: RealSense ROS v4.58.4[0m
[realsense2_camera_node-1] [0m[INFO] [1791456379.637755080] [camera.camera]: Built with LibRealSense v2.58.4[0m
[realsense2_camera_node-1] [0m[INFO] [1791456379.637927746] [camera.camera]: Running with LibRealSense v2.58.4[0m
[realsense2_camera_node-1]  08/10 19:46:19,642 WARNING [281473214966048] (context.cpp:41) No valid configuration file found at : /home/pa23/.realsense-config.json loading defaults
[realsense2_camera_node-1] [0m[INFO] [1791456379.846490233] [camera.camera]: Device with serial number 261822072247 was found.
[realsense2_camera_node-1] [0m
[realsense2_camera_node-1] [0m[INFO] [1791456379.846947452] [camera.camera]: Device with physical ID /sys/devices/platform/scb-bus@fc000000/fd500000.pcie/pci0000:00/0000:00:00.0/0000:01:00.0/usb2/2-1/2-1:1.0/video4linux/video0 was found.[0m
[realsense2_camera_node-1] [0m[INFO] [1791456379.848991009] [camera.camera]: Device with name RealSense D435 was found.[0m
[realsense2_camera_node-1] [0m[INFO] [1791456379.849398857] [camera.camera]: Device with port number 2-1 was found.[0m
[realsense2_camera_node-1] [0m[INFO] [1791456379.849589059] [camera.camera]: Device USB type: 3.2[0m
[realsense2_camera_node-1] [0m[INFO] [1791456379.849716114] [camera.camera]: Starting device RealSense D435 (Product ID: 0x0B07)[0m
[realsense2_camera_node-1] [0m[INFO] [1791456379.850061444] [camera.camera]: getParameters...[0m
[realsense2_camera_node-1] [0m[INFO] [1791456379.851538691] [camera.camera]: JSON file is not provided[0m
[realsense2_camera_node-1] [0m[INFO] [1791456379.854024911] [camera.camera]: Device Name: RealSense D435[0m
[realsense2_camera_node-1] [0m[INFO] [1791456379.854184762] [camera.camera]: Device Serial No: 261822072247[0m
[realsense2_camera_node-1] [0m[INFO] [1791456379.854261391] [camera.camera]: Device physical port: /sys/devices/platform/scb-bus@fc000000/fd500000.pcie/pci0000:00/0000:00:00.0/0000:01:00.0/usb2/2-1/2-1:1.0/video4linux/video0[0m
[realsense2_camera_node-1] [0m[INFO] [1791456379.854418853] [camera.camera]: Device FW version: 5.15.1.55[0m
[realsense2_camera_node-1] [0m[INFO] [1791456379.854531222] [camera.camera]: Device Product ID: 0x0B07[0m
[realsense2_camera_node-1] [0m[INFO] [1791456379.854632536] [camera.camera]: Sync Mode: Off[0m
[realsense2_camera_node-1] [33m[WARN] [1791456380.022653602] [camera.camera]: re-enable the stream for the change to take effect.[0m
[realsense2_camera_node-1] [0m[INFO] [1791456380.023624612] [camera.camera]: Set ROS param depth_module.infra_profile to default: 848x480x30[0m
[realsense2_camera_node-1] [0m[INFO] [1791456380.062211847] [camera.camera]: Stopping Sensor: Depth Module[0m
[realsense2_camera_node-1] [0m[INFO] [1791456380.064536439] [camera.camera]: Stopping Sensor: RGB Camera[0m
[realsense2_camera_node-1] [0m[INFO] [1791456380.099228595] [camera.camera]: Starting Sensor: Depth Module[0m
[realsense2_camera_node-1] [0m[INFO] [1791456380.114710003] [camera.camera]: Open profile: stream_type: Depth(0), Format: Z16, Width: 640, Height: 480, FPS: 30[0m
[realsense2_camera_node-1] [0m[INFO] [1791456380.157046410] [camera.camera]: Starting Sensor: RGB Camera[0m
[realsense2_camera_node-1] [0m[INFO] [1791456380.170624668] [camera.camera]: Open profile: stream_type: Color(0), Format: RGB8, Width: 640, Height: 480, FPS: 30[0m
[realsense2_camera_node-1] [0m[INFO] [1791456380.288111376] [camera.camera]: RealSense Node Is Up![0m
[opencr_bridge-4] [INFO] [1791456382.001921550] [opencr_bridge]: run_id=assignment4_ctlstop_controller_20261008_194617 dry_run=False port=/dev/ttyACM0
[opencr_bridge-4] [INFO] [1791456382.007941074] [opencr_bridge]: OpenCR state None -> HOLD
[opencr_bridge-4] [INFO] [1791456382.057515235] [opencr_bridge]: OpenCR B 1654 2007
[opencr_bridge-4] [INFO] [1791456382.062159789] [opencr_bridge]: OpenCR state HOLD -> HOMING
[realsense2_camera_node-1] [33m[WARN] [1791456382.106053795] [camera.camera]: XXX Hardware Notification:Depth stream start failure,1.79146e+12,Error,Hardware Error[0m
[realsense2_camera_node-1] [33m[WARN] [1791456382.106294904] [camera.camera]: Hardware Notification:Depth stream start failure,1.79146e+12,Error,Hardware Error[0m
[controller_node-3] [INFO] [1791456382.109871282] [tracker_controller]: run_id=assignment4_ctlstop_controller_20261008_194617 search=False pan(kp=2.0/s, dir=-1, limit=120.0) tilt(kp=2.5/s, dir=1, limit=120.0)
[controller_node-3] [INFO] [1791456382.114238023] [tracker_controller]: state None -> IDLE (disabled)
[opencr_bridge-4] [INFO] [1791456383.365464803] [opencr_bridge]: OpenCR state HOMING -> HOLD
[opencr_bridge-4] [INFO] [1791456383.371780528] [opencr_bridge]: 시작 시 기준 자세 이동 도착: 1.5 s
[target_detector-2] [INFO] [1791456383.807499683] [target_detector]: run_id=assignment4_ctlstop_controller_20261008_194617 hsv=(102, 120, 40)~(110, 255, 255) min_area=100.0 selection=priority use_depth=True detect_scale=1.0 size_check=True object_tracker=True
[target_detector-2] [INFO] [1791456388.636152083] [target_detector]: processing FPS 27.4, mean proc 12.4 ms
[target_detector-2] [INFO] [1791456393.667877332] [target_detector]: processing FPS 30.0, mean proc 11.2 ms
[target_detector-2] [INFO] [1791456398.688165657] [target_detector]: processing FPS 30.1, mean proc 11.6 ms
[target_detector-2] [INFO] [1791456403.731894417] [target_detector]: processing FPS 30.0, mean proc 11.6 ms
[controller_node-3] [INFO] [1791456406.858923413] [tracker_controller]: tracking enabled=True
[controller_node-3] [INFO] [1791456406.872524300] [tracker_controller]: state IDLE -> LOST (confirming_0/3)
[controller_node-3] [INFO] [1791456406.996379474] [tracker_controller]: state LOST -> TRACKING (reacquired_in_view)
[opencr_bridge-4] [INFO] [1791456407.047572918] [opencr_bridge]: OpenCR state HOLD -> TRACK
[target_detector-2] [INFO] [1791456408.736090988] [target_detector]: processing FPS 28.8, mean proc 11.9 ms
[realsense2_camera_node-1] [33m[WARN] [1791456410.146089392] [camera.camera]: XXX Hardware Notification:Incomplete video frame detected!
[realsense2_camera_node-1] Size 246536 out of 614655 bytes (40%),1.79146e+12,Warn,Frame Corrupted[0m
[ERROR] [controller_node-3]: process has died [pid 38339, exit code -9, cmd '/home/pa23/git/Lv2_Monglian_Assignment/lv2_module5/ros2_ws/install/tracker_controller/lib/tracker_controller/controller_node --ros-args -r __node:=tracker_controller --params-file /home/pa23/git/Lv2_Monglian_Assignment/lv2_module5/config/camera.yaml --params-file /home/pa23/git/Lv2_Monglian_Assignment/lv2_module5/config/control.yaml --params-file /home/pa23/git/Lv2_Monglian_Assignment/lv2_module5/config/device.yaml --params-file /home/pa23/git/Lv2_Monglian_Assignment/lv2_module5/config/hsv.yaml --params-file /home/pa23/git/Lv2_Monglian_Assignment/lv2_module5/config/safety.yaml --params-file /tmp/tracker_controller_launch_ia5ihuvp.yaml'].
[target_detector-2] [INFO] [1791456413.757139233] [target_detector]: processing FPS 29.9, mean proc 12.8 ms
[WARNING] [launch]: user interrupted with ctrl-c (SIGINT)
[realsense2_camera_node-1] [0m[INFO] [1791456414.358958302] [rclcpp]: signal_handler(signum=2)[0m
[realsense2_camera_node-1] [0m[INFO] [1791456414.361239542] [camera.camera]: Stop Sensor: Depth Module[0m
[realsense2_camera_node-1] [0m[INFO] [1791456414.361320171] [camera.camera]: Close Sensor. [0m
[INFO] [opencr_bridge-4]: sending signal 'SIGINT' to process[opencr_bridge-4]
[INFO] [target_detector-2]: sending signal 'SIGINT' to process[target_detector-2]
[INFO] [realsense2_camera_node-1]: sending signal 'SIGINT' to process[realsense2_camera_node-1]
[realsense2_camera_node-1] [0m[INFO] [1791456414.368493427] [camera.camera]: Close Sensor - Done. [0m
[realsense2_camera_node-1] [0m[INFO] [1791456414.368577611] [camera.camera]: Stop Sensor: RGB Camera[0m
[realsense2_camera_node-1] [0m[INFO] [1791456414.368602444] [camera.camera]: Close Sensor. [0m
[realsense2_camera_node-1] [0m[INFO] [1791456414.382930732] [rclcpp]: signal_handler(signum=2)[0m
[target_detector-2] Traceback (most recent call last):
[target_detector-2]   File "/home/pa23/git/Lv2_Monglian_Assignment/lv2_module5/ros2_ws/install/target_detector/lib/target_detector/target_detector", line 33, in <module>
[target_detector-2]     sys.exit(load_entry_point('target-detector', 'console_scripts', 'target_detector')())
[target_detector-2]              ~~~~~~~~~~~~~~~~~~~~~~~~~~~~~~~~~~~~~~~~~~~~~~~~~~~~~~~~~~~~~~~~~~~~~~~~~^^
[target_detector-2]   File "/home/pa23/git/Lv2_Monglian_Assignment/lv2_module5/ros2_ws/build/target_detector/target_detector/target_detector.py", line 432, in main
[target_detector-2]     node.destroy_node()
[target_detector-2]     ~~~~~~~~~~~~~~~~~^^
[target_detector-2]   File "/opt/ros/lyrical/lib/python3.14/site-packages/rclpy/node.py", line 2708, in destroy_node
[target_detector-2]     self.destroy_service(self._services[0])
[target_detector-2]     ~~~~~~~~~~~~~~~~~~~~^^^^^^^^^^^^^^^^^^^
[target_detector-2]   File "/opt/ros/lyrical/lib/python3.14/site-packages/rclpy/node.py", line 2642, in destroy_service
[target_detector-2]     service.destroy()
[target_detector-2]     ~~~~~~~~~~~~~~~^^
[target_detector-2]   File "/opt/ros/lyrical/lib/python3.14/site-packages/rclpy/service.py", line 129, in destroy
[target_detector-2]     self._destroy()
[target_detector-2]     ~~~~~~~~~~~~~^^
[target_detector-2]   File "/opt/ros/lyrical/lib/python3.14/site-packages/rclpy/service.py", line 132, in _destroy
[target_detector-2]     self.handle.destroy_when_not_in_use()
[target_detector-2]     ~~~~~~~~~~~~~~~~~~~~~~~~~~~~~~~~~~~^^
[target_detector-2] KeyboardInterrupt
[realsense2_camera_node-1] [0m[INFO] [1791456414.758482498] [camera.camera]: Close Sensor - Done. [0m
[opencr_bridge-4] Traceback (most recent call last):
[opencr_bridge-4]   File "/home/pa23/git/Lv2_Monglian_Assignment/lv2_module5/ros2_ws/install/tracker_bridge/lib/tracker_bridge/opencr_bridge", line 33, in <module>
[opencr_bridge-4]     sys.exit(load_entry_point('tracker-bridge', 'console_scripts', 'opencr_bridge')())
[opencr_bridge-4]              ~~~~~~~~~~~~~~~~~~~~~~~~~~~~~~~~~~~~~~~~~~~~~~~~~~~~~~~~~~~~~~~~~~~~~~^^
[opencr_bridge-4]   File "/home/pa23/git/Lv2_Monglian_Assignment/lv2_module5/ros2_ws/build/tracker_bridge/tracker_bridge/opencr_bridge.py", line 230, in main
[opencr_bridge-4]     node.destroy_node()
[opencr_bridge-4]     ~~~~~~~~~~~~~~~~~^^
[opencr_bridge-4]   File "/opt/ros/lyrical/lib/python3.14/site-packages/rclpy/node.py", line 2702, in destroy_node
[opencr_bridge-4]     self.destroy_publisher(self._publishers[0])
[opencr_bridge-4]     ~~~~~~~~~~~~~~~~~~~~~~^^^^^^^^^^^^^^^^^^^^^
[opencr_bridge-4]   File "/opt/ros/lyrical/lib/python3.14/site-packages/rclpy/node.py", line 2609, in destroy_publisher
[opencr_bridge-4]     publisher.destroy()
[opencr_bridge-4]     ~~~~~~~~~~~~~~~~~^^
[opencr_bridge-4]   File "/opt/ros/lyrical/lib/python3.14/site-packages/rclpy/publisher.py", line 101, in destroy
[opencr_bridge-4]     self._destroy()
[opencr_bridge-4]     ~~~~~~~~~~~~~^^
[opencr_bridge-4]   File "/opt/ros/lyrical/lib/python3.14/site-packages/rclpy/publisher.py", line 189, in _destroy
[opencr_bridge-4]     super()._destroy()
[opencr_bridge-4]     ~~~~~~~~~~~~~~~~^^
[opencr_bridge-4]   File "/opt/ros/lyrical/lib/python3.14/site-packages/rclpy/publisher.py", line 104, in _destroy
[opencr_bridge-4]     self.handle.destroy_when_not_in_use()
[opencr_bridge-4]     ~~~~~~~~~~~~~~~~~~~~~~~~~~~~~~~~~~~^^
[opencr_bridge-4] KeyboardInterrupt
[ERROR] [target_detector-2]: process has died [pid 38338, exit code -2, cmd '/home/pa23/git/Lv2_Monglian_Assignment/lv2_module5/ros2_ws/install/target_detector/lib/target_detector/target_detector --ros-args -r __node:=target_detector --params-file /home/pa23/git/Lv2_Monglian_Assignment/lv2_module5/config/camera.yaml --params-file /home/pa23/git/Lv2_Monglian_Assignment/lv2_module5/config/control.yaml --params-file /home/pa23/git/Lv2_Monglian_Assignment/lv2_module5/config/device.yaml --params-file /home/pa23/git/Lv2_Monglian_Assignment/lv2_module5/config/hsv.yaml --params-file /home/pa23/git/Lv2_Monglian_Assignment/lv2_module5/config/safety.yaml --params-file /tmp/target_detector_launch_sufrkw87.yaml'].
[INFO] [realsense2_camera_node-1]: process has finished cleanly [pid 38337]
[ERROR] [opencr_bridge-4]: process has died [pid 38340, exit code -2, cmd '/home/pa23/git/Lv2_Monglian_Assignment/lv2_module5/ros2_ws/install/tracker_bridge/lib/tracker_bridge/opencr_bridge --ros-args -r __node:=opencr_bridge --params-file /home/pa23/git/Lv2_Monglian_Assignment/lv2_module5/config/camera.yaml --params-file /home/pa23/git/Lv2_Monglian_Assignment/lv2_module5/config/control.yaml --params-file /home/pa23/git/Lv2_Monglian_Assignment/lv2_module5/config/device.yaml --params-file /home/pa23/git/Lv2_Monglian_Assignment/lv2_module5/config/hsv.yaml --params-file /home/pa23/git/Lv2_Monglian_Assignment/lv2_module5/config/safety.yaml --params-file /tmp/opencr_bridge_launch_vr0epsr0.yaml'].
