[INFO] [launch]: All log files can be found below /home/pa23/.ros/log/2026-10-08-12-28-47-596449-pa23-23761
[INFO] [launch]: Default logging verbosity is set to INFO
[INFO] [launch.user]: 🚀 Launching as Normal ROS Node
[INFO] [realsense2_camera_node-1]: process started with pid [23780]
[INFO] [target_detector-2]: process started with pid [23781]
[INFO] [controller_node-3]: process started with pid [23782]
[INFO] [opencr_bridge-4]: process started with pid [23783]
[realsense2_camera_node-1] [0m[INFO] [1791430128.615925755] [camera.camera]: RealSense ROS v4.58.4[0m
[realsense2_camera_node-1] [0m[INFO] [1791430128.616238419] [camera.camera]: Built with LibRealSense v2.58.4[0m
[realsense2_camera_node-1] [0m[INFO] [1791430128.616367603] [camera.camera]: Running with LibRealSense v2.58.4[0m
[realsense2_camera_node-1]  08/10 12:28:48,620 WARNING [281473188489504] (context.cpp:41) No valid configuration file found at : /home/pa23/.realsense-config.json loading defaults
[realsense2_camera_node-1] [0m[INFO] [1791430128.828255083] [camera.camera]: Device with serial number 261822072247 was found.
[realsense2_camera_node-1] [0m
[realsense2_camera_node-1] [0m[INFO] [1791430128.828514136] [camera.camera]: Device with physical ID /sys/devices/platform/scb-bus@fc000000/fd500000.pcie/pci0000:00/0000:00:00.0/0000:01:00.0/usb2/2-1/2-1:1.0/video4linux/video0 was found.[0m
[realsense2_camera_node-1] [0m[INFO] [1791430128.828676802] [camera.camera]: Device with name RealSense D435 was found.[0m
[realsense2_camera_node-1] [0m[INFO] [1791430128.828971300] [camera.camera]: Device with port number 2-1 was found.[0m
[realsense2_camera_node-1] [0m[INFO] [1791430128.829137965] [camera.camera]: Device USB type: 3.2[0m
[realsense2_camera_node-1] [0m[INFO] [1791430128.829241835] [camera.camera]: Starting device RealSense D435 (Product ID: 0x0B07)[0m
[realsense2_camera_node-1] [0m[INFO] [1791430128.829491462] [camera.camera]: getParameters...[0m
[realsense2_camera_node-1] [0m[INFO] [1791430128.830257401] [camera.camera]: JSON file is not provided[0m
[realsense2_camera_node-1] [0m[INFO] [1791430128.830447678] [camera.camera]: Device Name: RealSense D435[0m
[realsense2_camera_node-1] [0m[INFO] [1791430128.830505585] [camera.camera]: Device Serial No: 261822072247[0m
[realsense2_camera_node-1] [0m[INFO] [1791430128.830619010] [camera.camera]: Device physical port: /sys/devices/platform/scb-bus@fc000000/fd500000.pcie/pci0000:00/0000:00:00.0/0000:01:00.0/usb2/2-1/2-1:1.0/video4linux/video0[0m
[realsense2_camera_node-1] [0m[INFO] [1791430128.830685231] [camera.camera]: Device FW version: 5.15.1.55[0m
[realsense2_camera_node-1] [0m[INFO] [1791430128.830723009] [camera.camera]: Device Product ID: 0x0B07[0m
[realsense2_camera_node-1] [0m[INFO] [1791430128.830755046] [camera.camera]: Sync Mode: Off[0m
[realsense2_camera_node-1] [33m[WARN] [1791430128.998933124] [camera.camera]: re-enable the stream for the change to take effect.[0m
[realsense2_camera_node-1] [0m[INFO] [1791430128.999599767] [camera.camera]: Set ROS param depth_module.infra_profile to default: 848x480x30[0m
[realsense2_camera_node-1] [0m[INFO] [1791430129.032820505] [camera.camera]: Stopping Sensor: Depth Module[0m
[realsense2_camera_node-1] [0m[INFO] [1791430129.033490389] [camera.camera]: Stopping Sensor: RGB Camera[0m
[realsense2_camera_node-1] [0m[INFO] [1791430129.082428325] [camera.camera]: Starting Sensor: Depth Module[0m
[realsense2_camera_node-1] [0m[INFO] [1791430129.095316730] [camera.camera]: Open profile: stream_type: Depth(0), Format: Z16, Width: 640, Height: 480, FPS: 30[0m
[realsense2_camera_node-1] [0m[INFO] [1791430129.133318655] [camera.camera]: Starting Sensor: RGB Camera[0m
[realsense2_camera_node-1] [0m[INFO] [1791430129.145279789] [camera.camera]: Open profile: stream_type: Color(0), Format: RGB8, Width: 640, Height: 480, FPS: 30[0m
[realsense2_camera_node-1] [0m[INFO] [1791430129.268575790] [camera.camera]: RealSense Node Is Up![0m
[realsense2_camera_node-1] [33m[WARN] [1791430131.087334233] [camera.camera]: XXX Hardware Notification:Depth stream start failure,1.79143e+12,Error,Hardware Error[0m
[realsense2_camera_node-1] [33m[WARN] [1791430131.087568953] [camera.camera]: Hardware Notification:Depth stream start failure,1.79143e+12,Error,Hardware Error[0m
[controller_node-3] [INFO] [1791430131.110290249] [tracker_controller]: run_id=assignment5_lost_20261008_122845 search=False pan(kp=2.0/s, dir=-1, limit=120.0) tilt(kp=2.5/s, dir=1, limit=120.0)
[controller_node-3] [INFO] [1791430131.116146798] [tracker_controller]: state None -> IDLE (disabled)
[opencr_bridge-4] [INFO] [1791430131.160401232] [opencr_bridge]: run_id=assignment5_lost_20261008_122845 dry_run=False port=/dev/ttyACM0
[opencr_bridge-4] [INFO] [1791430131.166312763] [opencr_bridge]: OpenCR state None -> HOLD
[opencr_bridge-4] [INFO] [1791430131.208042197] [opencr_bridge]: OpenCR B 1654 2007
[target_detector-2] [INFO] [1791430132.715479577] [target_detector]: run_id=assignment5_lost_20261008_122845 hsv=(102, 120, 40)~(110, 255, 255) min_area=100.0 selection=priority use_depth=True detect_scale=1.0 size_check=True object_tracker=True
[realsense2_camera_node-1]  08/10 12:28:56,690 WARNING [281472695003424] (global_timestamp_reader.cpp:414) time_diff_keeper: clock fit re-based from rejected-sample window after 60 consecutive innovation-gate rejections
[target_detector-2] [INFO] [1791430137.588583415] [target_detector]: processing FPS 22.6, mean proc 13.0 ms
[target_detector-2] [INFO] [1791430142.612781161] [target_detector]: processing FPS 24.3, mean proc 17.4 ms
[target_detector-2] [INFO] [1791430147.642517458] [target_detector]: processing FPS 23.7, mean proc 17.5 ms
[target_detector-2] [INFO] [1791430152.655434065] [target_detector]: processing FPS 26.9, mean proc 16.2 ms
[target_detector-2] [INFO] [1791430157.671252409] [target_detector]: processing FPS 25.9, mean proc 15.9 ms
[target_detector-2] [INFO] [1791430162.693795630] [target_detector]: processing FPS 24.5, mean proc 17.3 ms
[target_detector-2] [INFO] [1791430167.717056624] [target_detector]: processing FPS 23.7, mean proc 19.5 ms
[target_detector-2] [INFO] [1791430172.728215817] [target_detector]: processing FPS 25.2, mean proc 17.9 ms
[target_detector-2] [INFO] [1791430177.774699807] [target_detector]: processing FPS 23.2, mean proc 16.4 ms
[target_detector-2] [INFO] [1791430182.788915885] [target_detector]: processing FPS 23.6, mean proc 17.5 ms
[target_detector-2] [INFO] [1791430187.813355611] [target_detector]: processing FPS 23.9, mean proc 16.6 ms
[target_detector-2] [INFO] [1791430192.829168974] [target_detector]: processing FPS 24.1, mean proc 17.1 ms
[controller_node-3] [INFO] [1791430193.723145197] [tracker_controller]: tracking enabled=True
[controller_node-3] [INFO] [1791430193.732526795] [tracker_controller]: state IDLE -> LOST (confirming_0/3)
[controller_node-3] [INFO] [1791430193.823391516] [tracker_controller]: tracking enabled=True
[controller_node-3] [INFO] [1791430193.926371703] [tracker_controller]: tracking enabled=True
[controller_node-3] [INFO] [1791430194.103136607] [tracker_controller]: state LOST -> TRACKING (reacquired_in_view)
[opencr_bridge-4] [INFO] [1791430194.159834987] [opencr_bridge]: OpenCR state HOLD -> TRACK
[target_detector-2] [INFO] [1791430198.013376451] [target_detector]: processing FPS 20.1, mean proc 21.8 ms
[target_detector-2] [INFO] [1791430203.049996605] [target_detector]: processing FPS 17.9, mean proc 24.4 ms
[target_detector-2] [INFO] [1791430208.091151263] [target_detector]: processing FPS 16.5, mean proc 28.0 ms
[controller_node-3] [INFO] [1791430208.963008557] [tracker_controller]: state TRACKING -> LOST (no_detection)
[controller_node-3] [INFO] [1791430210.245750422] [tracker_controller]: state LOST -> TRACKING (reacquired_in_view)
[controller_node-3] [INFO] [1791430210.532270093] [tracker_controller]: state TRACKING -> LOST (no_detection)
[controller_node-3] [INFO] [1791430211.147651643] [tracker_controller]: state LOST -> TRACKING (reacquired_in_view)
[controller_node-3] [INFO] [1791430212.178194196] [tracker_controller]: state TRACKING -> LOST (input_timeout)
[controller_node-3] [INFO] [1791430212.996516901] [tracker_controller]: state LOST -> TRACKING (reacquired_in_view)
[target_detector-2] [INFO] [1791430213.119602904] [target_detector]: processing FPS 17.1, mean proc 22.4 ms
[controller_node-3] [INFO] [1791430213.246652210] [tracker_controller]: state TRACKING -> LOST (no_detection)
[controller_node-3] [INFO] [1791430213.935798588] [tracker_controller]: state LOST -> TRACKING (reacquired_in_view)
[controller_node-3] [INFO] [1791430214.043688721] [tracker_controller]: state TRACKING -> LOST (no_detection)
[controller_node-3] [INFO] [1791430214.827265200] [tracker_controller]: state LOST -> TRACKING (reacquired_in_view)
[controller_node-3] [INFO] [1791430215.097237197] [tracker_controller]: state TRACKING -> LOST (no_detection)
[controller_node-3] [INFO] [1791430215.607095837] [tracker_controller]: state LOST -> TRACKING (reacquired_in_view)
[controller_node-3] [INFO] [1791430223.160838662] [tracker_controller]: state TRACKING -> LOST (input_timeout)
[opencr_bridge-4] [ERROR] [1791430223.187170970] [opencr_bridge]: OpenCR E 1 command timeout; stop
[opencr_bridge-4] [INFO] [1791430223.190147355] [opencr_bridge]: OpenCR state TRACK -> HOLD
[target_detector-2] [INFO] [1791430223.229421050] [target_detector]: processing FPS 6.5, mean proc 24.1 ms
[controller_node-3] [INFO] [1791430224.155400406] [tracker_controller]: state LOST -> TRACKING (reacquired_in_view)
[opencr_bridge-4] [INFO] [1791430224.209266012] [opencr_bridge]: OpenCR state HOLD -> TRACK
[controller_node-3] [INFO] [1791430224.269200500] [tracker_controller]: tracking enabled=False
[controller_node-3] [INFO] [1791430224.288455192] [tracker_controller]: state TRACKING -> IDLE (disabled)
[controller_node-3] [INFO] [1791430224.368587180] [tracker_controller]: tracking enabled=False
[controller_node-3] [INFO] [1791430224.483037510] [tracker_controller]: tracking enabled=False
[WARNING] [launch]: user interrupted with ctrl-c (SIGINT)
[realsense2_camera_node-1] [0m[INFO] [1791430226.461880554] [rclcpp]: signal_handler(signum=2)[0m
[realsense2_camera_node-1] [0m[INFO] [1791430226.468496802] [camera.camera]: Stop Sensor: Depth Module[0m
[realsense2_camera_node-1] [0m[INFO] [1791430226.468866281] [camera.camera]: Close Sensor. [0m
[controller_node-3] [INFO] [1791430226.455647544] [tracker_controller]: stats {'reacquired_in_view': 8, 'reacquired_search': 0, 'search_failed': 0} stale_inputs=0
[controller_node-3] Failed to publish log message to rosout: publisher's context is invalid, at ./src/rcl/publisher.c:427
[realsense2_camera_node-1] [0m[INFO] [1791430226.486049785] [camera.camera]: Close Sensor - Done. [0m
[realsense2_camera_node-1] [0m[INFO] [1791430226.486148413] [camera.camera]: Stop Sensor: RGB Camera[0m
[realsense2_camera_node-1] [0m[INFO] [1791430226.486169635] [camera.camera]: Close Sensor. [0m
[realsense2_camera_node-1] [0m[INFO] [1791430226.975996904] [camera.camera]: Close Sensor - Done. [0m
[INFO] [target_detector-2]: process has finished cleanly [pid 23781]
[INFO] [controller_node-3]: process has finished cleanly [pid 23782]
[INFO] [opencr_bridge-4]: process has finished cleanly [pid 23783]
[INFO] [realsense2_camera_node-1]: process has finished cleanly [pid 23780]
