0.279	>>> V 0.00 0.00
0.287	>>> V 0.00 0.00
0.307	>>> V 0.00 0.00
0.327	>>> V 0.00 0.00
0.347	>>> V 0.00 0.00
0.367	>>> V 0.00 0.00
0.388	>>> V 0.00 0.00
0.407	>>> V 0.00 0.00
0.427	>>> V 0.00 0.00
0.447	>>> V 0.00 0.00
0.467	>>> V 0.00 0.00
0.487	>>> V 0.00 0.00
0.508	>>> V 0.00 0.00
0.527	>>> V 0.00 0.00
0.547	>>> V 0.00 0.00
0.567	>>> V 0.00 0.00
0.587	>>> V 0.00 0.00
0.607	>>> V 0.00 0.00
0.627	>>> V 0.00 0.00
0.647	>>> V 0.00 0.00
0.667	>>> V 0.00 0.00
0.687	>>> V 0.00 0.00
0.707	>>> V 0.00 0.00
0.727	>>> V 0.00 0.00
0.747	>>> V 0.00 0.00
0.767	>>> V 0.00 0.00
0.787	>>> V 0.00 0.00
0.807	>>> V 0.00 0.00
0.827	>>> V 0.00 0.00
0.847	>>> V 0.00 0.00
0.867	>>> V 0.00 0.00
0.887	>>> V 0.00 0.00
0.907	>>> V 0.00 0.00
0.927	>>> V 0.00 0.00
0.947	>>> V 0.00 0.00
0.967	>>> V 0.00 0.00
0.987	>>> V 0.00 0.00
1.007	>>> V 0.00 0.00
1.027	>>> V 0.00 0.00
1.047	>>> V 0.00 0.00
1.067	>>> V 0.00 0.00
1.087	>>> V 0.00 0.00
1.107	>>> V 0.00 0.00
1.127	>>> V 0.00 0.00
1.147	>>> V 0.00 0.00
1.167	>>> V 0.00 0.00
1.187	>>> V 0.00 0.00
1.207	>>> V 0.00 0.00
1.227	>>> V 0.00 0.00
1.247	>>> V 0.00 0.00
1.267	>>> V 0.00 0.00
1.287	>>> V 0.00 0.00
1.307	>>> V 0.00 0.00
1.327	>>> V 0.00 0.00
1.348	>>> V 0.00 0.00
1.370	>>> V 0.00 0.00
1.389	>>> V 0.00 0.00
1.408	>>> V 0.00 0.00
1.427	>>> V 0.00 0.00
1.447	>>> V 0.00 0.00
1.467	>>> V 0.00 0.00
1.487	>>> V 0.00 0.00
1.507	>>> V 0.00 0.00
1.527	>>> V 0.00 0.00
1.547	>>> V 0.00 0.00
1.567	>>> V 0.00 0.00
1.587	>>> V 0.00 0.00
1.607	>>> V 0.00 0.00
1.627	>>> V 0.00 0.00
1.647	>>> V 0.00 0.00
1.667	>>> V 0.00 0.00
1.687	>>> V 0.00 0.00
1.708	>>> V 0.00 0.00
1.727	>>> V 0.00 0.00
1.748	>>> V 0.00 0.00
1.769	>>> V 0.00 0.00
1.787	>>> V 0.00 0.00
1.808	>>> V 0.00 0.00
1.827	>>> V -2.31 0.00
1.848	>>> V -2.31 0.00
1.868	>>> V -2.81 0.00
1.887	>>> V -2.81 0.00
1.908	>>> V -3.17 0.00
1.927	>>> V -3.49 0.00
1.948	>>> V -3.49 0.00
1.967	>>> V -3.94 0.00
1.988	>>> V -3.94 0.00
2.008	>>> V -4.21 0.00
2.027	>>> V -4.44 0.00
2.048	>>> V -4.44 0.00
2.068	>>> V -4.86 0.00
2.087	>>> V -4.86 0.00
2.108	>>> V -5.05 0.00
2.127	>>> V -5.21 0.00
2.147	>>> V -5.21 0.00
2.168	>>> V -5.59 0.00
2.187	>>> V -5.71 0.00
2.207	>>> V -5.71 0.00
2.228	>>> V -5.84 0.00
2.247	>>> V -5.84 0.00
2.267	>>> V -6.16 0.00
2.287	>>> V -6.26 0.00
2.308	>>> V -6.26 0.00
2.328	>>> V -6.31 0.00
2.347	>>> V -6.31 0.00
2.367	>>> V -6.31 0.00
2.387	>>> V -6.70 0.00
2.407	>>> V -6.70 0.00
2.427	>>> V -6.73 0.00
2.447	>>> V -6.73 0.00
2.468	>>> V -6.73 0.00
2.487	>>> V -7.04 0.00
2.507	>>> V -7.05 0.00
2.527	>>> V -7.06 0.00
2.547	>>> V -7.06 0.00
2.568	>>> V -7.06 0.00
2.588	>>> V -7.33 0.00
2.607	>>> V -7.33 0.00
2.628	>>> V -7.32 0.00
2.647	>>> V -7.32 0.00
2.667	>>> V -7.57 0.00
2.687	>>> V -7.55 0.00
2.707	>>> V -7.55 0.00
2.728	>>> V -7.55 0.00
2.752	>>> V -7.51 0.00
2.767	>>> V -7.76 0.00
2.788	>>> V -7.76 0.00
2.808	>>> V -7.72 0.00
2.827	>>> V -7.72 0.00
2.848	>>> V -7.65 0.00
2.867	>>> V -7.94 0.00
2.887	>>> V -7.94 0.00
2.908	>>> V -7.94 0.00
2.927	>>> V -7.83 0.00
2.948	>>> V -7.74 0.00
2.969	>>> V -7.99 0.00
2.987	>>> V -7.99 0.00
3.009	>>> V -7.88 0.00
3.027	>>> V -7.80 0.00
3.047	>>> V -7.80 0.00
3.068	>>> V -8.07 0.00
3.088	>>> V -8.07 0.00
3.108	>>> V -7.97 0.00
3.127	>>> V -7.87 0.00
3.148	>>> V -7.87 0.00
3.168	>>> V -8.13 0.00
3.187	>>> V -8.13 0.00
3.207	>>> V -8.02 0.00
3.227	>>> V -7.93 0.00
3.247	>>> V -7.93 0.00
3.268	>>> V -8.15 0.00
3.287	>>> V -8.15 0.00
3.307	>>> V -8.05 0.00
3.327	>>> V -7.94 0.00
3.347	>>> V -7.94 0.00
3.368	>>> V -8.18 0.00
3.387	>>> V -8.05 0.00
3.407	>>> V -8.05 0.00
3.427	>>> V -7.95 0.00
3.447	>>> V -7.95 0.00
3.468	>>> V -8.17 0.00
3.487	>>> V -8.05 0.00
3.507	>>> V -8.05 0.00
3.527	>>> V -7.94 0.00
3.548	>>> V -7.94 0.00
3.568	>>> V -8.17 0.00
3.587	>>> V -8.17 0.00
3.607	>>> V -8.05 0.00
3.627	>>> V -7.94 0.00
3.647	>>> V -7.94 0.00
3.667	>>> V -8.15 0.00
3.687	>>> V -8.02 0.00
3.708	>>> V -8.02 0.00
3.727	>>> V -7.89 0.00
3.748	>>> V -7.89 0.00
3.768	>>> V -8.13 0.00
3.787	>>> V -7.98 0.00
3.808	>>> V -7.98 0.00
3.827	>>> V -7.87 0.00
3.847	>>> V -7.87 0.00
3.867	>>> V -8.09 0.00
3.888	>>> V -8.09 0.00
3.907	>>> V -7.96 0.00
3.927	>>> V -7.84 0.00
3.948	>>> V -7.84 0.00
3.968	>>> V -8.05 0.00
3.987	>>> V -7.90 0.00
4.007	>>> V -7.90 0.00
4.027	>>> V -7.80 0.00
4.048	>>> V -7.80 0.00
4.067	>>> V -7.99 0.00
4.087	>>> V -7.87 0.00
4.108	>>> V -7.87 0.00
4.127	>>> V -7.73 0.00
4.147	>>> V -7.73 0.00
4.168	>>> V -7.94 0.00
4.187	>>> V -7.94 0.00
4.207	>>> V -7.81 0.00
4.227	>>> V -7.68 0.00
4.247	>>> V -7.68 0.00
4.269	>>> V -7.88 0.00
4.287	>>> V -7.88 0.00
4.308	>>> V -7.74 0.00
4.327	>>> V -7.60 0.00
4.348	>>> V -7.60 0.00
4.369	>>> V -7.82 0.00
4.387	>>> V -7.82 0.00
4.408	>>> V -7.67 0.00
4.427	>>> V -7.56 0.00
4.447	>>> V -7.56 0.00
4.467	>>> V -7.76 0.00
4.488	>>> V -7.76 0.00
4.507	>>> V -7.63 0.00
4.527	>>> V -7.50 0.00
4.548	>>> V -7.50 0.00
4.567	>>> V -7.70 0.00
4.588	>>> V -7.55 0.00
4.607	>>> V -7.55 0.00
4.627	>>> V -7.44 0.00
4.647	>>> V -7.44 0.00
4.667	>>> V -7.62 0.00
4.688	>>> V -7.62 0.00
4.707	>>> V -7.49 0.00
4.727	>>> V -7.36 0.00
4.747	>>> V -7.36 0.00
4.767	>>> V -7.55 0.00
4.788	>>> V -7.55 0.00
4.807	>>> V -7.42 0.00
4.828	>>> V -7.28 0.00
4.847	>>> V -7.28 0.00
4.868	>>> V -7.45 0.00
4.888	>>> V -7.33 0.00
4.908	>>> V -7.33 0.00
4.927	>>> V -7.20 0.00
4.947	>>> V -7.20 0.00
4.967	>>> V -7.40 0.00
4.987	>>> V -7.27 0.00
5.008	>>> V -7.27 0.00
5.028	>>> V -7.13 0.00
5.048	>>> V -7.13 0.00
5.068	>>> V -7.32 0.00
5.087	>>> V -7.32 0.00
5.108	>>> V -7.20 0.00
5.127	>>> V -7.06 0.00
5.148	>>> V -7.06 0.00
5.167	>>> V -7.25 0.00
5.187	>>> V -7.11 0.00
5.207	>>> V -7.11 0.00
5.227	>>> V -7.00 0.00
5.248	>>> V -7.00 0.00
5.268	>>> V -7.18 0.00
5.287	>>> V -7.03 0.00
5.308	>>> V -7.03 0.00
5.327	>>> V -6.91 0.00
5.347	>>> V -6.91 0.00
5.367	>>> V -7.09 0.00
5.387	>>> V -7.09 0.00
5.408	>>> V -6.97 0.00
5.428	>>> V -6.83 0.00
5.447	>>> V -6.83 0.00
5.467	>>> V -7.00 0.00
5.487	>>> V -7.00 0.00
5.508	>>> V -6.89 0.00
5.527	>>> V -6.75 0.00
5.548	>>> V -6.75 0.00
5.568	>>> V -6.92 0.00
5.587	>>> V -6.92 0.00
5.608	>>> V -6.79 0.00
5.627	>>> V -6.66 0.00
5.647	>>> V -6.66 0.00
5.668	>>> V -6.84 0.00
5.687	>>> V -6.84 0.00
5.707	>>> V -6.84 0.00
5.728	>>> V 0.00 0.00
5.747	>>> V 0.00 0.00
5.768	>>> V 0.00 0.00
5.787	>>> V 0.00 0.00
5.808	>>> V 0.00 0.00
5.827	>>> V 0.00 0.00
5.848	>>> V 0.00 0.00
5.867	>>> V 0.00 0.00
5.887	>>> V 0.00 0.00
5.907	>>> V 0.00 0.00
5.927	>>> V 0.00 0.00
5.948	>>> V 0.00 0.00
5.967	>>> V 0.00 0.00
5.987	>>> V 0.00 0.00
6.007	>>> V 0.00 0.00
6.027	>>> V -11.63 0.00
6.048	>>> V -11.47 0.00
6.067	>>> V -11.27 0.00
6.088	>>> V -11.14 0.00
6.108	>>> V -10.96 0.00
6.127	>>> V -10.80 0.00
6.147	>>> V -10.68 0.00
6.168	>>> V -10.54 0.00
6.187	>>> V -10.39 0.00
6.208	>>> V -10.27 0.00
6.227	>>> V -10.11 0.00
6.247	>>> V -10.02 0.00
6.268	>>> V -9.91 0.00
6.287	>>> V -9.77 0.00
6.307	>>> V -9.68 0.00
6.328	>>> V -9.56 0.00
6.347	>>> V -9.44 0.00
6.368	>>> V -9.37 0.00
6.387	>>> V -9.25 0.00
6.407	>>> V -9.17 0.00
6.427	>>> V -9.07 0.00
6.447	>>> V -8.99 0.00
6.468	>>> V -8.90 0.00
6.488	>>> V -8.84 0.00
6.508	>>> V -8.73 0.00
6.527	>>> V 0.00 0.00
6.548	>>> V 0.00 0.00
6.568	>>> V 0.00 0.00
6.587	>>> V 0.00 0.00
6.607	>>> V 0.00 0.00
6.627	>>> V 0.00 0.00
6.647	>>> V 0.00 0.00
6.668	>>> V 0.00 0.00
6.687	>>> V 0.00 0.00
6.708	>>> V 0.00 0.00
6.727	>>> V 0.00 0.00
6.747	>>> V 0.00 0.00
6.768	>>> V 0.00 0.00
6.788	>>> V 0.00 0.00
6.808	>>> V 0.00 0.00
6.827	>>> V 0.00 0.00
6.847	>>> V 0.00 0.00
6.867	>>> V 0.00 0.00
6.887	>>> V 0.00 0.00
6.907	>>> V 0.00 0.00
6.927	>>> V 0.00 0.00
6.948	>>> V 0.00 0.00
6.968	>>> V 0.00 0.00
6.988	>>> V 0.00 0.00
7.007	>>> V 0.00 0.00
7.028	>>> V 0.00 0.00
7.048	>>> V 0.00 0.00
7.068	>>> V 0.00 0.00
7.087	>>> V 0.00 0.00
7.107	>>> V 0.00 0.00
7.128	>>> V 0.00 0.00
7.148	>>> V 0.00 0.00
7.168	>>> V 0.00 0.00
7.187	>>> V 0.00 0.00
7.208	>>> V 0.00 0.00
7.227	>>> V 0.00 0.00
7.248	>>> V 0.00 0.00
7.267	>>> V 0.00 0.00
7.288	>>> V 0.00 0.00
7.307	>>> V 0.00 0.00
7.328	>>> V 0.00 0.00
7.347	>>> V 0.00 0.00
7.367	>>> V 0.00 0.00
7.387	>>> V 0.00 0.00
7.408	>>> V 0.00 0.00
7.427	>>> V 0.00 0.00
7.448	>>> V 0.00 0.00
7.468	>>> V 0.00 0.00
7.487	>>> V 0.00 0.00
7.508	>>> V 0.00 0.00
7.527	>>> V 0.00 0.00
7.548	>>> V 0.00 0.00
7.567	>>> V 0.00 0.00
7.587	>>> V 0.00 0.00
7.607	>>> V 0.00 0.00
7.627	>>> V 0.00 0.00
7.648	>>> V 0.00 0.00
7.668	>>> V 0.00 0.00
7.688	>>> V 0.00 0.00
7.708	>>> V 0.00 0.00
7.727	>>> V 0.00 0.00
7.748	>>> V 0.00 0.00
7.767	>>> V 0.00 0.00
7.787	>>> V 0.00 0.00
7.807	>>> V 0.00 0.00
7.827	>>> V 0.00 0.00
7.848	>>> V 0.00 0.00
7.868	>>> V 0.00 0.00
7.887	>>> V 0.00 0.00
7.907	>>> V 0.00 0.00
7.927	>>> V 0.00 0.00
7.947	>>> V 0.00 0.00
7.968	>>> V 0.00 0.00
7.989	>>> V 0.00 0.00
8.007	>>> V 0.00 0.00
8.027	>>> V 0.00 0.00
8.047	>>> V 0.00 0.00
8.068	>>> V 0.00 0.00
8.088	>>> V 0.00 0.00
8.108	>>> V 0.00 0.00
8.127	>>> V 0.00 0.00
8.147	>>> V 0.00 0.00
8.168	>>> V 0.00 0.00
8.187	>>> V 0.00 0.00
8.208	>>> V 0.00 0.00
8.227	>>> V 0.00 0.00
8.248	>>> V 0.00 0.00
8.268	>>> V 0.00 0.00
8.287	>>> V 0.00 0.00
8.308	>>> V 0.00 0.00
8.327	>>> V 0.00 0.00
8.348	>>> V 0.00 0.00
8.368	>>> V 0.00 0.00
8.387	>>> V 0.00 0.00
8.408	>>> V 0.00 0.00
8.427	>>> V 0.00 0.00
8.447	>>> V 0.00 0.00
8.467	>>> V 0.00 0.00
8.489	>>> V 0.00 0.00
8.507	>>> V 0.00 0.00
8.527	>>> V 0.00 0.00
8.547	>>> V 0.00 0.00
8.567	>>> V 0.00 0.00
8.588	>>> V 0.00 0.00
8.607	>>> V 0.00 0.00
8.628	>>> V 0.00 0.00
8.648	>>> V 0.00 0.00
8.667	>>> V 0.00 0.00
8.687	>>> V 0.00 0.00
8.708	>>> V 0.00 0.00
8.727	>>> V 0.00 0.00
8.748	>>> V 0.00 0.00
8.767	>>> V 0.00 0.00
8.788	>>> V 0.00 0.00
8.807	>>> V 0.00 0.00
8.828	>>> V 0.00 0.00
8.848	>>> V 0.00 0.00
8.868	>>> V 0.00 0.00
8.888	>>> V 0.00 0.00
8.908	>>> V 0.00 0.00
8.928	>>> V 0.00 0.00
8.947	>>> V 0.00 0.00
8.968	>>> V 0.00 0.00
8.988	>>> V 0.00 0.00
9.007	>>> V 0.00 0.00
9.027	>>> V 0.00 0.00
9.047	>>> V 0.00 0.00
9.068	>>> V 0.00 0.00
9.088	>>> V 0.00 0.00
9.107	>>> V 0.00 0.00
9.127	>>> V 0.00 0.00
9.148	>>> V 0.00 0.00
9.167	>>> V 0.00 0.00
9.187	>>> V 0.00 0.00
9.207	>>> V 0.00 0.00
