0.292	>>> V 0.00 0.00
0.296	>>> V 0.00 0.00
0.316	>>> V 0.00 0.00
0.337	>>> V 0.00 0.00
0.356	>>> V 0.00 0.00
0.376	>>> V 0.00 0.00
0.396	>>> V 0.00 0.00
0.416	>>> V 0.00 0.00
0.436	>>> V 0.00 0.00
0.456	>>> V 0.00 0.00
0.476	>>> V 0.00 0.00
0.496	>>> V 0.00 0.00
0.516	>>> V 0.00 0.00
0.536	>>> V 0.00 0.00
0.556	>>> V 0.00 0.00
0.576	>>> V 0.00 0.00
0.596	>>> V 0.00 0.00
0.616	>>> V 0.00 0.00
0.636	>>> V 0.00 0.00
0.656	>>> V 0.00 0.00
0.676	>>> V 0.00 0.00
0.696	>>> V 0.00 0.00
0.716	>>> V 0.00 0.00
0.736	>>> V 0.00 0.00
0.756	>>> V 0.00 0.00
0.776	>>> V 0.00 0.00
0.796	>>> V 0.00 0.00
0.816	>>> V 0.00 0.00
0.836	>>> V 0.00 0.00
0.856	>>> V 0.00 0.00
0.876	>>> V 0.00 0.00
0.896	>>> V 0.00 0.00
0.916	>>> V 0.00 0.00
0.936	>>> V 0.00 0.00
0.956	>>> V 0.00 0.00
0.976	>>> V 0.00 0.00
0.996	>>> V 0.00 0.00
1.016	>>> V 0.00 0.00
1.036	>>> V 0.00 0.00
1.056	>>> V 0.00 0.00
1.076	>>> V 0.00 0.00
1.096	>>> V 0.00 0.00
1.116	>>> V 0.00 0.00
1.136	>>> V 0.00 0.00
1.156	>>> V 0.00 0.00
1.178	>>> V 0.00 0.00
1.197	>>> V 0.00 0.00
1.216	>>> V 0.00 0.00
1.238	>>> V 0.00 0.00
1.257	>>> V 0.00 0.00
1.276	>>> V 0.00 0.00
1.296	>>> V 0.00 0.00
1.316	>>> V 0.00 0.00
1.336	>>> V 0.00 0.00
1.356	>>> V 0.00 0.00
1.376	>>> V 0.00 0.00
1.396	>>> V 0.00 0.00
1.416	>>> V 0.00 0.00
1.436	>>> V 0.00 0.00
1.456	>>> V 0.00 0.00
1.476	>>> V 0.00 0.00
1.496	>>> V 0.00 0.00
1.517	>>> V 0.00 0.00
1.537	>>> V 0.00 0.00
1.556	>>> V 0.00 0.00
1.577	>>> V 0.00 0.00
1.597	>>> V 0.00 0.00
1.617	>>> V 0.00 0.00
1.636	>>> V 0.00 0.00
1.656	>>> V -2.32 0.00
1.676	>>> V -2.32 0.00
1.696	>>> V -2.81 0.00
1.716	>>> V -3.17 0.00
1.736	>>> V -3.17 0.00
1.756	>>> V -3.48 0.00
1.777	>>> V -3.48 0.00
1.796	>>> V -3.92 0.00
1.816	>>> V -4.20 0.00
1.837	>>> V -4.20 0.00
1.857	>>> V -4.42 0.00
1.877	>>> V -4.42 0.00
1.897	>>> V -4.82 0.00
1.916	>>> V -5.02 0.00
1.937	>>> V -5.02 0.00
1.956	>>> V -5.19 0.00
1.977	>>> V -5.19 0.00
1.997	>>> V -5.57 0.00
2.016	>>> V -5.70 0.00
2.037	>>> V -5.70 0.00
2.056	>>> V -5.80 0.00
2.077	>>> V -5.80 0.00
2.097	>>> V -6.15 0.00
2.116	>>> V -6.24 0.00
2.137	>>> V -6.24 0.00
2.157	>>> V -6.30 0.00
2.177	>>> V -6.30 0.00
2.197	>>> V -6.63 0.00
2.217	>>> V -6.67 0.00
2.236	>>> V -6.67 0.00
2.256	>>> V -6.70 0.00
2.277	>>> V -6.70 0.00
2.296	>>> V -7.00 0.00
2.316	>>> V -7.03 0.00
2.337	>>> V -7.03 0.00
2.357	>>> V -7.01 0.00
2.377	>>> V -7.01 0.00
2.397	>>> V -7.30 0.00
2.416	>>> V -7.29 0.00
2.436	>>> V -7.29 0.00
2.456	>>> V -7.27 0.00
2.476	>>> V -7.27 0.00
2.497	>>> V -7.55 0.00
2.516	>>> V -7.51 0.00
2.537	>>> V -7.51 0.00
2.557	>>> V -7.47 0.00
2.576	>>> V -7.47 0.00
2.597	>>> V -7.72 0.00
2.616	>>> V -7.67 0.00
2.638	>>> V -7.67 0.00
2.656	>>> V -7.62 0.00
2.677	>>> V -7.62 0.00
2.697	>>> V -7.88 0.00
2.716	>>> V -7.81 0.00
2.738	>>> V -7.81 0.00
2.757	>>> V -7.72 0.00
2.777	>>> V -7.72 0.00
2.796	>>> V -7.99 0.00
2.816	>>> V -7.91 0.00
2.836	>>> V -7.91 0.00
2.858	>>> V -7.83 0.00
2.877	>>> V -7.83 0.00
2.897	>>> V -8.05 0.00
2.916	>>> V -7.98 0.00
2.937	>>> V -7.98 0.00
2.957	>>> V -7.88 0.00
2.977	>>> V -7.88 0.00
2.997	>>> V -8.13 0.00
3.016	>>> V -8.01 0.00
3.037	>>> V -8.01 0.00
3.057	>>> V -7.93 0.00
3.078	>>> V -7.93 0.00
3.097	>>> V -8.16 0.00
3.116	>>> V -8.06 0.00
3.137	>>> V -8.06 0.00
3.156	>>> V -7.95 0.00
3.177	>>> V -7.95 0.00
3.197	>>> V -8.18 0.00
3.216	>>> V -8.06 0.00
3.237	>>> V -8.06 0.00
3.256	>>> V -7.96 0.00
3.277	>>> V -7.96 0.00
3.297	>>> V -8.19 0.00
3.316	>>> V -8.06 0.00
3.337	>>> V -8.06 0.00
3.356	>>> V -7.95 0.00
3.377	>>> V -7.95 0.00
3.397	>>> V -8.18 0.00
3.416	>>> V -8.05 0.00
3.436	>>> V -8.05 0.00
3.457	>>> V -7.94 0.00
3.477	>>> V -7.94 0.00
3.497	>>> V -8.16 0.00
3.516	>>> V -8.03 0.00
3.536	>>> V -8.03 0.00
3.556	>>> V -7.92 0.00
3.577	>>> V -7.92 0.00
3.597	>>> V -8.14 0.00
3.616	>>> V -8.00 0.00
3.636	>>> V -8.00 0.00
3.656	>>> V -7.90 0.00
3.677	>>> V -7.90 0.00
3.697	>>> V -8.09 0.00
3.716	>>> V -7.96 0.00
3.737	>>> V -7.96 0.00
3.756	>>> V -7.84 0.00
3.776	>>> V -7.84 0.00
3.797	>>> V -8.05 0.00
3.816	>>> V -7.92 0.00
3.836	>>> V -7.92 0.00
3.856	>>> V -7.80 0.00
3.877	>>> V -7.80 0.00
3.897	>>> V -8.00 0.00
3.916	>>> V -7.88 0.00
3.937	>>> V -7.88 0.00
3.956	>>> V -7.74 0.00
3.977	>>> V -7.74 0.00
3.996	>>> V -7.95 0.00
4.016	>>> V -7.82 0.00
4.036	>>> V -7.82 0.00
4.056	>>> V -7.69 0.00
4.078	>>> V -7.69 0.00
4.096	>>> V -7.92 0.00
4.116	>>> V -7.76 0.00
4.137	>>> V -7.76 0.00
4.157	>>> V -7.63 0.00
4.176	>>> V -7.63 0.00
4.197	>>> V -7.82 0.00
4.216	>>> V -7.69 0.00
4.237	>>> V -7.69 0.00
4.256	>>> V -7.57 0.00
4.277	>>> V -7.57 0.00
4.298	>>> V -7.81 0.00
4.316	>>> V -7.81 0.00
4.337	>>> V -7.62 0.00
4.356	>>> V -7.50 0.00
4.376	>>> V -7.50 0.00
4.396	>>> V -7.69 0.00
4.416	>>> V -7.56 0.00
4.437	>>> V -7.56 0.00
4.457	>>> V -7.43 0.00
4.476	>>> V -7.43 0.00
4.497	>>> V -7.62 0.00
4.516	>>> V -7.49 0.00
4.536	>>> V -7.49 0.00
4.557	>>> V -7.37 0.00
4.577	>>> V -7.37 0.00
4.597	>>> V -7.55 0.00
4.617	>>> V -7.42 0.00
4.637	>>> V -7.42 0.00
4.656	>>> V -7.30 0.00
4.676	>>> V -7.30 0.00
4.697	>>> V -7.48 0.00
4.716	>>> V -7.36 0.00
4.737	>>> V -7.36 0.00
4.756	>>> V -7.22 0.00
4.777	>>> V -7.22 0.00
4.797	>>> V -7.41 0.00
4.816	>>> V -7.27 0.00
4.837	>>> V -7.27 0.00
4.856	>>> V -7.15 0.00
4.877	>>> V -7.15 0.00
4.897	>>> V -7.34 0.00
4.916	>>> V -7.21 0.00
4.937	>>> V -7.21 0.00
4.957	>>> V -7.08 0.00
4.979	>>> V -7.08 0.00
4.996	>>> V -7.25 0.00
5.016	>>> V -7.13 0.00
5.037	>>> V -7.13 0.00
5.057	>>> V -7.01 0.00
5.076	>>> V -7.01 0.00
5.097	>>> V -7.17 0.00
5.116	>>> V -7.04 0.00
5.136	>>> V -7.04 0.00
5.156	>>> V -6.93 0.00
5.177	>>> V -6.93 0.00
5.197	>>> V -7.10 0.00
5.216	>>> V -6.97 0.00
5.236	>>> V -6.97 0.00
5.256	>>> V -6.85 0.00
5.276	>>> V -6.85 0.00
5.297	>>> V -7.02 0.00
5.316	>>> V -6.88 0.00
5.337	>>> V -6.88 0.00
5.357	>>> V -6.76 0.00
5.378	>>> V -6.76 0.00
5.397	>>> V -6.93 0.00
5.416	>>> V -6.81 0.00
5.437	>>> V -6.81 0.00
5.457	>>> V -6.69 0.00
5.477	>>> V -6.69 0.00
5.497	>>> V -6.85 0.00
5.516	>>> V 0.00 0.00
5.537	>>> V 0.00 0.00
5.556	>>> V 0.00 0.00
5.577	>>> V 0.00 0.00
5.598	>>> V 0.00 0.00
5.616	>>> V 0.00 0.00
5.636	>>> V 0.00 0.00
5.656	>>> V 0.00 0.00
5.677	>>> V 0.00 0.00
5.697	>>> V 0.00 0.00
5.716	>>> V 0.00 0.00
5.737	>>> V 0.00 0.00
5.756	>>> V 0.00 0.00
5.777	>>> V 0.00 0.00
5.798	>>> V 0.00 0.00
5.816	>>> V 0.00 0.00
5.837	>>> V -10.74 0.00
5.856	>>> V -10.55 0.00
5.876	>>> V -10.37 0.00
5.897	>>> V -10.20 0.00
5.916	>>> V -10.20 0.00
5.936	>>> V -9.86 0.00
5.957	>>> V -9.71 0.00
5.976	>>> V -9.54 0.00
5.996	>>> V -9.41 0.00
6.016	>>> V -9.29 0.00
6.036	>>> V -9.14 0.00
6.056	>>> V -9.01 0.00
6.076	>>> V -8.88 0.00
6.097	>>> V -8.77 0.00
6.116	>>> V -8.63 0.00
6.136	>>> V -8.53 0.00
6.158	>>> V -8.42 0.00
6.178	>>> V -8.28 0.00
6.196	>>> V -8.18 0.00
6.217	>>> V -8.13 0.00
6.236	>>> V -8.01 0.00
6.256	>>> V -7.92 0.00
6.276	>>> V -7.83 0.00
6.296	>>> V -7.75 0.00
6.317	>>> V -7.68 0.00
6.337	>>> V -7.58 0.00
6.356	>>> V -7.50 0.00
6.376	>>> V -7.43 0.00
6.396	>>> V -7.36 0.00
6.416	>>> V -7.29 0.00
6.436	>>> V -7.22 0.00
6.456	>>> V -7.15 0.00
6.477	>>> V -7.09 0.00
6.497	>>> V -6.81 0.00
6.517	>>> V -6.54 0.00
6.537	>>> V -6.28 0.00
6.556	>>> V -6.03 0.00
6.577	>>> V -5.80 0.00
6.599	>>> V -5.56 0.00
6.617	>>> V -5.32 0.00
6.636	>>> V -5.12 0.00
6.656	>>> V -4.92 0.00
6.677	>>> V -4.73 0.00
6.697	>>> V -4.53 0.00
6.716	>>> V -4.35 0.00
6.736	>>> V -4.35 0.00
6.757	>>> V -4.01 0.00
6.777	>>> V -3.85 0.00
6.796	>>> V -3.69 0.00
6.816	>>> V -3.55 0.00
6.837	>>> V -3.40 0.00
6.857	>>> V -3.26 0.00
6.877	>>> V -3.13 0.00
6.898	>>> V -3.01 0.00
6.916	>>> V -2.88 0.00
6.937	>>> V -2.78 0.00
6.957	>>> V -2.66 0.00
6.977	>>> V -2.66 0.00
6.996	>>> V -2.45 0.00
7.016	>>> V -2.35 0.00
7.037	>>> V -2.26 0.00
7.057	>>> V -2.17 0.00
7.077	>>> V -2.17 0.00
7.096	>>> V 0.00 0.00
7.116	>>> V 0.00 0.00
7.136	>>> V 0.00 0.00
7.156	>>> V 0.00 0.00
7.177	>>> V 0.00 0.00
7.197	>>> V 0.00 0.00
7.216	>>> V 0.00 0.00
7.238	>>> V 0.00 0.00
7.256	>>> V 0.00 0.00
7.277	>>> V 0.00 0.00
7.297	>>> V 0.00 0.00
7.316	>>> V 0.00 0.00
7.337	>>> V 0.00 0.00
7.356	>>> V 0.00 0.00
7.377	>>> V 0.00 0.00
7.397	>>> V 0.00 0.00
7.416	>>> V 0.00 0.00
7.436	>>> V 0.00 0.00
7.457	>>> V 0.00 0.00
7.478	>>> V 0.00 0.00
7.497	>>> V 0.00 0.00
7.516	>>> V 0.00 0.00
7.537	>>> V 0.00 0.00
7.556	>>> V 0.00 0.00
7.577	>>> V 0.00 0.00
7.597	>>> V 0.00 0.00
7.616	>>> V 0.00 0.00
7.637	>>> V 0.00 0.00
7.657	>>> V 0.00 0.00
7.677	>>> V 0.00 0.00
7.697	>>> V 0.00 0.00
7.717	>>> V 0.00 0.00
7.737	>>> V 0.00 0.00
7.757	>>> V 0.00 0.00
7.777	>>> V 0.00 0.00
7.797	>>> V 0.00 0.00
7.816	>>> V 0.00 0.00
7.837	>>> V 0.00 0.00
7.856	>>> V 0.00 0.00
7.879	>>> V 0.00 0.00
7.897	>>> V 0.00 0.00
7.916	>>> V 0.00 0.00
7.937	>>> V 0.00 0.00
7.956	>>> V 0.00 0.00
7.976	>>> V 0.00 0.00
7.996	>>> V 0.00 0.00
8.016	>>> V 0.00 0.00
8.036	>>> V 0.00 0.00
8.056	>>> V 0.00 0.00
8.078	>>> V 0.00 0.00
8.097	>>> V 0.00 0.00
8.116	>>> V 0.00 0.00
8.137	>>> V 0.00 0.00
8.158	>>> V 0.00 0.00
8.176	>>> V 0.00 0.00
8.197	>>> V 0.00 0.00
8.216	>>> V 0.00 0.00
8.236	>>> V 0.00 0.00
8.256	>>> V 0.00 0.00
8.277	>>> V 0.00 0.00
8.297	>>> V 0.00 0.00
8.316	>>> V 0.00 0.00
8.337	>>> V 0.00 0.00
8.357	>>> V 0.00 0.00
8.377	>>> V 0.00 0.00
8.396	>>> V 0.00 0.00
8.416	>>> V 0.00 0.00
8.437	>>> V 0.00 0.00
8.456	>>> V 0.00 0.00
8.477	>>> V 0.00 0.00
8.497	>>> V 0.00 0.00
8.516	>>> V 0.00 0.00
8.537	>>> V 0.00 0.00
8.556	>>> V 0.00 0.00
8.576	>>> V 0.00 0.00
8.597	>>> V 0.00 0.00
8.616	>>> V 0.00 0.00
8.637	>>> V 0.00 0.00
8.656	>>> V 0.00 0.00
8.677	>>> V 0.00 0.00
8.697	>>> V 0.00 0.00
8.717	>>> V 0.00 0.00
8.736	>>> V 0.00 0.00
8.757	>>> V 0.00 0.00
8.776	>>> V 0.00 0.00
8.798	>>> V 0.00 0.00
8.816	>>> V 0.00 0.00
8.837	>>> V 0.00 0.00
8.857	>>> V 0.00 0.00
8.876	>>> V 0.00 0.00
8.897	>>> V 0.00 0.00
8.916	>>> V 0.00 0.00
8.937	>>> V 0.00 0.00
8.956	>>> V 0.00 0.00
8.978	>>> V 0.00 0.00
8.998	>>> V 0.00 0.00
9.016	>>> V 0.00 0.00
9.036	>>> V 0.00 0.00
9.056	>>> V 0.00 0.00
9.076	>>> V 0.00 0.00
9.097	>>> V 0.00 0.00
9.116	>>> V 0.00 0.00
9.137	>>> V 0.00 0.00
9.156	>>> V 0.00 0.00
9.177	>>> V 0.00 0.00
9.197	>>> V 0.00 0.00
9.216	>>> V 0.00 0.00
9.236	>>> V 0.00 0.00
9.256	>>> V 0.00 0.00
9.277	>>> V 0.00 0.00
9.297	>>> V 0.00 0.00
9.316	>>> V 0.00 0.00
9.336	>>> V 0.00 0.00
9.356	>>> V 0.00 0.00
9.376	>>> V 0.00 0.00
9.396	>>> V 0.00 0.00
9.416	>>> V 0.00 0.00
9.436	>>> V 0.00 0.00
9.456	>>> V 0.00 0.00
9.476	>>> V 0.00 0.00
9.497	>>> V 0.00 0.00
9.516	>>> V 0.00 0.00
9.537	>>> V 0.00 0.00
9.556	>>> V 0.00 0.00
9.577	>>> V 0.00 0.00
9.597	>>> V 0.00 0.00
9.616	>>> V 0.00 0.00
9.637	>>> V 0.00 0.00
9.656	>>> V 0.00 0.00
9.677	>>> V 0.00 0.00
9.697	>>> V 0.00 0.00
9.716	>>> V 0.00 0.00
9.736	>>> V 0.00 0.00
9.757	>>> V 0.00 0.00
9.779	>>> V 0.00 0.00
9.797	>>> V 0.00 0.00
9.816	>>> V 0.00 0.00
9.837	>>> V 0.00 0.00
9.857	>>> V 0.00 0.00
9.876	>>> V 0.00 0.00
9.896	>>> V 0.00 0.00
9.916	>>> V 0.00 0.00
9.937	>>> V 0.00 0.00
9.956	>>> V 0.00 0.00
9.976	>>> V 0.00 0.00
9.996	>>> V 0.00 0.00
10.016	>>> V 0.00 0.00
10.038	>>> V 0.00 0.00
10.056	>>> V 0.00 0.00
10.077	>>> V 0.00 0.00
10.097	>>> V 0.00 0.00
10.116	>>> V 0.00 0.00
10.137	>>> V 0.00 0.00
10.157	>>> V 0.00 0.00
10.178	>>> V 0.00 0.00
10.196	>>> V 0.00 0.00
10.216	>>> V 0.00 0.00
10.236	>>> V 0.00 0.00
10.256	>>> V 0.00 0.00
10.277	>>> V 0.00 0.00
10.298	>>> V 0.00 0.00
10.317	>>> V 0.00 0.00
10.337	>>> V 0.00 0.00
10.356	>>> V 0.00 0.00
10.376	>>> V 0.00 0.00
10.397	>>> V 0.00 0.00
10.416	>>> V 0.00 0.00
10.437	>>> V 0.00 0.00
10.456	>>> V 0.00 0.00
10.476	>>> V 0.00 0.00
10.497	>>> V 0.00 0.00
10.516	>>> V 0.00 0.00
10.536	>>> V 0.00 0.00
10.556	>>> V 0.00 0.00
10.577	>>> V 0.00 0.00
10.596	>>> V 0.00 0.00
10.616	>>> V 0.00 0.00
10.637	>>> V 0.00 0.00
10.656	>>> V 0.00 0.00
10.677	>>> V 0.00 0.00
10.698	>>> V 0.00 0.00
10.716	>>> V 0.00 0.00
10.737	>>> V 0.00 0.00
10.756	>>> V 0.00 0.00
10.777	>>> V 0.00 0.00
10.797	>>> V 0.00 0.00
10.816	>>> V 0.00 0.00
10.836	>>> V 0.00 0.00
10.856	>>> V 0.00 0.00
10.877	>>> V 0.00 0.00
10.897	>>> V 0.00 0.00
10.916	>>> V 0.00 0.00
10.936	>>> V 0.00 0.00
10.956	>>> V 0.00 0.00
10.976	>>> V 0.00 0.00
10.996	>>> V 0.00 0.00
11.016	>>> V 0.00 0.00
11.037	>>> V 0.00 0.00
11.056	>>> V 0.00 0.00
11.077	>>> V 0.00 0.00
11.097	>>> V 0.00 0.00
11.116	>>> V 0.00 0.00
11.137	>>> V 0.00 0.00
11.156	>>> V 0.00 0.00
11.177	>>> V 0.00 0.00
11.197	>>> V 0.00 0.00
11.216	>>> V 0.00 0.00
11.237	>>> V 0.00 0.00
11.257	>>> V 0.00 0.00
11.276	>>> V 0.00 0.00
11.297	>>> V 0.00 0.00
11.316	>>> V 0.00 0.00
11.336	>>> V 0.00 0.00
11.356	>>> V 0.00 0.00
11.377	>>> V 0.00 0.00
11.396	>>> V 0.00 0.00
11.416	>>> V 0.00 0.00
11.436	>>> V 0.00 0.00
11.457	>>> V 0.00 0.00
11.477	>>> V 0.00 0.00
11.496	>>> V 0.00 0.00
11.516	>>> V 0.00 0.00
11.536	>>> V 0.00 0.00
11.556	>>> V 0.00 0.00
11.577	>>> V 0.00 0.00
11.596	>>> V 0.00 0.00
11.617	>>> V 0.00 0.00
11.637	>>> V 0.00 0.00
11.657	>>> V 0.00 0.00
11.676	>>> V 0.00 0.00
11.698	>>> V 0.00 0.00
11.717	>>> V 0.00 0.00
11.737	>>> V 0.00 0.00
11.758	>>> V 0.00 0.00
11.777	>>> V 0.00 0.00
11.797	>>> V 0.00 0.00
11.816	>>> V 0.00 0.00
11.837	>>> V 0.00 0.00
11.857	>>> V 0.00 0.00
11.876	>>> V 0.00 0.00
11.896	>>> V 0.00 0.00
11.917	>>> V 0.00 0.00
