0.250	>>> V 0.00 0.00
0.263	>>> V 0.00 0.00
0.283	>>> V 0.00 0.00
0.303	>>> V 0.00 0.00
0.323	>>> V 0.00 0.00
0.343	>>> V 0.00 0.00
0.364	>>> V 0.00 0.00
0.383	>>> V 0.00 0.00
0.403	>>> V 0.00 0.00
0.423	>>> V 0.00 0.00
0.443	>>> V 0.00 0.00
0.463	>>> V 0.00 0.00
0.483	>>> V 0.00 0.00
0.503	>>> V 0.00 0.00
0.523	>>> V 0.00 0.00
0.543	>>> V 0.00 0.00
0.563	>>> V 0.00 0.00
0.583	>>> V 0.00 0.00
0.603	>>> V 0.00 0.00
0.623	>>> V 0.00 0.00
0.643	>>> V 0.00 0.00
0.663	>>> V 0.00 0.00
0.683	>>> V 0.00 0.00
0.703	>>> V 0.00 0.00
0.723	>>> V 0.00 0.00
0.743	>>> V 0.00 0.00
0.763	>>> V 0.00 0.00
0.784	>>> V 0.00 0.00
0.803	>>> V 0.00 0.00
0.823	>>> V 0.00 0.00
0.844	>>> V 0.00 0.00
0.863	>>> V 0.00 0.00
0.883	>>> V 0.00 0.00
0.903	>>> V 0.00 0.00
0.923	>>> V 0.00 0.00
0.943	>>> V 0.00 0.00
0.963	>>> V 0.00 0.00
0.983	>>> V 0.00 0.00
1.003	>>> V 0.00 0.00
1.023	>>> V 0.00 0.00
1.043	>>> V 0.00 0.00
1.063	>>> V 0.00 0.00
1.083	>>> V 0.00 0.00
1.103	>>> V 0.00 0.00
1.123	>>> V 0.00 0.00
1.143	>>> V 0.00 0.00
1.163	>>> V 0.00 0.00
1.183	>>> V 0.00 0.00
1.203	>>> V 0.00 0.00
1.223	>>> V 0.00 0.00
1.244	>>> V 0.00 0.00
1.263	>>> V 0.00 0.00
1.283	>>> V 0.00 0.00
1.303	>>> V 0.00 0.00
1.323	>>> V 0.00 0.00
1.343	>>> V 0.00 0.00
1.363	>>> V 0.00 0.00
1.383	>>> V 0.00 0.00
1.403	>>> V 0.00 0.00
1.423	>>> V 0.00 0.00
1.443	>>> V 0.00 0.00
1.464	>>> V 0.00 0.00
1.484	>>> V 0.00 0.00
1.503	>>> V 0.00 0.00
1.523	>>> V 0.00 0.00
1.545	>>> V 0.00 0.00
1.563	>>> V 0.00 0.00
1.583	>>> V 0.00 0.00
1.603	>>> V 0.00 0.00
1.623	>>> V 0.00 0.00
1.643	>>> V 0.00 0.00
1.664	>>> V 0.00 0.00
1.683	>>> V 0.00 0.00
1.703	>>> V 0.00 0.00
1.723	>>> V 0.00 0.00
1.743	>>> V 0.00 0.00
1.763	>>> V 0.00 0.00
1.783	>>> V 0.00 0.00
1.803	>>> V 0.00 0.00
1.823	>>> V 0.00 0.00
1.843	>>> V 0.00 0.00
1.863	>>> V 0.00 0.00
1.883	>>> V 0.00 0.00
1.903	>>> V 0.00 0.00
1.924	>>> V 0.00 0.00
1.943	>>> V 0.00 0.00
1.963	>>> V 0.00 0.00
1.983	>>> V 0.00 0.00
2.004	>>> V 0.00 0.00
2.023	>>> V 0.00 0.00
2.043	>>> V 0.00 0.00
2.063	>>> V 0.00 0.00
2.083	>>> V 0.00 0.00
2.104	>>> V 0.00 0.00
2.123	>>> V 0.00 0.00
2.144	>>> V 0.00 0.00
2.163	>>> V 0.00 0.00
2.183	>>> V 0.00 0.00
2.203	>>> V 0.00 0.00
2.223	>>> V 0.00 0.00
2.243	>>> V 0.00 0.00
2.263	>>> V 0.00 0.00
2.283	>>> V 0.00 0.00
2.303	>>> V 0.00 0.00
2.323	>>> V 0.00 0.00
2.343	>>> V 0.00 0.00
2.363	>>> V 0.00 0.00
2.383	>>> V 0.00 0.00
2.403	>>> V 0.00 0.00
2.423	>>> V 0.00 0.00
2.443	>>> V 0.00 0.00
2.463	>>> V 0.00 0.00
2.483	>>> V 0.00 0.00
2.503	>>> V 0.00 0.00
2.523	>>> V 0.00 0.00
2.543	>>> V 0.00 0.00
2.563	>>> V 0.00 0.00
2.583	>>> V 0.00 0.00
2.603	>>> V 0.00 0.00
2.623	>>> V 0.00 0.00
2.643	>>> V 0.00 0.00
2.663	>>> V 0.00 0.00
2.683	>>> V 0.00 0.00
2.703	>>> V 0.00 0.00
2.723	>>> V 0.00 0.00
2.743	>>> V 0.00 0.00
2.763	>>> V 0.00 0.00
2.783	>>> V 0.00 0.00
2.803	>>> V 0.00 0.00
2.823	>>> V 0.00 0.00
2.843	>>> V 0.00 0.00
2.863	>>> V 0.00 0.00
2.883	>>> V 0.00 0.00
2.903	>>> V 0.00 0.00
2.923	>>> V 0.00 0.00
2.943	>>> V 0.00 0.00
2.963	>>> V 0.00 0.00
2.983	>>> V 0.00 0.00
3.003	>>> V 0.00 0.00
3.023	>>> V 0.00 0.00
3.043	>>> V 0.00 0.00
3.063	>>> V 0.00 0.00
3.083	>>> V 0.00 0.00
3.103	>>> V 0.00 0.00
3.123	>>> V 0.00 0.00
3.143	>>> V 0.00 0.00
3.163	>>> V 0.00 0.00
3.183	>>> V 0.00 0.00
3.203	>>> V 0.00 0.00
3.223	>>> V -2.32 0.00
3.244	>>> V -2.89 0.00
3.263	>>> V -2.89 0.00
3.283	>>> V -3.25 0.00
3.303	>>> V -3.25 0.00
3.323	>>> V -3.59 0.00
3.343	>>> V -4.03 0.00
3.363	>>> V -4.03 0.00
3.383	>>> V -4.29 0.00
3.403	>>> V -4.29 0.00
3.423	>>> V -4.53 0.00
3.443	>>> V -4.93 0.00
3.463	>>> V -4.93 0.00
3.483	>>> V -5.12 0.00
3.503	>>> V -5.12 0.00
3.523	>>> V -5.30 0.00
3.543	>>> V -5.66 0.00
3.563	>>> V -5.66 0.00
3.583	>>> V -5.78 0.00
3.603	>>> V -5.78 0.00
3.623	>>> V -6.15 0.00
3.643	>>> V -6.24 0.00
3.663	>>> V -6.24 0.00
3.683	>>> V -6.30 0.00
3.703	>>> V -6.30 0.00
3.723	>>> V -6.65 0.00
3.743	>>> V -6.70 0.00
3.763	>>> V -6.70 0.00
3.784	>>> V -6.72 0.00
3.803	>>> V -6.72 0.00
3.823	>>> V -6.77 0.00
3.843	>>> V -7.05 0.00
3.863	>>> V -7.05 0.00
3.883	>>> V -7.06 0.00
3.903	>>> V -7.06 0.00
3.923	>>> V -7.08 0.00
3.943	>>> V -7.35 0.00
3.963	>>> V -7.35 0.00
3.983	>>> V -7.32 0.00
4.003	>>> V -7.32 0.00
4.024	>>> V -7.32 0.00
4.043	>>> V -7.59 0.00
4.063	>>> V -7.59 0.00
4.083	>>> V -7.54 0.00
4.103	>>> V -7.54 0.00
4.124	>>> V -7.50 0.00
4.143	>>> V -7.75 0.00
4.163	>>> V -7.75 0.00
4.183	>>> V -7.69 0.00
4.203	>>> V -7.69 0.00
4.223	>>> V -7.65 0.00
4.243	>>> V -7.90 0.00
4.263	>>> V -7.90 0.00
4.283	>>> V -7.82 0.00
4.303	>>> V -7.82 0.00
4.324	>>> V -7.77 0.00
4.343	>>> V -8.00 0.00
4.363	>>> V -8.00 0.00
4.383	>>> V -7.91 0.00
4.404	>>> V -7.91 0.00
4.423	>>> V -7.83 0.00
4.443	>>> V -8.06 0.00
4.463	>>> V -8.06 0.00
4.483	>>> V -7.97 0.00
4.503	>>> V -7.97 0.00
4.524	>>> V -7.90 0.00
4.543	>>> V -8.11 0.00
4.563	>>> V -8.11 0.00
4.583	>>> V -8.02 0.00
4.603	>>> V -8.02 0.00
4.624	>>> V -8.26 0.00
4.643	>>> V -8.15 0.00
4.663	>>> V -8.15 0.00
4.683	>>> V -8.02 0.00
4.703	>>> V -8.02 0.00
4.724	>>> V -7.93 0.00
4.744	>>> V -8.14 0.00
4.763	>>> V -8.14 0.00
4.783	>>> V -8.02 0.00
4.803	>>> V -8.02 0.00
4.823	>>> V -7.92 0.00
4.843	>>> V -8.14 0.00
4.863	>>> V -8.14 0.00
4.883	>>> V -8.02 0.00
4.903	>>> V -8.02 0.00
4.923	>>> V -7.93 0.00
4.943	>>> V -8.13 0.00
4.963	>>> V -8.13 0.00
4.983	>>> V -8.02 0.00
5.003	>>> V -8.02 0.00
5.023	>>> V -7.90 0.00
5.043	>>> V -8.11 0.00
5.063	>>> V -8.11 0.00
5.083	>>> V -7.99 0.00
5.103	>>> V -7.99 0.00
5.124	>>> V -7.89 0.00
5.143	>>> V -8.08 0.00
5.163	>>> V -8.08 0.00
5.183	>>> V -7.95 0.00
5.203	>>> V -7.95 0.00
5.223	>>> V -7.85 0.00
5.244	>>> V -8.04 0.00
5.263	>>> V -8.04 0.00
5.283	>>> V -7.91 0.00
5.303	>>> V -7.91 0.00
5.324	>>> V -7.81 0.00
5.343	>>> V -8.01 0.00
5.363	>>> V -8.01 0.00
5.383	>>> V -7.88 0.00
5.403	>>> V -7.88 0.00
5.423	>>> V -7.76 0.00
5.443	>>> V -7.95 0.00
5.463	>>> V -7.95 0.00
5.483	>>> V -7.82 0.00
5.503	>>> V -7.82 0.00
5.523	>>> V -7.71 0.00
5.543	>>> V -7.89 0.00
5.563	>>> V -7.89 0.00
5.583	>>> V -7.77 0.00
5.603	>>> V -7.77 0.00
5.623	>>> V -7.66 0.00
5.643	>>> V -7.84 0.00
5.663	>>> V -7.84 0.00
5.683	>>> V -7.71 0.00
5.704	>>> V -7.71 0.00
5.723	>>> V -7.61 0.00
5.743	>>> V -7.76 0.00
5.763	>>> V -7.76 0.00
5.783	>>> V -7.65 0.00
5.803	>>> V -7.65 0.00
5.824	>>> V -7.53 0.00
5.843	>>> V -7.71 0.00
5.863	>>> V -7.71 0.00
5.883	>>> V -7.59 0.00
5.903	>>> V -7.59 0.00
5.924	>>> V -7.49 0.00
5.944	>>> V -7.64 0.00
5.963	>>> V -7.64 0.00
5.983	>>> V -7.52 0.00
6.003	>>> V -7.52 0.00
6.023	>>> V -7.41 0.00
6.043	>>> V -7.58 0.00
6.063	>>> V -7.58 0.00
6.083	>>> V -7.46 0.00
6.103	>>> V -7.46 0.00
6.124	>>> V -7.34 0.00
6.143	>>> V -7.51 0.00
6.163	>>> V -7.51 0.00
6.183	>>> V -7.38 0.00
6.203	>>> V -7.38 0.00
6.223	>>> V -7.27 0.00
6.243	>>> V -7.44 0.00
6.263	>>> V -7.44 0.00
6.283	>>> V -7.30 0.00
6.303	>>> V -7.30 0.00
6.324	>>> V -7.50 0.00
6.343	>>> V -7.36 0.00
6.363	>>> V -7.36 0.00
6.383	>>> V -7.22 0.00
6.403	>>> V -7.22 0.00
6.423	>>> V -7.10 0.00
6.443	>>> V -7.26 0.00
6.463	>>> V -7.26 0.00
6.483	>>> V -7.15 0.00
6.503	>>> V -7.15 0.00
6.524	>>> V -7.03 0.00
6.543	>>> V -7.19 0.00
6.563	>>> V -7.19 0.00
6.583	>>> V -7.06 0.00
6.603	>>> V -7.06 0.00
6.624	>>> V -6.98 0.00
6.643	>>> V -7.12 0.00
6.663	>>> V -7.12 0.00
6.683	>>> V -6.99 0.00
6.703	>>> V -6.99 0.00
6.723	>>> V -6.88 0.00
6.743	>>> V -7.03 0.00
6.763	>>> V -7.03 0.00
6.783	>>> V -6.91 0.00
6.803	>>> V -6.91 0.00
6.824	>>> V -6.80 0.00
6.843	>>> V -6.96 0.00
6.863	>>> V -6.96 0.00
6.883	>>> V -6.83 0.00
6.903	>>> V -6.83 0.00
6.924	>>> V -6.72 0.00
6.943	>>> V -6.87 0.00
6.963	>>> V -6.87 0.00
6.984	>>> V -6.76 0.00
7.003	>>> V -6.76 0.00
7.023	>>> V -6.64 0.00
7.043	>>> V -6.79 0.00
7.063	>>> V -6.79 0.00
7.083	>>> V 0.00 0.00
7.103	>>> V 0.00 0.00
7.124	>>> V 0.00 0.00
7.143	>>> V 0.00 0.00
7.163	>>> V 0.00 0.00
7.183	>>> V 0.00 0.00
7.203	>>> V 0.00 0.00
7.223	>>> V 0.00 0.00
7.243	>>> V 0.00 0.00
7.263	>>> V 0.00 0.00
7.283	>>> V 0.00 0.00
7.303	>>> V 0.00 0.00
7.323	>>> V 0.00 0.00
7.343	>>> V 0.00 0.00
7.363	>>> V 0.00 0.00
7.383	>>> V -10.30 0.00
7.403	>>> V -10.11 0.00
7.423	>>> V -9.95 0.00
7.443	>>> V -9.79 0.00
7.463	>>> V -9.66 0.00
7.483	>>> V -9.50 0.00
7.503	>>> V -9.35 0.00
7.523	>>> V -9.22 0.00
7.543	>>> V -9.08 0.00
7.563	>>> V -8.96 0.00
7.583	>>> V -8.84 0.00
7.603	>>> V -8.72 0.00
7.623	>>> V -8.61 0.00
7.643	>>> V -8.49 0.00
7.663	>>> V -8.73 0.00
7.683	>>> V -8.28 0.00
7.703	>>> V -8.19 0.00
7.724	>>> V -8.08 0.00
7.743	>>> V -8.31 0.00
7.763	>>> V -7.89 0.00
7.783	>>> V -7.79 0.00
7.803	>>> V -7.72 0.00
7.823	>>> V -7.63 0.00
7.844	>>> V -7.55 0.00
7.863	>>> V -7.49 0.00
7.884	>>> V -7.41 0.00
7.903	>>> V -7.34 0.00
7.923	>>> V -7.27 0.00
7.943	>>> V -7.20 0.00
7.963	>>> V -7.15 0.00
7.983	>>> V -7.07 0.00
8.003	>>> V -7.03 0.00
8.023	>>> V -6.95 0.00
8.043	>>> V -6.82 0.00
8.063	>>> V -6.54 0.00
8.083	>>> V -6.54 0.00
8.103	>>> V -6.02 0.00
8.123	>>> V -5.78 0.00
8.143	>>> V -5.55 0.00
8.163	>>> V -5.32 0.00
8.183	>>> V -5.12 0.00
8.203	>>> V -4.91 0.00
8.224	>>> V -4.71 0.00
8.243	>>> V -4.71 0.00
8.263	>>> V -4.34 0.00
8.283	>>> V -4.16 0.00
8.303	>>> V -4.00 0.00
8.324	>>> V -3.84 0.00
8.343	>>> V -3.84 0.00
8.363	>>> V -3.53 0.00
8.383	>>> V -3.39 0.00
8.403	>>> V -3.25 0.00
8.423	>>> V -3.12 0.00
8.443	>>> V -3.00 0.00
8.463	>>> V -2.88 0.00
8.483	>>> V -2.76 0.00
8.503	>>> V -2.65 0.00
8.523	>>> V -2.55 0.00
8.543	>>> V -2.44 0.00
8.563	>>> V -2.35 0.00
8.583	>>> V -2.25 0.00
8.603	>>> V -2.16 0.00
8.623	>>> V -2.08 0.00
8.643	>>> V 0.00 0.00
8.663	>>> V 0.00 0.00
8.683	>>> V -8.68 0.00
8.703	>>> V -8.33 0.00
8.724	>>> V -8.35 0.00
8.743	>>> V -8.67 0.00
8.763	>>> V -8.67 0.00
8.783	>>> V -8.31 0.00
8.803	>>> V -8.31 0.00
8.823	>>> V -7.97 0.00
8.843	>>> V -7.96 0.00
8.863	>>> V -7.96 0.00
8.883	>>> V -7.65 0.00
8.903	>>> V -7.65 0.00
8.923	>>> V -7.36 0.00
8.943	>>> V -7.37 0.00
8.963	>>> V -7.37 0.00
8.983	>>> V -7.11 0.00
9.003	>>> V -7.11 0.00
9.023	>>> V -6.85 0.00
9.043	>>> V -6.88 0.00
9.063	>>> V -6.88 0.00
9.083	>>> V -6.65 0.00
9.103	>>> V -6.65 0.00
9.123	>>> V -6.43 0.00
9.143	>>> V -6.47 0.00
9.163	>>> V -6.47 0.00
9.183	>>> V -6.26 0.00
9.203	>>> V -6.26 0.00
9.223	>>> V -6.07 0.00
9.243	>>> V -6.13 0.00
9.263	>>> V -6.13 0.00
9.283	>>> V -5.94 0.00
9.303	>>> V -5.94 0.00
9.323	>>> V -5.78 0.00
9.343	>>> V -5.84 0.00
9.363	>>> V -5.84 0.00
9.383	>>> V -5.68 0.00
9.403	>>> V -5.68 0.00
9.423	>>> V -5.53 0.00
9.443	>>> V -5.59 0.00
9.463	>>> V -5.59 0.00
9.483	>>> V -5.44 0.00
9.503	>>> V -5.44 0.00
9.523	>>> V -5.31 0.00
9.543	>>> V -5.38 0.00
9.563	>>> V -5.38 0.00
9.583	>>> V -5.25 0.00
9.603	>>> V -5.25 0.00
9.623	>>> V -5.12 0.00
9.643	>>> V -5.19 0.00
9.663	>>> V -5.19 0.00
9.683	>>> V -5.07 0.00
9.703	>>> V -5.07 0.00
9.724	>>> V -4.96 0.00
9.743	>>> V -5.04 0.00
9.763	>>> V -5.04 0.00
9.783	>>> V -4.92 0.00
9.803	>>> V -4.92 0.00
9.823	>>> V -4.81 0.00
9.843	>>> V -4.90 0.00
9.863	>>> V -4.90 0.00
9.883	>>> V -4.79 0.00
9.903	>>> V -4.79 0.00
9.923	>>> V -4.68 0.00
9.943	>>> V -4.77 0.00
9.963	>>> V -4.77 0.00
9.983	>>> V -4.66 0.00
10.003	>>> V -4.66 0.00
10.024	>>> V -4.57 0.00
10.043	>>> V -4.65 0.00
10.063	>>> V -4.65 0.00
10.083	>>> V -4.56 0.00
10.103	>>> V -4.56 0.00
10.123	>>> V -4.47 0.00
10.143	>>> V -4.55 0.00
10.163	>>> V -4.55 0.00
10.183	>>> V -4.46 0.00
10.203	>>> V -4.46 0.00
10.224	>>> V -4.37 0.00
10.244	>>> V -4.45 0.00
10.263	>>> V -4.45 0.00
10.283	>>> V -4.36 0.00
10.303	>>> V -4.36 0.00
10.323	>>> V -4.28 0.00
10.343	>>> V -4.37 0.00
10.363	>>> V -4.37 0.00
10.383	>>> V -4.28 0.00
10.403	>>> V -4.28 0.00
10.424	>>> V -4.20 0.00
10.443	>>> V -4.29 0.00
10.463	>>> V -4.29 0.00
10.483	>>> V -4.20 0.00
10.503	>>> V -4.20 0.00
10.523	>>> V -4.12 0.00
10.543	>>> V -4.20 0.00
10.564	>>> V -4.20 0.00
10.583	>>> V -4.12 0.00
10.603	>>> V -4.12 0.00
10.624	>>> V -4.05 0.00
10.643	>>> V -4.13 0.00
10.663	>>> V -4.13 0.00
10.683	>>> V -4.05 0.00
10.703	>>> V -4.05 0.00
10.724	>>> V -3.98 0.00
10.743	>>> V -4.07 0.00
10.763	>>> V -4.07 0.00
10.783	>>> V -3.98 0.00
10.803	>>> V -3.98 0.00
10.823	>>> V -3.91 0.00
10.843	>>> V -3.99 0.00
10.863	>>> V -3.99 0.00
10.883	>>> V -3.92 0.00
10.903	>>> V -3.92 0.00
10.923	>>> V -3.84 0.00
10.943	>>> V -3.93 0.00
10.963	>>> V -3.93 0.00
10.983	>>> V -3.85 0.00
11.003	>>> V -3.85 0.00
11.024	>>> V -3.78 0.00
11.044	>>> V -3.86 0.00
11.063	>>> V -3.86 0.00
11.083	>>> V -3.79 0.00
11.103	>>> V -3.79 0.00
11.124	>>> V -3.72 0.00
11.143	>>> V -3.80 0.00
11.163	>>> V -3.80 0.00
11.183	>>> V -3.73 0.00
11.203	>>> V -3.73 0.00
11.223	>>> V -3.66 0.00
11.243	>>> V -3.74 0.00
11.263	>>> V -3.74 0.00
11.283	>>> V -3.68 0.00
11.303	>>> V -3.68 0.00
11.324	>>> V -3.60 0.00
11.344	>>> V -3.69 0.00
11.363	>>> V -3.69 0.00
11.383	>>> V -3.62 0.00
11.403	>>> V -3.62 0.00
11.424	>>> V -3.55 0.00
11.443	>>> V -3.63 0.00
11.463	>>> V -3.63 0.00
11.483	>>> V -3.56 0.00
11.503	>>> V -3.56 0.00
11.523	>>> V -3.50 0.00
11.543	>>> V -3.57 0.00
11.563	>>> V -3.57 0.00
11.583	>>> V -3.51 0.00
11.603	>>> V -3.51 0.00
11.623	>>> V -3.44 0.00
11.643	>>> V -3.52 0.00
11.663	>>> V -3.52 0.00
11.683	>>> V -3.45 0.00
11.703	>>> V -3.45 0.00
11.724	>>> V -3.39 0.00
11.743	>>> V -3.47 0.00
11.763	>>> V -3.47 0.00
11.783	>>> V -3.40 0.00
11.803	>>> V -3.40 0.00
11.823	>>> V -3.34 0.00
11.843	>>> V -3.42 0.00
11.863	>>> V -3.42 0.00
11.884	>>> V -3.35 0.00
11.903	>>> V -3.35 0.00
11.924	>>> V -3.30 0.00
11.943	>>> V -3.37 0.00
11.963	>>> V -3.37 0.00
11.983	>>> V -3.30 0.00
12.003	>>> V -3.30 0.00
12.024	>>> V -3.39 0.00
12.044	>>> V -3.32 0.00
12.064	>>> V -3.32 0.00
12.083	>>> V -3.25 0.00
12.104	>>> V -3.25 0.00
12.123	>>> V -3.25 0.00
12.143	>>> V -3.25 0.00
12.163	>>> V -3.25 0.00
12.183	>>> V -3.25 0.00
12.203	>>> V -3.25 0.00
12.223	>>> V -3.25 0.00
12.243	>>> V -3.25 0.00
12.263	>>> V -3.25 0.00
12.284	>>> V -3.25 0.00
12.304	>>> V -3.25 0.00
12.324	>>> V -3.25 0.00
12.344	>>> V -3.25 0.00
12.364	>>> V -3.25 0.00
12.383	>>> V -3.25 0.00
12.403	>>> V -3.25 0.00
12.424	>>> V -3.25 0.00
12.443	>>> V -3.25 0.00
12.463	>>> V -3.25 0.00
12.483	>>> V -3.25 0.00
12.504	>>> V -3.25 0.00
12.523	>>> V -3.25 0.00
12.543	>>> V -3.25 0.00
12.563	>>> V -3.25 0.00
