0.009	>>> 
0.009	>>> B 1654 2007
0.010	>>> I
0.118	>>> V 0.00 0.00
0.119	0.00 HOLD
0.119	S 20370221 -9.40 15.91 0.00 0.00 HOLD
0.126	S 20370241 -9.40 15.91 0.00 0.00 HOLD
0.127	S 20370261 -9.40 15.91 0.00 0.00 HOLD
0.128	S 20370281 -9.49 15.91 0.00 0.00 HOLD
0.128	S 20370301 -9.40 15.91 0.00 0.00 HOLD
0.129	S 20370321 -9.40 15.91 0.00 0.00 HOLD
0.130	S 20388243 -9.40 15.91 0.00 0.00 HOLD
0.130	B 1654 2007
0.133	S 20388263 -9.40 15.91 0.00 0.00 HOMING
0.135	S 20388283 -9.40 15.91 0.00 0.00 HOMING
0.136	S 20388303 -9.23 15.73 0.00 0.00 HOMING
0.136	S 20388323 -9.05 15.47 2.75 -2.75 HOMING
0.137	S 20388343 -8.61 15.12 6.87 -6.87 HOMING
0.139	>>> V 0.00 0.00
0.139	S 20388363 -8.26 14.59 10.99 -13.74 HOMING
0.149	>>> V 0.00 0.00
0.169	>>> V 0.00 0.00
0.171	S 20388383 -8.00 14.06 12.37 -17.86 HOMING
0.190	>>> V 0.00 0.00
0.191	S 20388403 -7.65 13.54 15.11 -21.98 HOMING
0.208	>>> V 0.00 0.00
0.209	S 20388423 -7.29 12.92 15.11 -24.73 HOMING
0.228	>>> V 0.00 0.00
0.229	S 20388443 -6.94 12.39 15.11 -26.11 HOMING
0.251	>>> V 0.00 0.00
0.252	S 20388463 -6.68 11.87 15.11 -26.11 HOMING
0.269	>>> V 0.00 0.00
0.271	S 20388483 -6.42 11.34 15.11 -26.11 HOMING
0.290	>>> V 0.00 0.00
0.291	S 20388503 -6.06 10.90 13.74 -26.11 HOMING
0.308	>>> V 0.00 0.00
0.309	S 20388523 -5.80 10.37 13.74 -26.11 HOMING
0.328	>>> V 0.00 0.00
0.329	S 20388543 -5.54 9.93 13.74 -24.73 HOMING
0.349	>>> V 0.00 0.00
0.350	S 20388563 -5.27 9.40 12.37 -23.36 HOMING
0.368	>>> V 0.00 0.00
0.369	S 20388583 -5.01 9.05 12.37 -21.98 HOMING
0.391	>>> V 0.00 0.00
0.392	S 20388603 -4.83 8.61 12.37 -21.98 HOMING
0.408	>>> V 0.00 0.00
0.409	S 20388623 -4.57 8.26 10.99 -20.61 HOMING
0.428	>>> V 0.00 0.00
0.429	S 20388643 -4.39 7.91 9.62 -19.24 HOMING
0.448	>>> V 0.00 0.00
0.449	S 20388663 -4.22 7.56 9.62 -19.24 HOMING
0.468	>>> V 0.00 0.00
0.469	S 20388683 -4.04 7.12 9.62 -17.86 HOMING
0.491	>>> V 0.00 0.00
0.491	S 20388703 -3.87 6.86 9.62 -17.86 HOMING
0.508	>>> V 0.00 0.00
0.509	S 20388723 -3.69 6.59 8.24 -16.49 HOMING
0.528	>>> V 0.00 0.00
0.529	S 20388743 -3.52 6.24 8.24 -15.11 HOMING
0.553	>>> V 0.00 0.00
0.555	S 20388763 -3.34 5.98 8.24 -15.11 HOMING
0.568	>>> V 0.00 0.00
0.569	S 20388783 -3.25 5.62 6.87 -13.74 HOMING
0.590	>>> V 0.00 0.00
0.590	S 20388803 -3.08 5.45 6.87 -13.74 HOMING
0.608	>>> V 0.00 0.00
0.609	S 20388823 -2.99 5.19 5.50 -12.37 HOMING
0.628	>>> V 0.00 0.00
0.629	S 20388843 -2.81 4.92 5.50 -12.37 HOMING
0.651	>>> V 0.00 0.00
0.652	S 20388863 -2.72 4.75 5.50 -10.99 HOMING
0.670	>>> V 0.00 0.00
0.670	S 20388883 -2.64 4.48 5.50 -10.99 HOMING
0.689	>>> V 0.00 0.00
0.690	S 20388903 -2.55 4.31 5.50 -10.99 HOMING
0.708	>>> V 0.00 0.00
0.709	S 20388923 -2.37 4.13 5.50 -9.62 HOMING
0.729	>>> V 0.00 0.00
0.729	S 20388943 -2.29 3.96 5.50 -9.62 HOMING
0.749	>>> V 0.00 0.00
0.750	S 20388963 -2.20 3.69 5.50 -9.62 HOMING
0.768	>>> V 0.00 0.00
0.769	S 20388983 -2.02 3.60 5.50 -9.62 HOMING
0.788	>>> V 0.00 0.00
0.789	S 20389003 -1.93 3.43 5.50 -8.24 HOMING
0.808	>>> V 0.00 0.00
0.809	S 20389023 -1.85 3.25 4.12 -8.24 HOMING
0.828	>>> V 0.00 0.00
0.829	S 20389043 -1.76 3.16 4.12 -6.87 HOMING
0.849	>>> V 0.00 0.00
0.850	S 20389063 -1.67 2.99 4.12 -6.87 HOMING
0.868	>>> V 0.00 0.00
0.869	S 20389083 -1.58 2.90 4.12 -5.50 HOMING
0.892	>>> V 0.00 0.00
0.893	S 20389103 -1.58 2.81 4.12 -5.50 HOMING
0.909	>>> V 0.00 0.00
0.909	S 20389123 -1.58 2.64 2.75 -5.50 HOMING
0.931	>>> V 0.00 0.00
0.931	S 20389143 -1.58 2.55 1.37 -5.50 HOMING
0.949	>>> V 0.00 0.00
0.950	S 20389163 -1.49 2.46 0.00 -5.50 HOMING
0.968	>>> V 0.00 0.00
0.969	S 20389183 -1.41 2.37 1.37 -5.50 HOMING
0.991	>>> V 0.00 0.00
0.992	S 20389203 -1.32 2.20 2.75 -5.50 HOMING
1.008	>>> V 0.00 0.00
1.009	S 20389223 -1.23 2.11 2.75 -4.12 HOMING
1.029	>>> V 0.00 0.00
1.029	S 20389243 -1.23 1.93 2.75 -4.12 HOMING
1.049	>>> V 0.00 0.00
1.050	S 20389263 -1.14 1.93 2.75 -5.50 HOMING
1.068	>>> V 0.00 0.00
1.069	S 20389283 -1.14 1.76 1.37 -5.50 HOMING
1.091	>>> V 0.00 0.00
1.091	S 20389303 -1.14 1.67 0.00 -4.12 HOMING
1.109	>>> V 0.00 0.00
1.109	S 20389323 -1.05 1.58 0.00 -4.12 HOMING
1.128	>>> V 0.00 0.00
1.130	S 20389343 -0.88 1.49 1.37 -4.12 HOMING
1.149	>>> V 0.00 0.00
1.149	S 20389363 -0.88 1.49 2.75 -4.12 HOMING
1.168	>>> V 0.00 0.00
1.169	S 20389383 -0.88 1.49 2.75 -2.75 HOMING
1.190	>>> V 0.00 0.00
1.191	S 20389403 -0.88 1.49 1.37 -1.37 HOMING
1.208	>>> V 0.00 0.00
1.209	S 20389423 -0.88 1.41 0.00 0.00 HOMING
1.229	>>> V 0.00 0.00
1.229	S 20389443 -0.88 1.32 0.00 -1.37 HOMING
1.249	>>> V 0.00 0.00
1.249	S 20389463 -0.79 1.14 0.00 -2.75 HOMING
1.268	>>> V 0.00 0.00
1.269	S 20389483 -0.79 1.14 0.00 -4.12 HOMING
1.290	>>> V 0.00 0.00
1.290	S 20389503 -0.70 1.14 1.37 -2.75 HOMING
1.308	>>> V 0.00 0.00
1.309	S 20389523 -0.70 1.14 1.37 -1.37 HOMING
1.329	>>> V 0.00 0.00
1.329	S 20389543 -0.70 1.05 1.37 0.00 HOMING
1.349	>>> V 0.00 0.00
1.350	S 20389563 -0.70 0.97 0.00 -1.37 HOMING
1.369	>>> V 0.00 0.00
1.369	S 20389583 -0.70 0.88 0.00 -2.75 HOMING
1.390	>>> V 0.00 0.00
1.391	S 20389603 -0.62 0.88 0.00 -2.75 HOMING
1.408	>>> V 0.00 0.00
1.409	S 20389623 -0.53 0.88 1.37 -2.75 HOMING
1.431	>>> V 0.00 0.00
1.431	S 20389643 -0.53 0.88 1.37 -1.37 HOMING
1.449	>>> V 0.00 0.00
1.449	S 20389663 -0.53 0.88 1.37 0.00 HOMING
1.468	>>> V 0.00 0.00
1.469	S 20389683 -0.53 0.70 0.00 0.00 HOMING
1.490	>>> V 0.00 0.00
1.490	S 20389703 -0.53 0.70 0.00 0.00 HOMING
1.508	>>> V 0.00 0.00
1.509	S 20389723 -0.44 0.88 0.00 0.00 HOMING
1.529	>>> V 0.00 0.00
1.530	S 20389743 -0.35 0.70 1.37 0.00 HOMING
1.549	>>> V 0.00 0.00
1.549	S 20389763 -0.35 0.62 1.37 0.00 HOMING
1.568	>>> V 0.00 0.00
1.569	S 20389783 -0.35 0.53 1.37 0.00 HOMING
1.592	>>> V 0.00 0.00
1.592	S 20389803 -0.35 0.53 1.37 -1.37 HOMING
1.609	>>> V 0.00 0.00
1.609	S 20389823 -0.35 0.44 0.00 -2.75 HOLD
1.629	>>> V 0.00 0.00
1.629	S 20389843 -0.35 0.53 0.00 -1.37 HOLD
1.654	>>> V 0.00 0.00
1.654	S 20389863 -0.35 0.44 0.00 0.00 HOLD
1.671	>>> V 0.00 0.00
1.671	S 20389883 -0.35 0.53 0.00 0.00 HOLD
1.692	>>> V 0.00 0.00
1.696	S 20389903 -0.35 0.53 0.00 0.00 HOLD
1.698	S 20389923 -0.35 0.44 0.00 0.00 HOLD
1.709	>>> V 0.00 0.00
1.730	>>> V 0.00 0.00
1.730	S 20389943 -0.35 0.44 0.00 0.00 HOLD
1.751	>>> V 0.00 0.00
1.751	S 20389963 -0.35 0.44 0.00 0.00 HOLD
1.769	>>> V 0.00 0.00
1.769	S 20389983 -0.35 0.44 0.00 0.00 HOLD
1.791	>>> V 0.00 0.00
1.792	S 20390003 -0.35 0.44 0.00 0.00 HOLD
1.814	>>> V 0.00 0.00
1.816	S 20390023 -0.35 0.44 0.00 0.00 HOLD
1.829	>>> V 0.00 0.00
1.830	S 20390043 -0.35 0.53 0.00 0.00 HOLD
1.849	>>> V 0.00 0.00
1.850	S 20390063 -0.35 0.44 0.00 0.00 HOLD
1.869	>>> V 0.00 0.00
1.869	S 20390083 -0.35 0.44 0.00 0.00 HOLD
1.889	>>> V 0.00 0.00
1.889	S 20390103 -0.35 0.44 0.00 0.00 HOLD
1.908	>>> V 0.00 0.00
1.909	S 20390123 -0.35 0.44 0.00 0.00 HOLD
1.929	>>> V 0.00 0.00
1.929	S 20390143 -0.35 0.44 0.00 0.00 HOLD
1.948	>>> V 0.00 0.00
1.949	S 20390163 -0.35 0.53 0.00 0.00 HOLD
1.968	>>> V 0.00 0.00
1.969	S 20390183 -0.44 0.44 0.00 0.00 HOLD
1.991	>>> V 0.00 0.00
1.992	S 20390203 -0.35 0.44 0.00 0.00 HOLD
2.008	>>> V 0.00 0.00
2.009	S 20390223 -0.35 0.44 0.00 0.00 HOLD
2.029	>>> V 0.00 0.00
2.030	S 20390243 -0.35 0.44 0.00 0.00 HOLD
2.049	>>> V 0.00 0.00
2.049	S 20390263 -0.35 0.53 0.00 0.00 HOLD
2.072	>>> V 0.00 0.00
2.073	S 20390283 -0.35 0.53 0.00 0.00 HOLD
2.089	>>> V 0.00 0.00
2.090	S 20390303 -0.35 0.44 0.00 0.00 HOLD
2.110	>>> V 0.00 0.00
2.111	S 20390323 -0.35 0.53 0.00 0.00 HOLD
2.129	>>> V 0.00 0.00
2.129	S 20390343 -0.35 0.53 0.00 0.00 HOLD
2.150	>>> V 0.00 0.00
2.151	S 20390363 -0.35 0.44 0.00 0.00 HOLD
2.168	>>> V 0.00 0.00
2.169	S 20390383 -0.35 0.53 0.00 0.00 HOLD
2.190	>>> V 0.00 0.00
2.191	S 20390403 -0.35 0.53 0.00 0.00 HOLD
2.210	>>> V 0.00 0.00
2.211	S 20390423 -0.35 0.53 0.00 0.00 HOLD
2.229	>>> V 0.00 0.00
2.229	S 20390443 -0.35 0.53 0.00 0.00 HOLD
2.250	>>> V 0.00 0.00
2.250	S 20390463 -0.35 0.44 0.00 0.00 HOLD
2.268	>>> V 0.00 0.00
2.269	S 20390483 -0.35 0.44 0.00 0.00 HOLD
2.290	>>> V 0.00 0.00
2.292	S 20390503 -0.35 0.53 0.00 0.00 HOLD
2.308	>>> V 0.00 0.00
2.309	S 20390523 -0.35 0.53 0.00 0.00 HOLD
2.330	>>> V 0.00 0.00
2.331	S 20390543 -0.35 0.44 0.00 0.00 HOLD
2.349	>>> V 0.00 0.00
2.349	S 20390563 -0.44 0.53 0.00 0.00 HOLD
2.370	>>> V 0.00 0.00
2.371	S 20390583 -0.35 0.53 0.00 0.00 HOLD
2.389	>>> V 0.00 0.00
2.389	S 20390603 -0.35 0.53 0.00 0.00 HOLD
2.410	>>> V 0.00 0.00
2.411	S 20390623 -0.35 0.53 0.00 0.00 HOLD
2.429	>>> V 0.00 0.00
2.430	S 20390643 -0.35 0.44 0.00 0.00 HOLD
2.449	>>> V 0.00 0.00
2.450	S 20390663 -0.35 0.44 0.00 0.00 HOLD
2.469	>>> V 0.00 0.00
2.469	S 20390683 -0.35 0.53 0.00 0.00 HOLD
2.489	>>> V 0.00 0.00
2.490	S 20390703 -0.35 0.44 0.00 0.00 HOLD
2.509	>>> V 0.00 0.00
2.509	S 20390723 -0.44 0.44 0.00 0.00 HOLD
2.530	>>> V 0.00 0.00
2.530	S 20390743 -0.35 0.53 0.00 0.00 HOLD
2.548	>>> V 0.00 0.00
2.549	S 20390763 -0.35 0.53 0.00 0.00 HOLD
2.570	>>> V 0.00 0.00
2.571	S 20390783 -0.35 0.53 0.00 0.00 HOLD
2.589	>>> V 0.00 0.00
2.590	S 20390803 -0.35 0.53 0.00 0.00 HOLD
2.609	>>> V 0.00 0.00
2.610	S 20390823 -0.35 0.44 0.00 0.00 HOLD
2.629	>>> V 0.00 0.00
2.630	S 20390843 -0.35 0.53 0.00 0.00 HOLD
2.649	>>> V 0.00 0.00
2.649	S 20390863 -0.35 0.53 0.00 0.00 HOLD
2.669	>>> V 0.00 0.00
2.669	S 20390883 -0.35 0.53 0.00 0.00 HOLD
2.689	>>> V 0.00 0.00
2.690	S 20390903 -0.35 0.53 0.00 0.00 HOLD
2.708	>>> V 0.00 0.00
2.709	S 20390923 -0.35 0.44 0.00 0.00 HOLD
2.730	>>> V 0.00 0.00
2.730	S 20390943 -0.35 0.53 0.00 0.00 HOLD
2.749	>>> V 0.00 0.00
2.749	S 20390963 -0.35 0.53 0.00 0.00 HOLD
2.769	>>> V 0.00 0.00
2.769	S 20390983 -0.35 0.44 0.00 0.00 HOLD
2.790	>>> V 0.00 0.00
2.790	S 20391003 -0.35 0.44 0.00 0.00 HOLD
2.809	>>> V 0.00 0.00
2.810	S 20391023 -0.35 0.53 0.00 0.00 HOLD
2.828	>>> V 0.00 0.00
2.829	S 20391043 -0.35 0.53 0.00 0.00 HOLD
2.850	>>> V 0.00 0.00
2.850	S 20391063 -0.35 0.44 0.00 0.00 HOLD
2.869	>>> V 0.00 0.00
2.870	S 20391083 -0.35 0.53 0.00 0.00 HOLD
2.889	>>> V 0.00 0.00
2.889	S 20391103 -0.35 0.44 0.00 0.00 HOLD
2.908	>>> V 0.00 0.00
2.909	S 20391123 -0.35 0.44 0.00 0.00 HOLD
2.929	>>> V 0.00 0.00
2.929	S 20391143 -0.35 0.44 0.00 0.00 HOLD
2.948	>>> V 0.00 0.00
2.949	S 20391163 -0.35 0.44 0.00 0.00 HOLD
2.970	>>> V 0.00 0.00
2.970	S 20391183 -0.35 0.44 0.00 0.00 HOLD
2.990	>>> V 0.00 0.00
2.991	S 20391204 -0.35 0.53 0.00 0.00 HOLD
3.008	>>> V 0.00 0.00
3.009	S 20391224 -0.35 0.53 0.00 0.00 HOLD
3.030	>>> V 0.00 0.00
3.031	S 20391244 -0.35 0.53 0.00 0.00 HOLD
3.048	>>> V 0.00 0.00
3.049	S 20391264 -0.35 0.44 0.00 0.00 HOLD
3.071	>>> V 0.00 0.00
3.072	S 20391284 -0.35 0.53 0.00 0.00 HOLD
3.089	>>> V 0.00 0.00
3.089	S 20391304 -0.35 0.53 0.00 0.00 HOLD
3.112	>>> V 0.00 0.00
3.113	S 20391324 -0.35 0.44 0.00 0.00 HOLD
3.128	>>> V 0.00 0.00
3.130	S 20391344 -0.35 0.44 0.00 0.00 HOLD
3.152	>>> V 0.00 0.00
3.152	S 20391364 -0.35 0.44 0.00 0.00 HOLD
3.169	>>> V 0.00 0.00
3.170	S 20391384 -0.35 0.44 0.00 0.00 HOLD
3.190	>>> V 0.00 0.00
3.190	S 20391404 -0.44 0.44 0.00 0.00 HOLD
3.210	>>> V 0.00 0.00
3.211	S 20391424 -0.35 0.44 0.00 0.00 HOLD
3.228	>>> V 0.00 0.00
3.229	S 20391444 -0.35 0.53 0.00 0.00 HOLD
3.250	>>> V 0.00 0.00
3.251	S 20391464 -0.35 0.44 0.00 0.00 HOLD
3.268	>>> V 0.00 0.00
3.271	S 20391484 -0.35 0.53 0.00 0.00 HOLD
3.291	>>> V 0.00 0.00
3.292	S 20391504 -0.35 0.44 0.00 0.00 HOLD
3.310	>>> V 0.00 0.00
3.310	S 20391524 -0.35 0.53 0.00 0.00 HOLD
3.329	>>> V 0.00 0.00
3.329	S 20391544 -0.35 0.44 0.00 0.00 HOLD
3.349	>>> V 0.00 0.00
3.350	S 20391564 -0.35 0.53 0.00 0.00 HOLD
3.369	>>> V 0.00 0.00
3.369	S 20391584 -0.35 0.53 0.00 0.00 HOLD
3.389	>>> V 0.00 0.00
3.390	S 20391604 -0.35 0.44 0.00 0.00 HOLD
3.409	>>> V 0.00 0.00
3.409	S 20391624 -0.35 0.44 0.00 0.00 HOLD
3.431	>>> V 0.00 0.00
3.431	S 20391644 -0.35 0.53 0.00 0.00 HOLD
3.448	>>> V 0.00 0.00
3.449	S 20391664 -0.35 0.53 0.00 0.00 HOLD
3.469	>>> V 0.00 0.00
3.469	S 20391684 -0.35 0.53 0.00 0.00 HOLD
3.489	>>> V 0.00 0.00
3.489	S 20391704 -0.35 0.44 0.00 0.00 HOLD
3.509	>>> V 0.00 0.00
3.510	S 20391724 -0.35 0.53 0.00 0.00 HOLD
3.529	>>> V 0.00 0.00
3.530	S 20391744 -0.35 0.53 0.00 0.00 HOLD
3.549	>>> V 0.00 0.00
3.550	S 20391764 -0.35 0.44 0.00 0.00 HOLD
3.569	>>> V 0.00 0.00
3.569	S 20391784 -0.35 0.44 0.00 0.00 HOLD
3.589	>>> V 0.00 0.00
3.590	S 20391804 -0.35 0.44 0.00 0.00 HOLD
3.608	>>> V 0.00 0.00
3.609	S 20391824 -0.35 0.44 0.00 0.00 HOLD
3.629	>>> V 0.00 0.00
3.629	S 20391844 -0.35 0.53 0.00 0.00 HOLD
3.649	>>> V 0.00 0.00
3.650	S 20391864 -0.35 0.44 0.00 0.00 HOLD
3.668	>>> V 0.00 0.00
3.669	S 20391884 -0.35 0.53 0.00 0.00 HOLD
3.690	>>> V 0.00 0.00
3.690	S 20391904 -0.35 0.53 0.00 0.00 HOLD
3.711	>>> V 0.00 0.00
3.714	S 20391924 -0.35 0.44 0.00 0.00 HOLD
3.729	>>> V 0.00 0.00
3.732	S 20391944 -0.35 0.44 0.00 0.00 HOLD
3.753	>>> V 0.00 0.00
3.753	S 20391964 -0.35 0.44 0.00 0.00 HOLD
3.769	>>> V 0.00 0.00
3.769	S 20391984 -0.35 0.53 0.00 0.00 HOLD
3.790	>>> V 0.00 0.00
3.791	S 20392004 -0.35 0.53 0.00 0.00 HOLD
3.809	>>> V 0.00 0.00
3.812	S 20392024 -0.35 0.44 0.00 0.00 HOLD
3.829	>>> V 0.00 0.00
3.830	S 20392044 -0.35 0.53 0.00 0.00 HOLD
3.851	>>> V 0.00 0.00
3.851	S 20392064 -0.35 0.53 0.00 0.00 HOLD
3.869	>>> V 0.00 0.00
3.869	S 20392084 -0.35 0.44 0.00 0.00 HOLD
3.889	>>> V 0.00 0.00
3.890	S 20392104 -0.35 0.44 0.00 0.00 HOLD
3.909	>>> V 0.00 0.00
3.911	S 20392124 -0.35 0.53 0.00 0.00 HOLD
3.930	>>> V 0.00 0.00
3.930	S 20392144 -0.35 0.53 0.00 0.00 HOLD
3.949	>>> V 0.00 0.00
3.950	S 20392164 -0.35 0.53 0.00 0.00 HOLD
3.969	>>> V 0.00 0.00
3.969	S 20392184 -0.35 0.53 0.00 0.00 HOLD
3.992	>>> V 0.00 0.00
3.993	S 20392204 -0.35 0.44 0.00 0.00 HOLD
4.009	>>> V 0.00 0.00
4.009	S 20392224 -0.35 0.44 0.00 0.00 HOLD
4.029	>>> V 0.00 0.00
4.029	S 20392244 -0.35 0.44 0.00 0.00 HOLD
4.049	>>> V 0.00 0.00
4.050	S 20392264 -0.35 0.53 0.00 0.00 HOLD
4.069	>>> V 0.00 0.00
4.070	S 20392284 -0.35 0.44 0.00 0.00 HOLD
4.090	>>> V 0.00 0.00
4.090	S 20392304 -0.35 0.44 0.00 0.00 HOLD
4.109	>>> V 0.00 0.00
4.109	S 20392324 -0.35 0.53 0.00 0.00 HOLD
4.131	>>> V 0.00 0.00
4.132	S 20392344 -0.35 0.44 0.00 0.00 HOLD
4.148	>>> V 0.00 0.00
4.149	S 20392364 -0.35 0.44 0.00 0.00 HOLD
4.171	>>> V 0.00 0.00
4.171	S 20392384 -0.35 0.44 0.00 0.00 HOLD
4.188	>>> V 0.00 0.00
4.189	S 20392404 -0.35 0.53 0.00 0.00 HOLD
4.209	>>> V 0.00 0.00
4.211	S 20392424 -0.35 0.53 0.00 0.00 HOLD
4.229	>>> V 0.00 0.00
4.229	S 20392444 -0.35 0.44 0.00 0.00 HOLD
4.252	>>> V 0.00 0.00
4.253	S 20392464 -0.35 0.44 0.00 0.00 HOLD
4.269	>>> V 0.00 0.00
4.271	S 20392484 -0.35 0.53 0.00 0.00 HOLD
4.290	>>> V 0.00 0.00
4.292	S 20392504 -0.35 0.53 0.00 0.00 HOLD
4.309	>>> V 0.00 0.00
4.310	S 20392524 -0.35 0.44 0.00 0.00 HOLD
4.330	>>> V 0.00 0.00
4.330	S 20392544 -0.35 0.53 0.00 0.00 HOLD
4.349	>>> V 0.00 0.00
4.350	S 20392564 -0.35 0.44 0.00 0.00 HOLD
4.371	>>> V 0.00 0.00
4.372	S 20392584 -0.35 0.44 0.00 0.00 HOLD
4.389	>>> V 0.00 0.00
4.389	S 20392604 -0.35 0.44 0.00 0.00 HOLD
4.411	>>> V 0.00 0.00
4.411	S 20392624 -0.35 0.53 0.00 0.00 HOLD
4.429	>>> V 0.00 0.00
4.429	S 20392644 -0.35 0.44 0.00 0.00 HOLD
4.450	>>> V 0.00 0.00
4.451	S 20392664 -0.35 0.44 0.00 0.00 HOLD
4.470	>>> V 0.00 0.00
4.471	S 20392684 -0.35 0.44 0.00 0.00 HOLD
4.492	>>> V 0.00 0.00
4.492	S 20392704 -0.35 0.53 0.00 0.00 HOLD
4.509	>>> V 0.00 0.00
4.510	S 20392724 -0.35 0.53 0.00 0.00 HOLD
4.531	>>> V 0.00 0.00
4.532	S 20392744 -0.35 0.44 0.00 0.00 HOLD
4.549	>>> V 0.00 0.00
4.549	S 20392764 -0.35 0.53 0.00 0.00 HOLD
4.571	>>> V 0.00 0.00
4.572	S 20392784 -0.35 0.44 0.00 0.00 HOLD
4.589	>>> V 0.00 0.00
4.589	S 20392804 -0.35 0.44 0.00 0.00 HOLD
4.609	>>> V 0.00 0.00
4.610	S 20392824 -0.35 0.53 0.00 0.00 HOLD
4.631	>>> V 0.00 0.00
4.632	S 20392844 -0.35 0.53 0.00 0.00 HOLD
4.649	>>> V 0.00 0.00
4.650	S 20392864 -0.35 0.53 0.00 0.00 HOLD
4.671	>>> V 0.00 0.00
4.671	S 20392884 -0.35 0.44 0.00 0.00 HOLD
4.690	>>> V 0.00 0.00
4.690	S 20392904 -0.35 0.53 0.00 0.00 HOLD
4.710	>>> V 0.00 0.00
4.711	S 20392924 -0.35 0.53 0.00 0.00 HOLD
4.728	>>> V 0.00 0.00
4.729	S 20392944 -0.35 0.53 0.00 0.00 HOLD
4.749	>>> V 0.00 0.00
4.749	S 20392964 -0.35 0.44 0.00 0.00 HOLD
4.769	>>> V 0.00 0.00
4.770	S 20392984 -0.35 0.44 0.00 0.00 HOLD
4.790	>>> V 0.00 0.00
4.791	S 20393004 -0.35 0.44 0.00 0.00 HOLD
4.811	>>> V 0.00 0.00
4.812	S 20393024 -0.35 0.53 0.00 0.00 HOLD
4.829	>>> V 0.00 0.00
4.829	S 20393044 -0.35 0.44 0.00 0.00 HOLD
4.851	>>> V 0.00 0.00
4.852	S 20393064 -0.35 0.44 0.00 0.00 HOLD
4.870	>>> V 0.00 0.00
4.871	S 20393084 -0.35 0.53 0.00 0.00 HOLD
4.893	>>> V 0.00 0.00
4.893	S 20393104 -0.35 0.53 0.00 0.00 HOLD
4.909	>>> V 0.00 0.00
4.909	S 20393124 -0.35 0.44 0.00 0.00 HOLD
4.933	>>> V 0.00 0.00
4.934	S 20393144 -0.35 0.44 0.00 0.00 HOLD
4.950	>>> V 0.00 0.00
4.950	S 20393164 -0.35 0.44 0.00 0.00 HOLD
4.971	>>> V 0.00 0.00
4.972	S 20393184 -0.35 0.44 0.00 0.00 HOLD
4.989	>>> V 0.00 0.00
4.990	S 20393204 -0.35 0.53 0.00 0.00 HOLD
5.010	>>> V 0.00 0.00
5.012	S 20393224 -0.35 0.44 0.00 0.00 HOLD
5.029	>>> V 0.00 0.00
5.030	S 20393244 -0.35 0.53 0.00 0.00 HOLD
5.050	>>> V 0.00 0.00
5.051	S 20393264 -0.35 0.53 0.00 0.00 HOLD
5.069	>>> V 0.00 0.00
5.070	S 20393284 -0.35 0.53 0.00 0.00 HOLD
5.093	>>> V 0.00 0.00
5.094	S 20393304 -0.35 0.53 0.00 0.00 HOLD
5.109	>>> V 0.00 0.00
5.109	S 20393324 -0.44 0.53 0.00 0.00 HOLD
5.130	>>> V 0.00 0.00
5.130	S 20393344 -0.35 0.53 0.00 0.00 HOLD
5.149	>>> V 0.00 0.00
5.149	S 20393364 -0.35 0.44 0.00 0.00 HOLD
5.169	>>> V 0.00 0.00
5.169	S 20393384 -0.35 0.53 0.00 0.00 HOLD
5.189	>>> V 0.00 0.00
5.190	S 20393404 -0.35 0.53 0.00 0.00 HOLD
5.209	>>> V 0.00 0.00
5.210	S 20393424 -0.35 0.53 0.00 0.00 HOLD
5.229	>>> V 0.00 0.00
5.229	S 20393444 -0.35 0.44 0.00 0.00 HOLD
5.249	>>> V 0.00 0.00
5.249	S 20393464 -0.35 0.44 0.00 0.00 HOLD
5.269	>>> V 0.00 0.00
5.270	S 20393484 -0.35 0.53 0.00 0.00 HOLD
5.289	>>> V 0.00 0.00
5.289	S 20393504 -0.35 0.53 0.00 0.00 HOLD
5.309	>>> V 0.00 0.00
5.310	S 20393524 -0.35 0.44 0.00 0.00 HOLD
5.329	>>> V 0.00 0.00
5.329	S 20393544 -0.35 0.44 0.00 0.00 HOLD
5.349	>>> V 0.00 0.00
5.349	S 20393564 -0.35 0.53 0.00 0.00 HOLD
5.370	>>> V 0.00 0.00
5.371	S 20393584 -0.35 0.44 0.00 0.00 HOLD
5.389	>>> V 0.00 0.00
5.390	S 20393604 -0.35 0.53 0.00 0.00 HOLD
5.409	>>> V 0.00 0.00
5.410	S 20393624 -0.35 0.44 0.00 0.00 HOLD
5.428	>>> V 0.00 0.00
5.429	S 20393644 -0.35 0.44 0.00 0.00 HOLD
5.448	>>> V 0.00 0.00
5.451	S 20393664 -0.35 0.44 0.00 0.00 HOLD
5.469	>>> V 0.00 0.00
5.469	S 20393684 -0.35 0.53 0.00 0.00 HOLD
5.490	>>> V 0.00 0.00
5.490	S 20393704 -0.35 0.53 0.00 0.00 HOLD
5.509	>>> V 0.00 0.00
5.509	S 20393724 -0.35 0.53 0.00 0.00 HOLD
5.529	>>> V 0.00 0.00
5.530	S 20393744 -0.35 0.53 0.00 0.00 HOLD
5.549	>>> V 0.00 0.00
5.549	S 20393764 -0.35 0.53 0.00 0.00 HOLD
5.573	>>> V 0.00 0.00
5.573	S 20393784 -0.35 0.53 0.00 0.00 HOLD
5.591	>>> V 0.00 0.00
5.592	S 20393804 -0.35 0.44 0.00 0.00 HOLD
5.609	>>> V 0.00 0.00
5.610	S 20393824 -0.35 0.44 0.00 0.00 HOLD
5.632	>>> V 0.00 0.00
5.632	S 20393844 -0.35 0.44 0.00 0.00 HOLD
5.649	>>> V 0.00 0.00
5.650	S 20393864 -0.35 0.53 0.00 0.00 HOLD
5.671	>>> V 0.00 0.00
5.672	S 20393884 -0.35 0.53 0.00 0.00 HOLD
5.690	>>> V 0.00 0.00
5.691	S 20393904 -0.35 0.44 0.00 0.00 HOLD
5.710	>>> V 0.00 0.00
5.711	S 20393924 -0.35 0.53 0.00 0.00 HOLD
5.729	>>> V 0.00 0.00
5.730	S 20393944 -0.35 0.44 0.00 0.00 HOLD
5.751	>>> V 0.00 0.00
5.751	S 20393964 -0.35 0.44 0.00 0.00 HOLD
5.769	>>> V 0.00 0.00
5.770	S 20393984 -0.35 0.53 0.00 0.00 HOLD
5.791	>>> V 0.00 0.00
5.792	S 20394004 -0.35 0.44 0.00 0.00 HOLD
5.809	>>> V 0.00 0.00
5.810	S 20394024 -0.35 0.44 0.00 0.00 HOLD
5.829	>>> V 0.00 0.00
5.829	S 20394044 -0.35 0.53 0.00 0.00 HOLD
5.850	>>> V 0.00 0.00
5.851	S 20394064 -0.35 0.44 0.00 0.00 HOLD
5.869	>>> V 0.00 0.00
5.869	S 20394084 -0.35 0.44 0.00 0.00 HOLD
5.892	>>> V 0.00 0.00
5.893	S 20394104 -0.35 0.53 0.00 0.00 HOLD
5.909	>>> V 0.00 0.00
5.909	S 20394124 -0.35 0.53 0.00 0.00 HOLD
5.930	>>> V 0.00 0.00
5.931	S 20394144 -0.35 0.44 0.00 0.00 HOLD
5.948	>>> V 0.00 0.00
5.949	S 20394164 -0.35 0.44 0.00 0.00 HOLD
5.970	>>> V 0.00 0.00
5.971	S 20394184 -0.35 0.53 0.00 0.00 HOLD
5.990	>>> V 0.00 0.00
5.991	S 20394204 -0.35 0.53 0.00 0.00 HOLD
6.011	>>> V 0.00 0.00
6.011	S 20394224 -0.35 0.44 0.00 0.00 HOLD
6.029	>>> V 0.00 0.00
6.030	S 20394244 -0.35 0.44 0.00 0.00 HOLD
6.048	>>> V 0.00 0.00
6.049	S 20394264 -0.35 0.53 0.00 0.00 HOLD
6.068	>>> V 0.00 0.00
6.069	S 20394284 -0.35 0.53 0.00 0.00 HOLD
6.089	>>> V 0.00 0.00
6.089	S 20394304 -0.35 0.44 0.00 0.00 HOLD
6.109	>>> V 0.00 0.00
6.110	S 20394324 -0.35 0.44 0.00 0.00 HOLD
6.129	>>> V 0.00 0.00
6.129	S 20394344 -0.35 0.44 0.00 0.00 HOLD
6.149	>>> V 0.00 0.00
6.150	S 20394364 -0.35 0.44 0.00 0.00 HOLD
6.169	>>> V 0.00 0.00
6.169	S 20394384 -0.35 0.53 0.00 0.00 HOLD
6.189	>>> V 0.00 0.00
6.190	S 20394404 -0.35 0.44 0.00 0.00 HOLD
6.209	>>> V 0.00 0.00
6.209	S 20394424 -0.35 0.53 0.00 0.00 HOLD
6.229	>>> V 0.00 0.00
6.230	S 20394444 -0.35 0.44 0.00 0.00 HOLD
6.249	>>> V 0.00 0.00
6.249	S 20394464 -0.35 0.53 0.00 0.00 HOLD
6.271	>>> V 0.00 0.00
6.273	S 20394484 -0.35 0.53 0.00 0.00 HOLD
6.291	>>> V 0.00 0.00
6.292	S 20394504 -0.35 0.53 0.00 0.00 HOLD
6.309	>>> V 0.00 0.00
6.309	S 20394524 -0.35 0.44 0.00 0.00 HOLD
6.329	>>> V 0.00 0.00
6.330	S 20394544 -0.35 0.44 0.00 0.00 HOLD
6.350	>>> V 0.00 0.00
6.350	S 20394564 -0.35 0.53 0.00 0.00 HOLD
6.369	>>> V 0.00 0.00
6.370	S 20394584 -0.35 0.53 0.00 0.00 HOLD
6.394	>>> V 0.00 0.00
6.395	S 20394604 -0.35 0.53 0.00 0.00 HOLD
6.409	>>> V 0.00 0.00
6.409	S 20394624 -0.35 0.53 0.00 0.00 HOLD
6.434	>>> V 0.00 0.00
6.434	S 20394644 -0.35 0.53 0.00 0.00 HOLD
6.449	>>> V 0.00 0.00
6.449	S 20394664 -0.35 0.44 0.00 0.00 HOLD
6.472	>>> V 0.00 0.00
6.473	S 20394684 -0.35 0.44 0.00 0.00 HOLD
6.489	>>> V 0.00 0.00
6.490	S 20394704 -0.35 0.44 0.00 0.00 HOLD
6.510	>>> V 0.00 0.00
6.511	S 20394724 -0.35 0.44 0.00 0.00 HOLD
6.529	>>> V 0.00 0.00
6.530	S 20394744 -0.35 0.44 0.00 0.00 HOLD
6.549	>>> V 0.00 0.00
6.550	S 20394764 -0.35 0.53 0.00 0.00 HOLD
6.568	>>> V 0.00 0.00
6.569	S 20394784 -0.35 0.44 0.00 0.00 HOLD
6.589	>>> V 0.00 0.00
6.589	S 20394804 -0.35 0.53 0.00 0.00 HOLD
6.609	>>> V 0.00 0.00
6.609	S 20394824 -0.35 0.44 0.00 0.00 HOLD
6.629	>>> V 0.00 0.00
6.630	S 20394844 -0.35 0.44 0.00 0.00 HOLD
6.649	>>> V 0.00 0.00
6.653	S 20394864 -0.35 0.44 0.00 0.00 HOLD
6.668	>>> V 0.00 0.00
6.669	S 20394884 -0.35 0.53 0.00 0.00 HOLD
6.689	>>> V 0.00 0.00
6.690	S 20394904 -0.35 0.44 0.00 0.00 HOLD
6.712	>>> V 0.00 0.00
6.712	S 20394924 -0.35 0.44 0.00 0.00 HOLD
6.730	>>> V 0.00 0.00
6.731	S 20394944 -0.35 0.44 0.00 0.00 HOLD
6.749	>>> V 0.00 0.00
6.750	S 20394964 -0.35 0.53 0.00 0.00 HOLD
6.770	>>> V 0.00 0.00
6.771	S 20394984 -0.35 0.53 0.00 0.00 HOLD
6.788	>>> V 0.00 0.00
6.789	S 20395004 -0.35 0.44 0.00 0.00 HOLD
6.810	>>> V 0.00 0.00
6.811	S 20395024 -0.35 0.53 0.00 0.00 HOLD
6.829	>>> V 0.00 0.00
6.830	S 20395044 -0.35 0.44 0.00 0.00 HOLD
6.850	>>> V 0.00 0.00
6.851	S 20395064 -0.35 0.53 0.00 0.00 HOLD
6.868	>>> V 0.00 0.00
6.869	S 20395084 -0.35 0.53 0.00 0.00 HOLD
6.890	>>> V 0.00 0.00
6.891	S 20395104 -0.35 0.53 0.00 0.00 HOLD
6.909	>>> V 0.00 0.00
6.910	S 20395124 -0.35 0.53 0.00 0.00 HOLD
6.932	>>> V 0.00 0.00
6.932	S 20395144 -0.35 0.53 0.00 0.00 HOLD
6.949	>>> V 0.00 0.00
6.950	S 20395164 -0.35 0.53 0.00 0.00 HOLD
6.970	>>> V 0.00 0.00
6.971	S 20395184 -0.35 0.53 0.00 0.00 HOLD
6.989	>>> V 0.00 0.00
6.989	S 20395204 -0.35 0.44 0.00 0.00 HOLD
7.012	>>> V 0.00 0.00
7.012	S 20395224 -0.35 0.44 0.00 0.00 HOLD
7.030	>>> V 0.00 0.00
7.030	S 20395244 -0.35 0.44 0.00 0.00 HOLD
7.049	>>> V 0.00 0.00
7.050	S 20395264 -0.35 0.44 0.00 0.00 HOLD
7.069	>>> V 0.00 0.00
7.069	S 20395284 -0.35 0.53 0.00 0.00 HOLD
7.089	>>> V 0.00 0.00
7.090	S 20395304 -0.35 0.44 0.00 0.00 HOLD
7.109	>>> V 0.00 0.00
7.110	S 20395324 -0.35 0.53 0.00 0.00 HOLD
7.130	>>> V 0.00 0.00
7.130	S 20395344 -0.35 0.53 0.00 0.00 HOLD
7.149	>>> V 0.00 0.00
7.149	S 20395364 -0.35 0.53 0.00 0.00 HOLD
7.168	>>> V 0.00 0.00
7.171	S 20395384 -0.35 0.44 0.00 0.00 HOLD
7.190	>>> V 0.00 0.00
7.190	S 20395404 -0.35 0.44 0.00 0.00 HOLD
7.209	>>> V 0.00 0.00
7.209	S 20395424 -0.35 0.44 0.00 0.00 HOLD
7.230	>>> V 0.00 0.00
7.231	S 20395444 -0.35 0.44 0.00 0.00 HOLD
7.249	>>> V 0.00 0.00
7.249	S 20395464 -0.35 0.44 0.00 0.00 HOLD
7.270	>>> V 0.00 0.00
7.270	S 20395484 -0.35 0.44 0.00 0.00 HOLD
7.289	>>> V 0.00 0.00
7.289	S 20395504 -0.35 0.44 0.00 0.00 HOLD
7.310	>>> V 0.00 0.00
7.311	S 20395524 -0.35 0.44 0.00 0.00 HOLD
7.329	>>> V 0.00 0.00
7.330	S 20395544 -0.35 0.53 0.00 0.00 HOLD
7.353	>>> V 0.00 0.00
7.353	S 20395564 -0.35 0.44 0.00 0.00 HOLD
7.369	>>> V 0.00 0.00
7.369	S 20395584 -0.35 0.53 0.00 0.00 HOLD
7.389	>>> V 0.00 0.00
7.391	S 20395604 -0.35 0.44 0.00 0.00 HOLD
7.409	>>> V 0.00 0.00
7.410	S 20395624 -0.35 0.44 0.00 0.00 HOLD
7.429	>>> V 0.00 0.00
7.429	S 20395644 -0.35 0.44 0.00 0.00 HOLD
7.451	>>> V 0.00 0.00
7.452	S 20395664 -0.35 0.53 0.00 0.00 HOLD
7.469	>>> V 0.00 0.00
7.469	S 20395684 -0.35 0.44 0.00 0.00 HOLD
7.488	>>> V 0.00 0.00
7.491	S 20395704 -0.35 0.53 0.00 0.00 HOLD
7.509	>>> V 0.00 0.00
7.511	S 20395724 -0.35 0.44 0.00 0.00 HOLD
7.530	>>> V -14.37 40.30
7.530	S 20395744 -0.35 0.44 0.00 0.00 HOLD
7.553	>>> V -14.37 40.30
7.554	S 20395764 -0.35 0.44 0.00 0.00 HOLD
7.570	>>> V -14.37 40.30
7.570	S 20395784 -0.35 0.44 0.00 0.00 TRACK
7.594	>>> V -14.38 40.33
7.595	S 20395804 -0.35 0.53 0.00 0.00 TRACK
7.611	>>> V -14.39 40.33
7.611	S 20395824 -0.53 0.53 0.00 0.00 TRACK
7.630	>>> V -14.39 40.33
7.630	S 20395844 -0.70 0.88 -1.37 0.00 TRACK
7.649	>>> V -14.39 40.33
7.650	S 20395864 -0.79 1.32 -4.12 5.50 TRACK
7.675	>>> V -14.39 40.33
7.675	S 20395884 -1.05 1.93 -6.87 12.37 TRACK
7.693	>>> V -14.39 40.33
7.693	S 20395904 -1.32 2.55 -9.62 20.61 TRACK
7.714	>>> V -14.35 40.26
7.714	S 20395924 -1.58 3.25 -10.99 26.11 TRACK
7.729	>>> V -14.39 40.35
7.729	S 20395944 -1.76 4.04 -10.99 31.60 TRACK
7.754	>>> V -14.38 40.25
7.755	S 20395964 -2.02 4.83 -10.99 34.35 TRACK
7.769	>>> V -14.38 40.25
7.770	S 20395984 -2.37 5.62 -10.99 37.10 TRACK
7.790	>>> V -14.01 40.24
7.790	S 20396004 -2.64 6.42 -12.37 38.47 TRACK
7.811	>>> V -14.01 40.24
7.811	S 20396024 -2.90 7.29 -12.37 38.47 TRACK
7.834	>>> V -13.26 39.80
7.834	S 20396044 -3.16 8.09 -12.37 39.85 TRACK
7.849	>>> V -13.26 39.80
7.850	S 20396064 -3.43 8.88 -12.37 39.85 TRACK
7.870	>>> V -11.56 35.51
7.871	S 20396084 -3.78 9.93 -13.74 41.22 TRACK
7.889	>>> V -11.56 35.51
7.890	S 20396104 -4.04 10.81 -13.74 43.97 TRACK
7.910	>>> V -10.79 31.96
7.910	S 20396124 -4.39 11.51 -13.74 43.97 TRACK
7.930	>>> V -10.79 31.96
7.931	S 20396144 -4.57 12.04 -13.74 39.85 TRACK
7.956	>>> V -9.90 28.56
7.957	S 20396164 -4.83 12.74 -12.37 34.35 TRACK
7.960	S 20396184 -5.10 13.54 -12.37 32.98 TRACK
7.973	>>> V -9.90 28.56
7.993	>>> V -9.03 24.82
7.993	S 20396204 -5.27 14.41 -12.37 35.72 TRACK
8.009	>>> V -9.03 24.82
8.009	S 20396224 -5.54 15.21 -10.99 38.47 TRACK
8.030	>>> V -8.08 20.26
8.031	S 20396244 -5.71 15.82 -9.62 37.10 TRACK
8.049	>>> V -8.08 20.26
8.050	S 20396264 -5.89 16.35 -9.62 35.72 TRACK
8.069	>>> V -7.25 15.59
8.069	S 20396284 -6.06 16.87 -9.62 31.60 TRACK
8.092	>>> V -7.25 15.59
8.093	S 20396304 -6.42 17.31 -9.62 28.85 TRACK
8.109	>>> V -6.37 12.71
8.111	S 20396324 -6.59 17.93 -9.62 26.11 TRACK
8.132	>>> V -5.55 10.23
8.132	S 20396344 -6.77 18.28 -9.62 23.36 TRACK
8.151	>>> V -5.55 10.23
8.151	S 20396364 -6.94 18.63 -8.24 21.98 TRACK
8.169	>>> V -4.89 6.82
8.170	S 20396384 -7.03 18.98 -8.24 19.24 TRACK
8.189	>>> V -4.89 6.82
8.189	S 20396404 -7.12 19.25 -6.87 17.86 TRACK
8.210	>>> V -4.25 3.67
8.210	S 20396424 -7.29 19.51 -5.50 15.11 TRACK
8.229	>>> V -4.25 3.67
8.229	S 20396444 -7.38 19.69 -5.50 13.74 TRACK
8.250	>>> V -3.56 0.00
8.250	S 20396464 -7.47 19.86 -5.50 10.99 TRACK
8.270	>>> V -3.56 0.00
8.273	S 20396484 -7.65 20.04 -5.50 9.62 TRACK
8.294	>>> V -2.91 0.00
8.296	S 20396504 -7.73 20.13 -5.50 8.24 TRACK
8.309	>>> V -2.91 0.00
8.309	S 20396524 -7.82 20.13 -5.50 5.50 TRACK
8.333	>>> V 0.00 -4.68
8.336	S 20396544 -7.91 20.13 -4.12 4.12 TRACK
8.339	S 20396564 -8.00 20.13 -4.12 1.37 TRACK
8.353	>>> V 0.00 -4.68
8.369	>>> V 0.00 -4.68
8.371	S 20396584 -8.09 20.13 -4.12 0.00 TRACK
8.389	>>> V 0.00 -6.12
8.390	S 20396604 -8.09 20.13 -2.75 0.00 TRACK
8.409	>>> V 0.00 -6.12
8.409	S 20396624 -8.09 20.13 -1.37 0.00 TRACK
8.436	>>> V 0.00 -7.33
8.439	S 20396644 -8.09 20.04 0.00 0.00 TRACK
8.443	S 20396664 -8.09 20.04 0.00 0.00 TRACK
8.449	>>> V 0.00 -7.33
8.469	>>> V 0.00 -9.20
8.470	S 20396684 -8.09 19.95 0.00 -1.37 TRACK
8.489	>>> V 0.00 -9.20
8.489	S 20396704 -8.09 19.86 0.00 -2.75 TRACK
8.509	>>> V 0.00 -9.85
8.509	S 20396724 -8.09 19.69 0.00 -4.12 TRACK
8.532	>>> V 0.00 -9.85
8.535	S 20396744 -8.09 19.51 0.00 -4.12 TRACK
8.551	>>> V 0.00 -10.23
8.551	S 20396764 -8.09 19.34 0.00 -5.50 TRACK
8.570	>>> V 0.00 -10.23
8.570	S 20396784 -8.09 19.16 0.00 -8.24 TRACK
8.589	>>> V 0.00 -9.43
8.591	S 20396804 -8.09 18.98 0.00 -8.24 TRACK
8.608	>>> V 0.00 -8.82
8.609	S 20396824 -8.09 18.72 0.00 -8.24 TRACK
8.630	>>> V 0.00 -8.82
8.631	S 20396844 -8.09 18.54 0.00 -8.24 TRACK
8.648	>>> V 0.00 -8.82
8.649	S 20396864 -8.09 18.37 0.00 -8.24 TRACK
8.673	>>> V 0.00 -8.00
8.674	S 20396884 -8.09 18.19 0.00 -8.24 TRACK
8.689	>>> V 0.00 -8.00
8.689	S 20396904 -8.09 18.02 0.00 -8.24 TRACK
8.710	>>> V 0.00 -8.00
8.712	S 20396924 -8.09 17.84 0.00 -8.24 TRACK
8.729	>>> V 0.00 -7.28
8.732	S 20396944 -8.09 17.58 0.00 -8.24 TRACK
8.749	>>> V 0.00 -7.28
8.750	S 20396964 -8.09 17.40 0.00 -8.24 TRACK
8.774	>>> V 0.00 -6.53
8.778	S 20396984 -8.09 17.23 0.00 -8.24 TRACK
8.797	>>> V 0.00 -6.53
8.797	S 20397004 -8.09 17.14 0.00 -6.87 TRACK
8.800	S 20397024 -8.09 16.96 0.00 -6.87 TRACK
8.815	>>> V 0.00 -5.86
8.830	>>> V 0.00 -5.86
8.830	S 20397044 -8.09 16.79 0.00 -6.87 TRACK
8.852	>>> V 0.00 -4.45
8.853	S 20397064 -8.09 16.61 0.00 -6.87 TRACK
8.874	>>> V 0.00 -4.45
8.876	S 20397084 -8.09 16.61 0.00 -6.87 TRACK
8.893	>>> V 0.00 -4.45
8.895	S 20397104 -8.09 16.44 0.00 -5.50 TRACK
8.912	>>> V 0.00 -3.76
8.914	S 20397124 -8.09 16.35 0.00 -5.50 TRACK
8.929	>>> V 0.00 -3.76
8.932	S 20397144 -8.09 16.26 0.00 -4.12 TRACK
8.950	>>> V 0.00 0.00
8.950	S 20397164 -8.09 16.17 0.00 -4.12 TRACK
8.969	>>> V 0.00 0.00
8.969	S 20397184 -8.09 16.08 0.00 -4.12 TRACK
8.996	>>> V 0.00 0.00
8.997	S 20397204 -8.09 16.00 0.00 -4.12 TRACK
8.999	S 20397224 -8.09 15.91 0.00 -4.12 TRACK
9.009	>>> V 0.00 0.00
9.030	>>> V 0.00 0.00
9.031	S 20397244 -8.09 15.91 0.00 -2.75 TRACK
9.053	>>> V 0.00 0.00
9.057	S 20397264 -8.09 15.91 0.00 -2.75 TRACK
9.073	>>> V 0.00 0.00
9.074	S 20397284 -8.09 15.91 0.00 -1.37 TRACK
9.089	>>> V 0.00 0.00
9.090	S 20397304 -8.09 15.91 0.00 0.00 TRACK
9.109	>>> V 0.00 0.00
9.110	S 20397324 -8.09 15.91 0.00 0.00 TRACK
9.131	>>> V -1.90 0.00
9.132	S 20397344 -8.09 15.91 0.00 0.00 TRACK
9.148	>>> V -1.90 0.00
9.150	S 20397364 -8.09 15.91 0.00 0.00 TRACK
9.169	>>> V -1.90 0.00
9.170	S 20397384 -8.09 15.91 0.00 0.00 TRACK
9.191	>>> V -2.48 -4.14
9.192	S 20397404 -8.09 15.91 0.00 0.00 TRACK
9.217	>>> V -2.48 -4.14
9.218	S 20397424 -8.09 15.91 0.00 0.00 TRACK
9.220	S 20397444 -8.09 15.91 0.00 0.00 TRACK
9.238	>>> V -2.70 -4.66
9.239	S 20397464 -8.17 15.91 0.00 0.00 TRACK
9.254	>>> V -2.70 -4.66
9.273	>>> V -2.94 -5.09
9.273	S 20397484 -8.26 15.82 0.00 0.00 TRACK
9.291	>>> V -2.94 -5.09
9.292	S 20397504 -8.35 15.73 -1.37 -1.37 TRACK
9.316	>>> V -3.15 -5.33
9.321	S 20397524 -8.35 15.64 -2.75 -2.75 TRACK
9.326	S 20397544 -8.35 15.56 -2.75 -2.75 TRACK
9.334	>>> V -3.15 -5.33
9.352	>>> V -3.57 -5.67
9.356	S 20397564 -8.44 15.47 -1.37 -2.75 TRACK
9.368	>>> V -3.57 -5.67
9.369	S 20397584 -8.53 15.38 -1.37 -4.12 TRACK
9.392	>>> V -3.57 -5.67
9.394	S 20397604 -8.53 15.29 -1.37 -4.12 TRACK
9.416	>>> V -3.55 -5.43
9.420	S 20397624 -8.70 15.21 -2.75 -4.12 TRACK
9.425	S 20397644 -8.79 15.03 -4.12 -4.12 TRACK
9.432	>>> V -3.55 -5.43
9.449	>>> V -3.52 -5.17
9.450	S 20397664 -8.88 14.94 -4.12 -4.12 TRACK
9.470	>>> V -3.52 -5.17
9.471	S 20397684 -9.05 14.85 -4.12 -4.12 TRACK
9.494	>>> V -3.50 -4.86
9.498	S 20397704 -9.14 14.77 -4.12 -4.12 TRACK
9.499	S 20397724 -9.23 14.68 -4.12 -4.12 TRACK
9.512	>>> V -3.20 -4.61
9.534	>>> V -3.20 -4.61
9.534	S 20397744 -9.32 14.50 -4.12 -4.12 TRACK
9.551	>>> V -2.68 -4.16
9.552	S 20397764 -9.32 14.41 -4.12 -4.12 TRACK
9.569	>>> V -2.68 -4.16
9.571	S 20397784 -9.40 14.33 -4.12 -5.50 TRACK
9.589	>>> V -2.00 -3.74
9.593	S 20397804 -9.40 14.24 -2.75 -5.50 TRACK
9.613	>>> V 0.00 -3.28
9.615	S 20397824 -9.49 14.15 -1.37 -5.50 TRACK
9.630	>>> V 0.00 -3.28
9.633	S 20397844 -9.49 13.97 -1.37 -4.12 TRACK
9.653	>>> V 0.00 -3.08
9.656	S 20397864 -9.49 13.97 -1.37 -4.12 TRACK
9.670	>>> V 0.00 -3.08
9.671	S 20397884 -9.49 13.89 -1.37 -4.12 TRACK
9.695	>>> V 0.00 0.00
9.698	S 20397904 -9.49 13.80 -1.37 -4.12 TRACK
9.699	S 20397924 -9.58 13.71 0.00 -4.12 TRACK
9.710	>>> V 0.00 0.00
9.734	>>> V 2.38 0.00
9.734	S 20397944 -9.49 13.54 0.00 -4.12 TRACK
9.751	>>> V 3.56 0.00
9.751	S 20397964 -9.58 13.54 0.00 -4.12 TRACK
9.774	>>> V 3.56 0.00
9.775	S 20397984 -9.49 13.54 0.00 -2.75 TRACK
9.790	>>> V 4.81 0.00
9.793	S 20398004 -9.58 13.62 0.00 -1.37 TRACK
9.812	>>> V 4.81 0.00
9.813	S 20398024 -9.58 13.54 0.00 0.00 TRACK
9.832	>>> V 6.09 0.00
9.832	S 20398044 -9.49 13.54 0.00 0.00 TRACK
9.850	>>> V 7.25 0.00
9.851	S 20398064 -9.40 13.54 0.00 0.00 TRACK
9.869	>>> V 7.25 0.00
9.869	S 20398084 -9.32 13.54 1.37 0.00 TRACK
9.889	>>> V 8.39 0.00
9.889	S 20398104 -9.23 13.54 2.75 0.00 TRACK
9.911	>>> V 8.39 0.00
9.911	S 20398124 -9.05 13.54 4.12 0.00 TRACK
9.929	>>> V 9.41 -3.04
9.932	S 20398144 -8.88 13.62 4.12 0.00 TRACK
9.949	>>> V 9.41 -3.04
9.950	S 20398164 -8.70 13.62 5.50 0.00 TRACK
9.971	>>> V 10.42 -3.40
9.972	S 20398184 -8.61 13.62 5.50 0.00 TRACK
9.988	>>> V 11.25 -3.92
9.989	S 20398204 -8.35 13.54 6.87 0.00 TRACK
10.009	>>> V 11.25 -3.92
10.011	S 20398224 -8.26 13.54 6.87 0.00 TRACK
10.031	>>> V 11.88 -4.43
10.032	S 20398244 -8.09 13.45 8.24 0.00 TRACK
10.049	>>> V 11.88 -4.43
10.049	S 20398264 -7.91 13.36 8.24 -1.37 TRACK
10.078	>>> V 11.88 -4.43
10.078	S 20398284 -7.73 13.27 8.24 -2.75 TRACK
10.083	S 20398304 -7.56 13.18 8.24 -2.75 TRACK
10.090	>>> V 11.88 -4.43
10.114	>>> V 12.84 -5.51
10.114	S 20398324 -7.21 13.10 8.24 -4.12 TRACK
10.129	>>> V 12.84 -5.51
10.129	S 20398344 -6.94 13.01 9.62 -4.12 TRACK
10.149	>>> V 12.84 -5.51
10.152	S 20398364 -6.77 12.92 10.99 -4.12 TRACK
10.173	>>> V 13.19 -6.06
10.173	S 20398384 -6.50 12.83 10.99 -2.75 TRACK
10.194	>>> V 13.43 -6.49
10.197	S 20398404 -6.24 12.74 12.37 -2.75 TRACK
10.211	>>> V 13.75 -6.67
10.211	S 20398424 -5.89 12.66 12.37 -2.75 TRACK
10.230	>>> V 13.75 -6.67
10.232	S 20398444 -5.62 12.57 12.37 -4.12 TRACK
10.251	>>> V 14.01 -6.90
10.252	S 20398464 -5.36 12.48 12.37 -4.12 TRACK
10.269	>>> V 14.01 -6.90
10.269	S 20398484 -5.10 12.30 12.37 -4.12 TRACK
10.289	>>> V 14.01 -6.90
10.290	S 20398504 -4.75 12.22 12.37 -4.12 TRACK
10.310	>>> V 13.93 -7.02
10.311	S 20398524 -4.48 12.04 13.74 -5.50 TRACK
10.329	>>> V 13.89 -7.36
10.330	S 20398544 -4.22 11.87 13.74 -5.50 TRACK
10.350	>>> V 13.89 -7.36
10.353	S 20398565 -3.96 11.78 13.74 -6.87 TRACK
10.370	>>> V 13.83 -7.58
10.371	S 20398584 -3.69 11.69 12.37 -6.87 TRACK
10.390	>>> V 13.83 -7.58
10.390	S 20398604 -3.43 11.51 12.37 -6.87 TRACK
10.412	>>> V 13.71 -7.81
10.412	S 20398625 -3.16 11.43 12.37 -5.50 TRACK
10.430	>>> V 13.71 -7.81
10.430	S 20398644 -2.90 11.25 12.37 -5.50 TRACK
10.451	>>> V 13.42 -8.08
10.452	S 20398664 -2.64 11.07 13.74 -6.87 TRACK
10.469	>>> V 13.42 -8.08
10.472	S 20398684 -2.37 10.90 13.74 -6.87 TRACK
10.491	>>> V 13.18 -8.40
10.491	S 20398705 -2.02 10.72 13.74 -6.87 TRACK
10.510	>>> V 13.18 -8.40
10.511	S 20398724 -1.76 10.55 12.37 -8.24 TRACK
10.534	>>> V 12.94 -8.40
10.534	S 20398744 -1.49 10.37 12.37 -8.24 TRACK
10.550	>>> V 12.94 -8.40
10.550	S 20398765 -1.32 10.20 12.37 -8.24 TRACK
10.569	>>> V 12.94 -8.40
10.569	S 20398785 -0.97 10.02 12.37 -6.87 TRACK
10.591	>>> V 12.84 -8.50
10.594	S 20398805 -0.70 9.84 12.37 -8.24 TRACK
10.611	>>> V 12.70 -8.49
10.613	S 20398825 -0.44 9.76 12.37 -8.24 TRACK
10.633	>>> V 12.25 -8.41
10.637	S 20398845 -0.18 9.49 12.37 -8.24 TRACK
10.638	S 20398865 0.09 9.32 12.37 -8.24 TRACK
10.652	>>> V 12.25 -8.41
10.672	>>> V 11.96 -8.22
10.674	S 20398885 0.26 9.23 12.37 -8.24 TRACK
10.695	>>> V 11.66 -8.12
10.697	S 20398905 0.53 9.05 12.37 -8.24 TRACK
10.714	>>> V 11.66 -8.12
10.717	S 20398925 0.79 8.88 10.99 -6.87 TRACK
10.732	>>> V 11.30 -7.93
10.732	S 20398945 1.05 8.70 10.99 -6.87 TRACK
10.753	>>> V 11.30 -7.93
10.755	S 20398965 1.32 8.53 10.99 -6.87 TRACK
10.777	>>> V 10.95 -7.92
10.780	S 20398985 1.49 8.44 10.99 -6.87 TRACK
10.786	S 20399005 1.76 8.26 10.99 -6.87 TRACK
10.793	>>> V 10.95 -7.92
10.809	>>> V 10.51 -7.80
10.809	S 20399025 1.93 8.09 10.99 -6.87 TRACK
10.829	>>> V 10.51 -7.80
10.830	S 20399045 2.20 7.91 10.99 -6.87 TRACK
10.856	>>> V 10.01 -7.64
10.859	S 20399065 2.37 7.73 10.99 -6.87 TRACK
10.871	>>> V 9.46 -7.39
10.873	S 20399085 2.64 7.56 10.99 -6.87 TRACK
10.890	>>> V 9.46 -7.39
10.894	S 20399105 2.81 7.38 10.99 -8.24 TRACK
10.910	>>> V 8.88 -7.22
10.914	S 20399125 3.08 7.29 10.99 -8.24 TRACK
10.929	>>> V 8.88 -7.22
10.931	S 20399145 3.25 7.03 9.62 -8.24 TRACK
10.951	>>> V 8.21 -6.83
10.953	S 20399165 3.43 6.94 9.62 -8.24 TRACK
10.969	>>> V 8.21 -6.83
10.971	S 20399185 3.60 6.77 9.62 -6.87 TRACK
10.995	>>> V 6.82 -5.76
10.997	S 20399205 3.87 6.68 9.62 -6.87 TRACK
11.001	S 20399225 4.13 6.59 9.62 -5.50 TRACK
11.010	>>> V 6.82 -5.76
11.035	>>> V 6.01 -5.12
11.036	S 20399245 4.22 6.42 9.62 -5.50 TRACK
11.051	>>> V 6.01 -5.12
11.054	S 20399265 4.31 6.33 8.24 -5.50 TRACK
11.074	>>> V 6.01 -5.12
11.075	S 20399285 4.57 6.15 8.24 -5.50 TRACK
11.094	>>> V 5.14 -4.20
11.097	S 20399305 4.66 6.06 6.87 -5.50 TRACK
11.100	S 20399325 4.75 5.89 6.87 -5.50 TRACK
11.109	>>> V 5.14 -4.20
11.131	>>> V 4.27 -3.11
11.133	S 20399345 4.83 5.80 5.50 -5.50 TRACK
11.152	>>> V 3.26 0.00
11.155	S 20399365 4.92 5.71 4.12 -4.12 TRACK
11.170	>>> V 2.21 0.00
11.171	S 20399385 5.10 5.62 4.12 -4.12 TRACK
11.189	>>> V 2.21 0.00
11.189	S 20399405 5.19 5.54 4.12 -4.12 TRACK
11.209	>>> V 2.21 0.00
11.211	S 20399425 5.27 5.45 4.12 -4.12 TRACK
11.229	>>> V 0.00 0.00
11.230	S 20399445 5.36 5.45 4.12 -4.12 TRACK
11.253	>>> V 0.00 0.00
11.254	S 20399465 5.45 5.45 4.12 -1.37 TRACK
11.274	>>> V 0.00 0.00
11.274	S 20399485 5.36 5.45 2.75 0.00 TRACK
11.295	>>> V -2.34 5.36
11.299	S 20399505 5.45 5.45 1.37 0.00 TRACK
11.301	S 20399525 5.45 5.45 0.00 0.00 TRACK
11.312	>>> V -3.66 6.72
11.332	>>> V -3.66 6.72
11.332	S 20399545 5.45 5.45 0.00 0.00 TRACK
11.351	>>> V -5.05 8.41
11.353	S 20399565 5.45 5.45 0.00 0.00 TRACK
11.369	>>> V -5.05 8.41
11.369	S 20399585 5.45 5.54 0.00 0.00 TRACK
11.390	>>> V -6.56 10.14
11.391	S 20399605 5.36 5.62 0.00 0.00 TRACK
11.412	>>> V -6.56 10.14
11.412	S 20399625 5.27 5.71 -1.37 2.75 TRACK
11.431	>>> V -6.56 10.14
11.435	S 20399645 5.10 5.89 -2.75 4.12 TRACK
11.449	>>> V -7.81 11.34
11.449	S 20399665 5.01 5.89 -4.12 4.12 TRACK
11.470	>>> V -7.81 11.34
11.471	S 20399685 4.92 6.06 -5.50 4.12 TRACK
11.489	>>> V -8.75 12.32
11.491	S 20399705 4.83 6.24 -5.50 4.12 TRACK
11.515	>>> V -9.75 13.36
11.517	S 20399725 4.66 6.50 -5.50 5.50 TRACK
11.520	S 20399745 4.48 6.68 -5.50 8.24 TRACK
11.531	>>> V -9.75 13.36
11.553	>>> V -10.82 14.01
11.555	S 20399765 4.31 6.94 -5.50 10.99 TRACK
11.568	>>> V -11.92 14.84
11.569	S 20399785 4.13 7.21 -6.87 10.99 TRACK
11.589	>>> V -11.92 14.84
11.589	S 20399805 3.96 7.47 -8.24 10.99 TRACK
11.609	>>> V -13.74 16.02
11.610	S 20399825 3.69 7.82 -8.24 12.37 TRACK
11.631	>>> V -13.74 16.02
11.632	S 20399845 3.52 8.09 -8.24 12.37 TRACK
11.649	>>> V -13.74 16.02
11.650	S 20399865 3.34 8.35 -9.62 13.74 TRACK
11.669	>>> V -14.69 15.99
11.669	S 20399885 3.16 8.61 -9.62 13.74 TRACK
11.693	>>> V -14.69 15.99
11.693	S 20399905 2.99 8.96 -9.62 13.74 TRACK
11.710	>>> V -15.43 15.45
11.710	S 20399925 2.64 9.23 -9.62 15.11 TRACK
11.730	>>> V -15.43 15.45
11.733	S 20399945 2.37 9.58 -9.62 15.11 TRACK
11.749	>>> V -15.43 15.45
11.750	S 20399965 2.11 9.93 -12.37 15.11 TRACK
11.770	>>> V -15.95 14.78
11.771	S 20399985 1.76 10.28 -13.74 15.11 TRACK
11.789	>>> V -16.61 12.79
11.790	S 20400005 1.49 10.55 -13.74 15.11 TRACK
11.811	>>> V -17.36 9.96
11.813	S 20400025 1.14 10.90 -15.11 15.11 TRACK
11.830	>>> V -17.36 9.96
11.830	S 20400045 0.79 11.16 -15.11 15.11 TRACK
11.851	>>> V -17.48 9.29
11.853	S 20400065 0.53 11.43 -15.11 15.11 TRACK
11.874	>>> V -17.72 8.60
11.876	S 20400085 0.26 11.69 -13.74 13.74 TRACK
11.891	>>> V -17.72 8.60
11.895	S 20400105 -0.09 11.95 -13.74 12.37 TRACK
11.912	>>> V -17.99 8.09
11.912	S 20400125 -0.44 12.22 -15.11 12.37 TRACK
11.929	>>> V -17.99 8.09
11.932	S 20400145 -0.79 12.39 -16.49 10.99 TRACK
11.950	>>> V -18.11 7.58
11.950	S 20400165 -1.23 12.57 -16.49 10.99 TRACK
11.970	>>> V -18.07 7.04
11.970	S 20400185 -1.49 12.83 -16.49 9.62 TRACK
11.989	>>> V -18.07 7.04
11.990	S 20400205 -1.93 12.92 -17.86 9.62 TRACK
12.009	>>> V -18.07 7.04
12.009	S 20400225 -2.29 13.18 -17.86 9.62 TRACK
12.030	>>> V -17.43 6.45
12.030	S 20400245 -2.64 13.36 -17.86 9.62 TRACK
12.049	>>> V -16.62 5.80
12.050	S 20400265 -3.08 13.45 -17.86 8.24 TRACK
12.069	>>> V -16.62 5.80
12.069	S 20400285 -3.34 13.62 -17.86 6.87 TRACK
12.089	>>> V -16.62 5.80
12.089	S 20400305 -3.69 13.71 -17.86 5.50 TRACK
12.109	>>> V -15.58 5.18
12.109	S 20400325 -4.04 13.89 -16.49 5.50 TRACK
12.129	>>> V -15.58 5.18
12.131	S 20400345 -4.39 13.97 -16.49 5.50 TRACK
12.149	>>> V -14.52 4.43
12.153	S 20400365 -4.75 14.06 -16.49 5.50 TRACK
12.170	>>> V -13.39 3.94
12.171	S 20400385 -5.10 14.15 -16.49 5.50 TRACK
12.192	>>> V -13.39 3.94
12.194	S 20400405 -5.36 14.33 -15.11 5.50 TRACK
12.209	>>> V -12.26 3.42
12.210	S 20400425 -5.62 14.41 -15.11 5.50 TRACK
12.228	>>> V -12.26 3.42
12.229	S 20400445 -5.98 14.50 -15.11 4.12 TRACK
12.251	>>> V -11.10 2.90
12.251	S 20400465 -6.42 14.50 -15.11 4.12 TRACK
12.268	>>> V -11.10 2.90
12.269	S 20400485 -6.68 14.50 -13.74 2.75 TRACK
12.289	>>> V -9.95 0.00
12.291	S 20400505 -6.94 14.50 -13.74 1.37 TRACK
12.311	>>> V -9.95 0.00
12.311	S 20400525 -7.21 14.50 -13.74 0.00 TRACK
12.330	>>> V -8.83 0.00
12.330	S 20400545 -7.47 14.68 -13.74 1.37 TRACK
12.349	>>> V -8.83 0.00
12.349	S 20400565 -7.65 14.68 -12.37 1.37 TRACK
12.369	>>> V -7.80 0.00
12.370	S 20400585 -7.82 14.68 -10.99 1.37 TRACK
12.388	>>> V -7.80 0.00
12.389	S 20400605 -8.09 14.68 -9.62 1.37 TRACK
12.409	>>> V -6.77 0.00
12.410	S 20400625 -8.26 14.68 -9.62 0.00 TRACK
12.430	>>> V -6.77 0.00
12.430	S 20400645 -8.44 14.68 -9.62 0.00 TRACK
12.450	>>> V -5.73 0.00
12.450	S 20400665 -8.61 14.77 -8.24 0.00 TRACK
12.472	>>> V -5.73 0.00
12.472	S 20400685 -8.70 14.68 -8.24 0.00 TRACK
12.489	>>> V -4.82 0.00
12.490	S 20400705 -8.79 14.68 -6.87 0.00 TRACK
12.511	>>> V -4.82 0.00
12.512	S 20400725 -9.05 14.68 -6.87 0.00 TRACK
12.528	>>> V -4.07 0.00
12.529	S 20400745 -9.14 14.77 -5.50 0.00 TRACK
12.549	>>> V -4.07 0.00
12.550	S 20400765 -9.23 14.68 -5.50 0.00 TRACK
12.572	>>> V -3.36 0.00
12.572	S 20400785 -9.40 14.77 -4.12 0.00 TRACK
12.592	>>> V -3.36 0.00
12.592	S 20400805 -9.49 14.68 -4.12 0.00 TRACK
12.615	>>> V -2.69 0.00
12.616	S 20400825 -9.58 14.77 -4.12 0.00 TRACK
12.631	>>> V -2.69 0.00
12.632	S 20400845 -9.67 14.68 -5.50 0.00 TRACK
12.650	>>> V -2.16 0.00
12.651	S 20400865 -9.76 14.68 -4.12 0.00 TRACK
12.669	>>> V -2.16 0.00
12.670	S 20400885 -9.84 14.68 -4.12 0.00 TRACK
12.693	>>> V 0.00 0.00
12.694	S 20400905 -9.84 14.77 -2.75 0.00 TRACK
12.713	>>> V 0.00 0.00
12.713	S 20400925 -9.84 14.68 -1.37 0.00 TRACK
12.734	>>> V 0.00 0.00
12.735	S 20400945 -9.93 14.68 0.00 0.00 TRACK
12.749	>>> V 0.00 0.00
12.749	S 20400965 -9.93 14.68 -1.37 0.00 TRACK
12.774	>>> V 0.00 0.00
12.774	S 20400985 -10.02 14.68 -1.37 0.00 TRACK
12.789	>>> V 0.00 0.00
12.789	S 20401005 -10.02 14.77 -1.37 0.00 TRACK
12.808	>>> V 0.00 0.00
12.809	S 20401025 -10.02 14.77 0.00 0.00 TRACK
12.829	>>> V 0.00 0.00
12.830	S 20401045 -10.02 14.77 0.00 0.00 TRACK
12.851	>>> V 0.00 0.00
12.851	S 20401065 -10.02 14.77 0.00 0.00 TRACK
12.870	>>> V -2.09 0.00
12.870	S 20401085 -10.02 14.77 0.00 0.00 TRACK
12.889	>>> V -2.09 0.00
12.889	S 20401105 -10.02 14.77 0.00 0.00 TRACK
12.912	>>> V -2.82 0.00
12.913	S 20401125 -10.02 14.77 0.00 0.00 TRACK
12.929	>>> V -2.82 0.00
12.929	S 20401145 -10.02 14.68 0.00 0.00 TRACK
12.950	>>> V -3.47 0.00
12.951	S 20401165 -10.11 14.77 0.00 0.00 TRACK
12.971	>>> V -3.47 0.00
12.972	S 20401185 -10.20 14.68 0.00 0.00 TRACK
12.989	>>> V -4.43 0.00
12.990	S 20401205 -10.20 14.68 -1.37 0.00 TRACK
13.010	>>> V -4.43 0.00
13.016	S 20401225 -10.28 14.68 -2.75 0.00 TRACK
13.030	>>> V -4.43 0.00
13.031	S 20401245 -10.37 14.77 -2.75 0.00 TRACK
13.050	>>> V -6.60 0.00
13.052	S 20401265 -10.46 14.77 -2.75 0.00 TRACK
13.071	>>> V -7.66 0.00
13.072	S 20401285 -10.63 14.68 -2.75 0.00 TRACK
13.093	>>> V -8.72 0.00
13.093	S 20401305 -10.72 14.77 -4.12 0.00 TRACK
13.112	>>> V -8.72 0.00
13.116	S 20401325 -10.81 14.77 -4.12 0.00 TRACK
13.135	>>> V -9.65 0.00
13.137	S 20401345 -10.90 14.77 -4.12 0.00 TRACK
13.148	>>> V -10.33 0.00
13.150	S 20401365 -10.99 14.77 -4.12 0.00 TRACK
13.170	>>> V -12.75 0.00
13.170	S 20401385 -11.16 14.77 -4.12 0.00 TRACK
13.192	>>> V -12.75 0.00
13.194	S 20401405 -11.25 14.68 -5.50 0.00 TRACK
13.209	>>> V -12.75 0.00
13.209	S 20401425 -11.51 14.77 -6.87 0.00 TRACK
13.232	>>> V -13.40 0.00
13.232	S 20401445 -11.69 14.68 -6.87 0.00 TRACK
13.249	>>> V -13.40 0.00
13.249	S 20401465 -11.95 14.77 -8.24 0.00 TRACK
13.272	>>> V -13.97 0.00
13.272	S 20401485 -12.13 14.77 -9.62 0.00 TRACK
13.294	>>> V -13.97 0.00
13.295	S 20401505 -12.39 14.68 -10.99 0.00 TRACK
13.313	>>> V -14.58 0.00
13.314	S 20401525 -12.66 14.77 -10.99 0.00 TRACK
13.329	>>> V -14.58 0.00
13.330	S 20401545 -12.92 14.68 -10.99 0.00 TRACK
13.350	>>> V -15.11 0.00
13.351	S 20401565 -13.18 14.77 -12.37 0.00 TRACK
13.369	>>> V -15.11 0.00
13.372	S 20401585 -13.36 14.68 -12.37 0.00 TRACK
13.389	>>> V -15.78 -2.94
13.390	S 20401605 -13.62 14.77 -12.37 0.00 TRACK
13.412	>>> V -15.78 -2.94
13.413	S 20401625 -13.97 14.77 -12.37 0.00 TRACK
13.430	>>> V -16.63 -3.47
13.431	S 20401645 -14.24 14.77 -13.74 0.00 TRACK
13.454	>>> V -17.47 -4.16
13.454	S 20401665 -14.59 14.77 -13.74 0.00 TRACK
13.468	>>> V -17.47 -4.16
13.469	S 20401685 -14.94 14.68 -13.74 0.00 TRACK
13.490	>>> V -18.17 -4.91
13.491	S 20401705 -15.21 14.68 -13.74 0.00 TRACK
13.512	>>> V -18.17 -4.91
13.516	S 20401725 -15.56 14.59 -13.74 -1.37 TRACK
13.531	>>> V -18.74 -5.67
13.532	S 20401745 -15.82 14.50 -15.11 -2.75 TRACK
13.552	>>> V -18.74 -5.67
13.552	S 20401765 -16.17 14.33 -15.11 -4.12 TRACK
13.575	>>> V -19.26 -6.35
13.575	S 20401785 -16.52 14.24 -16.49 -4.12 TRACK
13.591	>>> V -19.26 -6.35
13.593	S 20401805 -16.96 14.15 -16.49 -4.12 TRACK
13.618	>>> V -19.72 -6.91
13.619	S 20401825 -17.31 14.06 -16.49 -4.12 TRACK
13.621	S 20401845 -17.67 13.97 -17.86 -4.12 TRACK
13.632	>>> V -19.72 -6.91
13.654	>>> V -20.18 -7.49
13.654	S 20401865 -18.02 13.89 -17.86 -4.12 TRACK
13.673	>>> V -20.38 -8.14
13.674	S 20401885 -18.37 13.80 -17.86 -4.12 TRACK
13.689	>>> V -20.53 -8.70
13.691	S 20401905 -18.81 13.62 -17.86 -4.12 TRACK
13.717	>>> V -20.53 -8.70
13.718	S 20401925 -19.16 13.54 -17.86 -5.50 TRACK
13.720	S 20401945 -19.60 13.36 -17.86 -5.50 TRACK
13.731	>>> V -20.52 -9.04
13.749	>>> V -20.44 -9.16
13.749	S 20401965 -19.95 13.18 -17.86 -6.87 TRACK
13.769	>>> V -20.44 -9.16
13.770	S 20401985 -20.39 13.01 -19.24 -6.87 TRACK
13.788	>>> V -20.44 -9.16
13.789	S 20402005 -20.74 12.92 -19.24 -6.87 TRACK
13.809	>>> V -20.40 -9.15
13.810	S 20402025 -21.18 12.66 -19.24 -6.87 TRACK
13.829	>>> V -20.40 -9.15
13.829	S 20402045 -21.53 12.48 -19.24 -8.24 TRACK
13.851	>>> V -20.27 -8.77
13.852	S 20402065 -21.97 12.30 -19.24 -8.24 TRACK
13.869	>>> V -20.27 -8.77
13.871	S 20402085 -22.41 12.13 -20.61 -8.24 TRACK
13.889	>>> V -20.27 -8.77
13.889	S 20402105 -22.85 11.95 -20.61 -8.24 TRACK
13.909	>>> V -20.00 -8.38
13.911	S 20402125 -23.29 11.69 -20.61 -8.24 TRACK
13.930	>>> V -19.73 -8.01
13.931	S 20402145 -23.64 11.51 -20.61 -8.24 TRACK
13.950	>>> V -19.73 -8.01
13.951	S 20402165 -24.08 11.34 -20.61 -8.24 TRACK
13.970	>>> V -19.73 -8.01
13.970	S 20402185 -24.52 11.16 -20.61 -8.24 TRACK
13.989	>>> V -18.99 -7.17
13.990	S 20402205 -24.87 10.99 -20.61 -8.24 TRACK
14.010	>>> V -18.99 -7.17
14.014	S 20402225 -25.31 10.90 -19.24 -8.24 TRACK
14.031	>>> V -18.99 -7.17
14.034	S 20402245 -25.66 10.72 -19.24 -8.24 TRACK
14.049	>>> V -18.99 -7.17
14.049	S 20402265 -26.10 10.55 -19.24 -8.24 TRACK
14.069	>>> V -18.05 -5.97
14.069	S 20402285 -26.46 10.37 -19.24 -6.87 TRACK
14.090	>>> V -18.05 -5.97
14.091	S 20402305 -26.89 10.28 -19.24 -6.87 TRACK
14.109	>>> V -18.05 -5.97
14.109	S 20402325 -27.16 10.20 -19.24 -5.50 TRACK
14.130	>>> V -17.46 -5.47
14.131	S 20402345 -27.60 10.02 -19.24 -5.50 TRACK
14.149	>>> V -17.46 -5.47
14.150	S 20402365 -27.95 9.93 -17.86 -5.50 TRACK
14.170	>>> V -16.88 -5.12
14.173	S 20402385 -28.30 9.84 -17.86 -5.50 TRACK
14.190	>>> V -16.88 -5.12
14.191	S 20402405 -28.65 9.76 -17.86 -5.50 TRACK
14.210	>>> V -16.32 -4.75
14.211	S 20402425 -29.09 9.67 -17.86 -4.12 TRACK
14.229	>>> V -16.32 -4.75
14.229	S 20402445 -29.44 9.49 -17.86 -4.12 TRACK
14.249	>>> V -15.77 -4.40
14.249	S 20402465 -29.79 9.40 -17.86 -4.12 TRACK
14.269	>>> V -15.77 -4.40
14.271	S 20402485 -30.06 9.32 -17.86 -4.12 TRACK
14.291	>>> V -15.16 -4.30
14.292	S 20402505 -30.41 9.23 -16.49 -4.12 TRACK
14.310	>>> V -15.16 -4.30
14.311	S 20402525 -30.67 9.14 -16.49 -4.12 TRACK
14.336	>>> V -14.65 -4.31
14.336	S 20402545 -30.94 9.05 -16.49 -4.12 TRACK
14.352	>>> V -14.65 -4.31
14.352	S 20402565 -31.38 8.96 -16.49 -4.12 TRACK
14.369	>>> V -14.41 -4.34
14.369	S 20402585 -31.64 8.79 -15.11 -4.12 TRACK
14.389	>>> V -14.41 -4.34
14.391	S 20402605 -31.90 8.79 -15.11 -4.12 TRACK
14.410	>>> V -14.41 -4.34
14.410	S 20402625 -32.26 8.61 -15.11 -4.12 TRACK
14.434	>>> V -14.11 -4.93
14.437	S 20402645 -32.52 8.53 -15.11 -4.12 TRACK
14.439	S 20402665 -32.78 8.53 -13.74 -4.12 TRACK
14.448	>>> V -14.11 -4.93
14.470	>>> V -14.22 -4.90
14.470	S 20402685 -33.05 8.35 -13.74 -4.12 TRACK
14.488	>>> V -14.22 -4.90
14.489	S 20402705 -33.31 8.26 -13.74 -4.12 TRACK
14.509	>>> V -14.37 -5.13
14.510	S 20402725 -33.66 8.17 -13.74 -4.12 TRACK
14.530	>>> V -14.37 -5.13
14.530	S 20402745 -33.93 8.09 -13.74 -4.12 TRACK
14.549	>>> V -14.45 -5.31
14.550	S 20402765 -34.19 8.00 -13.74 -4.12 TRACK
14.568	>>> V -14.45 -5.31
14.570	S 20402785 -34.45 7.91 -13.74 -4.12 TRACK
14.590	>>> V -14.36 -5.50
14.591	S 20402805 -34.72 7.82 -12.37 -4.12 TRACK
14.609	>>> V -14.36 -5.50
14.610	S 20402825 -34.98 7.73 -12.37 -4.12 TRACK
14.629	>>> V -14.24 -5.62
14.629	S 20402845 -35.33 7.56 -12.37 -4.12 TRACK
14.649	>>> V -14.24 -5.62
14.650	S 20402865 -35.60 7.47 -13.74 -4.12 TRACK
14.669	>>> V -14.27 -6.09
14.671	S 20402885 -35.86 7.38 -13.74 -4.12 TRACK
14.689	>>> V -14.27 -6.09
14.689	S 20402905 -36.12 7.29 -13.74 -4.12 TRACK
14.710	>>> V -14.37 -6.39
14.710	S 20402925 -36.39 7.21 -13.74 -4.12 TRACK
14.729	>>> V -14.37 -6.39
14.729	S 20402945 -36.65 7.12 -13.74 -4.12 TRACK
14.749	>>> V -14.59 -6.73
14.750	S 20402965 -36.91 6.94 -13.74 -4.12 TRACK
14.769	>>> V -14.59 -6.73
14.769	S 20402985 -37.18 6.86 -13.74 -5.50 TRACK
14.793	>>> V -14.79 -7.12
14.793	S 20403005 -37.53 6.68 -13.74 -5.50 TRACK
14.808	>>> V -14.79 -7.12
14.810	S 20403025 -37.79 6.59 -13.74 -5.50 TRACK
14.832	>>> V -15.15 -7.38
14.832	S 20403045 -38.06 6.42 -13.74 -5.50 TRACK
14.849	>>> V -15.15 -7.38
14.849	S 20403065 -38.32 6.33 -13.74 -5.50 TRACK
14.869	>>> V -15.82 -8.05
14.869	S 20403085 -38.67 6.15 -13.74 -6.87 TRACK
14.889	>>> V -15.82 -8.05
14.889	S 20403105 -38.94 5.98 -13.74 -6.87 TRACK
14.910	>>> V -15.82 -8.05
14.911	S 20403125 -39.29 5.89 -13.74 -6.87 TRACK
14.936	>>> V -16.21 -8.56
14.936	S 20403145 -39.55 5.71 -13.74 -6.87 TRACK
14.949	>>> V -16.21 -8.56
14.950	S 20403165 -39.90 5.45 -13.74 -6.87 TRACK
14.972	>>> V -16.90 -10.14
14.972	S 20403185 -40.17 5.36 -15.11 -6.87 TRACK
14.992	>>> V -17.32 -11.47
14.993	S 20403205 -40.52 5.19 -15.11 -6.87 TRACK
15.011	>>> V -17.32 -11.47
15.012	S 20403225 -40.87 5.01 -15.11 -8.24 TRACK
15.029	>>> V -17.44 -12.24
15.029	S 20403245 -41.22 4.83 -15.11 -8.24 TRACK
15.050	>>> V -17.52 -12.72
15.051	S 20403265 -41.48 4.66 -15.11 -8.24 TRACK
15.069	>>> V -17.52 -12.72
15.070	S 20403285 -41.84 4.48 -15.11 -8.24 TRACK
15.090	>>> V -17.42 -13.00
15.091	S 20403305 -42.28 4.22 -15.11 -8.24 TRACK
15.111	>>> V -17.42 -13.00
15.112	S 20403325 -42.54 4.04 -16.49 -9.62 TRACK
15.135	>>> V -17.16 -13.28
15.136	S 20403345 -42.89 3.78 -16.49 -9.62 TRACK
15.149	>>> V -17.16 -13.28
15.150	S 20403365 -43.24 3.52 -16.49 -9.62 TRACK
15.171	>>> V -16.78 -13.18
15.175	S 20403385 -43.59 3.25 -16.49 -10.99 TRACK
15.189	>>> V -16.78 -13.18
15.191	S 20403405 -43.95 2.99 -16.49 -10.99 TRACK
15.210	>>> V -16.25 -12.80
15.210	S 20403425 -44.30 2.72 -16.49 -10.99 TRACK
15.229	>>> V -16.25 -12.80
15.231	S 20403445 -44.56 2.46 -16.49 -12.37 TRACK
15.252	>>> V -15.43 -11.64
15.253	S 20403465 -44.91 2.20 -16.49 -12.37 TRACK
15.271	>>> V -15.43 -11.64
15.272	S 20403485 -45.26 1.93 -16.49 -12.37 TRACK
15.289	>>> V -15.43 -11.64
15.292	S 20403505 -45.70 1.76 -16.49 -12.37 TRACK
15.314	>>> V -14.43 -10.45
15.317	S 20403525 -46.05 1.49 -16.49 -12.37 TRACK
15.333	>>> V -13.24 -9.01
15.334	S 20403545 -46.32 1.23 -16.49 -12.37 TRACK
15.351	>>> V -12.09 -7.16
15.351	S 20403565 -46.58 1.05 -16.49 -10.99 TRACK
15.370	>>> V -12.09 -7.16
15.372	S 20403585 -46.93 0.70 -15.11 -10.99 TRACK
15.390	>>> V -12.09 -7.16
15.391	S 20403605 -47.11 0.44 -15.11 -10.99 TRACK
15.409	>>> V -10.80 -5.11
15.409	S 20403625 -47.37 0.26 -13.74 -9.62 TRACK
15.429	>>> V -7.73 0.00
15.432	S 20403645 -47.64 0.09 -13.74 -9.62 TRACK
15.451	>>> V -5.86 0.00
15.454	S 20403665 -47.90 -0.09 -13.74 -8.24 TRACK
15.475	>>> V -3.76 4.54
15.475	S 20403685 -48.16 -0.18 -12.37 -8.24 TRACK
15.491	>>> V -3.76 4.54
15.492	S 20403705 -48.34 -0.26 -12.37 -6.87 TRACK
15.510	>>> V 0.00 7.05
15.512	S 20403725 -48.52 -0.26 -10.99 -5.50 TRACK
15.529	>>> V 0.00 7.05
15.532	S 20403745 -48.69 -0.26 -9.62 -2.75 TRACK
15.549	>>> V 0.00 9.24
15.550	S 20403765 -48.78 -0.26 -8.24 0.00 TRACK
15.568	>>> V 0.00 9.24
15.569	S 20403785 -48.96 -0.18 -6.87 0.00 TRACK
15.589	>>> V 2.61 11.17
15.590	S 20403805 -48.87 0.00 -5.50 1.37 TRACK
15.609	>>> V 2.61 11.17
15.609	S 20403825 -48.87 0.18 -2.75 4.12 TRACK
15.629	>>> V 4.70 12.75
15.629	S 20403845 -48.87 0.18 -1.37 5.50 TRACK
15.649	>>> V 4.70 12.75
15.649	S 20403865 -48.87 0.35 0.00 5.50 TRACK
15.670	>>> V 6.57 14.21
15.670	S 20403885 -48.87 0.53 0.00 5.50 TRACK
15.690	>>> V 6.57 14.21
15.693	S 20403905 -48.87 0.88 0.00 6.87 TRACK
15.713	>>> V 8.50 15.74
15.714	S 20403925 -48.78 1.05 0.00 9.62 TRACK
15.732	>>> V 8.50 15.74
15.733	S 20403945 -48.60 1.41 1.37 10.99 TRACK
15.750	>>> V 10.16 17.05
15.751	S 20403965 -48.52 1.67 4.12 10.99 TRACK
15.769	>>> V 10.16 17.05
15.769	S 20403985 -48.34 1.93 5.50 10.99 TRACK
15.790	>>> V 11.77 18.12
15.791	S 20404005 -48.25 2.20 5.50 12.37 TRACK
15.809	>>> V 11.77 18.12
15.809	S 20404025 -48.08 2.46 5.50 12.37 TRACK
15.830	>>> V 13.54 19.12
15.831	S 20404045 -47.90 2.81 6.87 13.74 TRACK
15.849	>>> V 13.54 19.12
15.850	S 20404065 -47.64 3.16 8.24 13.74 TRACK
15.873	>>> V 14.98 20.22
15.874	S 20404085 -47.37 3.43 9.62 15.11 TRACK
15.888	>>> V 14.98 20.22
15.889	S 20404105 -47.20 3.78 9.62 16.49 TRACK
15.910	>>> V 16.28 20.68
15.911	S 20404125 -46.93 4.22 10.99 16.49 TRACK
15.928	>>> V 16.28 20.68
15.931	S 20404145 -46.67 4.66 10.99 17.86 TRACK
15.949	>>> V 17.45 20.44
15.949	S 20404165 -46.41 5.01 10.99 17.86 TRACK
15.968	>>> V 17.45 20.44
15.969	S 20404185 -46.14 5.45 12.37 17.86 TRACK
15.992	>>> V 18.50 20.22
15.993	S 20404205 -45.79 5.80 13.74 17.86 TRACK
16.008	>>> V 18.50 20.22
16.009	S 20404225 -45.44 6.24 15.11 19.24 TRACK
16.030	>>> V 19.40 19.48
16.033	S 20404245 -45.18 6.68 15.11 19.24 TRACK
16.048	>>> V 19.40 19.48
16.049	S 20404265 -44.82 7.03 16.49 20.61 TRACK
16.069	>>> V 20.24 18.63
16.070	S 20404285 -44.47 7.47 16.49 20.61 TRACK
16.089	>>> V 20.24 18.63
16.089	S 20404305 -44.12 7.91 16.49 20.61 TRACK
16.109	>>> V 21.00 17.44
16.110	S 20404325 -43.77 8.26 16.49 20.61 TRACK
16.128	>>> V 21.00 17.44
16.129	S 20404345 -43.42 8.96 16.49 20.61 TRACK
16.150	>>> V 21.61 16.12
16.151	S 20404365 -42.98 9.40 17.86 23.36 TRACK
16.173	>>> V 21.61 16.12
16.174	S 20404385 -42.54 9.67 17.86 23.36 TRACK
16.192	>>> V 22.08 14.72
16.192	S 20404405 -42.19 9.76 19.24 20.61 TRACK
16.210	>>> V 22.08 14.72
16.211	S 20404425 -41.75 10.11 19.24 15.11 TRACK
16.229	>>> V 22.42 13.09
16.230	S 20404445 -41.31 10.46 19.24 12.37 TRACK
16.249	>>> V 22.42 13.09
16.249	S 20404465 -40.87 10.90 19.24 13.74 TRACK
16.275	>>> V 22.63 11.32
16.275	S 20404485 -40.43 11.25 20.61 16.49 TRACK
16.289	>>> V 22.63 11.32
16.289	S 20404505 -39.99 11.51 20.61 17.86 TRACK
16.316	>>> V 22.83 6.25
16.317	S 20404525 -39.55 11.78 21.98 16.49 TRACK
16.318	S 20404545 -39.11 12.04 21.98 13.74 TRACK
16.329	>>> V 22.83 3.58
16.354	>>> V 22.83 3.58
16.354	S 20404565 -38.58 12.30 21.98 12.37 TRACK
16.369	>>> V 22.85 3.12
16.370	S 20404585 -38.23 12.57 21.98 12.37 TRACK
16.390	>>> V 22.85 3.12
16.390	S 20404605 -37.71 12.83 21.98 12.37 TRACK
16.410	>>> V 22.85 3.12
16.411	S 20404625 -37.27 13.01 21.98 12.37 TRACK
16.429	>>> V 22.84 0.00
16.430	S 20404645 -36.83 13.01 21.98 10.99 TRACK
16.449	>>> V 22.84 0.00
16.452	S 20404665 -36.39 13.01 21.98 8.24 TRACK
16.472	>>> V 22.59 0.00
16.476	S 20404685 -35.95 13.01 21.98 4.12 TRACK
16.489	>>> V 23.44 0.00
16.490	S 20404705 -35.60 13.10 21.98 1.37 TRACK
16.508	>>> V 26.48 0.00
16.509	S 20404725 -35.07 13.10 21.98 0.00 TRACK
16.529	>>> V 26.48 0.00
16.530	S 20404745 -34.63 13.10 21.98 0.00 TRACK
16.549	>>> V 26.48 0.00
16.549	S 20404765 -34.19 13.01 21.98 0.00 TRACK
16.569	>>> V 0.00 0.00
16.570	S 20404785 -33.66 13.10 21.98 0.00 TRACK
16.589	>>> V 0.00 0.00
16.589	S 20404805 -33.13 13.10 23.36 0.00 TRACK
16.609	>>> V 0.00 0.00
16.609	S 20404825 -32.70 13.10 23.36 0.00 TRACK
16.631	>>> V 0.00 0.00
16.632	S 20404845 -32.26 13.10 23.36 0.00 TRACK
16.650	>>> V 0.00 0.00
16.650	S 20404865 -31.90 13.10 21.98 0.00 TRACK
16.668	>>> V 0.00 0.00
16.669	S 20404885 -31.73 13.10 19.24 0.00 TRACK
16.690	>>> V 0.00 0.00
16.690	S 20404905 -31.64 13.10 15.11 0.00 TRACK
16.711	>>> V 0.00 0.00
16.712	S 20404925 -31.64 13.10 9.62 0.00 TRACK
16.732	>>> V 0.00 0.00
16.732	S 20404945 -31.64 13.10 5.50 0.00 TRACK
16.749	>>> V 0.00 0.00
16.749	S 20404965 -31.55 13.10 1.37 0.00 TRACK
16.770	>>> V 0.00 0.00
16.771	S 20404985 -31.55 13.10 0.00 0.00 TRACK
16.789	>>> V 0.00 0.00
16.789	S 20405005 -31.64 13.10 0.00 0.00 TRACK
16.812	>>> V 0.00 0.00
16.813	S 20405025 -31.55 13.10 0.00 0.00 TRACK
16.829	>>> V 0.00 0.00
16.829	S 20405045 -31.55 13.10 0.00 0.00 TRACK
16.850	>>> V 0.00 0.00
16.850	S 20405065 -31.64 13.10 0.00 0.00 TRACK
16.868	>>> V 0.00 0.00
16.869	S 20405085 -31.64 13.10 0.00 0.00 TRACK
16.889	>>> V 0.00 0.00
16.890	S 20405105 -31.55 13.10 0.00 0.00 TRACK
16.909	>>> V 0.00 0.00
16.909	S 20405125 -31.64 13.10 0.00 0.00 TRACK
16.930	>>> V 0.00 0.00
16.930	S 20405145 -31.64 13.10 0.00 0.00 TRACK
16.949	>>> V 0.00 0.00
16.949	S 20405165 -31.64 13.10 0.00 0.00 TRACK
16.969	>>> V 0.00 0.00
16.971	S 20405185 -31.64 13.10 0.00 0.00 TRACK
16.990	>>> V 0.00 0.00
16.990	S 20405205 -31.55 13.10 0.00 0.00 TRACK
17.011	>>> V 0.00 0.00
17.012	S 20405225 -31.55 13.10 0.00 0.00 TRACK
17.029	>>> V 0.00 0.00
17.029	S 20405245 -31.64 13.10 0.00 0.00 TRACK
17.050	>>> V 0.00 0.00
17.050	S 20405265 -31.64 13.01 0.00 0.00 TRACK
17.069	>>> V 0.00 0.00
17.070	S 20405285 -31.64 13.10 0.00 0.00 TRACK
17.091	>>> V 0.00 0.00
17.092	S 20405305 -31.64 13.10 0.00 0.00 TRACK
17.110	>>> V 0.00 0.00
17.110	S 20405325 -31.55 13.10 0.00 0.00 TRACK
17.134	>>> V 0.00 0.00
17.134	S 20405345 -31.55 13.10 0.00 0.00 TRACK
17.149	>>> V 0.00 0.00
17.150	S 20405365 -31.64 13.10 0.00 0.00 TRACK
17.169	>>> V 0.00 0.00
17.169	S 20405385 -31.64 13.10 0.00 0.00 TRACK
17.189	>>> V 0.00 0.00
17.192	S 20405405 -31.64 13.10 0.00 0.00 TRACK
17.212	>>> V 45.28 10.36
17.213	S 20405425 -31.64 13.10 0.00 0.00 TRACK
17.231	>>> V 46.16 10.35
17.232	S 20405445 -31.55 13.10 0.00 0.00 TRACK
17.249	>>> V 46.16 10.35
17.249	S 20405465 -31.64 13.10 0.00 0.00 TRACK
17.269	>>> V 46.90 10.53
17.269	S 20405485 -31.55 13.10 0.00 0.00 TRACK
17.289	>>> V 46.90 10.53
17.290	S 20405505 -31.38 13.18 0.00 0.00 TRACK
17.309	>>> V 47.45 10.39
17.310	S 20405525 -31.11 13.45 2.75 1.37 TRACK
17.328	>>> V 47.45 10.39
17.331	S 20405545 -30.59 13.62 9.62 4.12 TRACK
17.352	>>> V 47.98 10.59
17.354	S 20405565 -30.06 13.89 16.49 6.87 TRACK
17.372	>>> V 47.98 10.59
17.372	S 20405585 -29.36 14.06 21.98 9.62 TRACK
17.389	>>> V 48.48 10.49
17.390	S 20405605 -28.56 14.33 28.85 9.62 TRACK
17.408	>>> V 48.48 10.49
17.409	S 20405625 -27.69 14.50 34.35 9.62 TRACK
17.429	>>> V 48.94 10.58
17.430	S 20405645 -26.72 14.77 39.85 10.99 TRACK
17.449	>>> V 48.94 10.58
17.449	S 20405665 -25.75 14.94 43.97 10.99 TRACK
17.470	>>> V 48.94 10.58
17.475	S 20405685 -24.70 15.21 46.72 10.99 TRACK
17.489	>>> V 49.39 10.49
17.489	S 20405705 -23.82 15.38 46.72 10.99 TRACK
17.511	>>> V 48.64 9.43
17.511	S 20405725 -22.94 15.56 46.72 9.62 TRACK
17.530	>>> V 48.64 9.43
17.531	S 20405745 -21.97 15.82 46.72 9.62 TRACK
17.548	>>> V 48.64 9.43
17.549	S 20405765 -20.92 16.00 46.72 9.62 TRACK
17.571	>>> V 46.88 8.36
17.574	S 20405785 -19.95 16.26 46.72 10.99 TRACK
17.590	>>> V 44.44 6.99
17.590	S 20405805 -18.90 16.44 48.09 10.99 TRACK
17.614	>>> V 41.51 5.74
17.614	S 20405825 -18.02 16.70 48.09 9.62 TRACK
17.635	>>> V 41.51 5.74
17.636	S 20405845 -16.96 16.87 49.46 9.62 TRACK
17.651	>>> V 41.51 5.74
17.655	S 20405865 -16.08 17.05 48.09 9.62 TRACK
17.669	>>> V 38.23 4.41
17.669	S 20405885 -15.21 17.14 46.72 8.24 TRACK
17.689	>>> V 31.85 0.00
17.690	S 20405905 -14.24 17.23 45.34 6.87 TRACK
17.714	>>> V 31.85 0.00
17.715	S 20405925 -13.45 17.40 43.97 6.87 TRACK
17.729	>>> V 28.58 0.00
17.730	S 20405945 -12.66 17.40 43.97 5.50 TRACK
17.750	>>> V 25.17 0.00
17.754	S 20405965 -11.95 17.49 41.22 4.12 TRACK
17.769	>>> V 25.17 0.00
17.770	S 20405985 -11.25 17.49 39.85 2.75 TRACK
17.789	>>> V 25.17 0.00
17.789	S 20406005 -10.63 17.49 37.10 1.37 TRACK
17.811	>>> V 21.85 0.00
17.812	S 20406025 -10.02 17.49 34.35 0.00 TRACK
17.831	>>> V 18.63 0.00
17.833	S 20406045 -9.49 17.40 31.60 0.00 TRACK
17.851	>>> V 18.63 0.00
17.851	S 20406065 -8.79 17.49 28.85 0.00 TRACK
17.872	>>> V 15.56 0.00
17.873	S 20406085 -8.35 17.49 27.48 0.00 TRACK
17.893	>>> V 15.56 0.00
17.897	S 20406105 -7.91 17.49 26.11 0.00 TRACK
17.911	>>> V 12.66 -3.21
17.912	S 20406125 -7.38 17.49 24.73 0.00 TRACK
17.932	>>> V 5.61 -4.07
17.932	S 20406145 -7.03 17.40 23.36 0.00 TRACK
17.949	>>> V 3.80 -4.15
17.949	S 20406166 -6.68 17.49 21.98 0.00 TRACK
17.976	>>> V 2.13 -4.21
17.976	S 20406186 -6.33 17.49 19.24 0.00 TRACK
17.991	>>> V 2.13 -4.21
17.992	S 20406206 -5.98 17.49 17.86 0.00 TRACK
18.010	>>> V 2.13 -4.21
18.010	S 20406226 -5.80 17.40 15.11 0.00 TRACK
18.030	>>> V 0.00 -4.14
18.030	S 20406246 -5.62 17.31 12.37 -1.37 TRACK
18.049	>>> V 0.00 -4.14
18.049	S 20406266 -5.54 17.31 9.62 -1.37 TRACK
18.071	>>> V 0.00 -4.14
18.072	S 20406286 -5.45 17.23 6.87 -2.75 TRACK
18.092	>>> V 0.00 -4.17
18.094	S 20406306 -5.45 17.14 4.12 -2.75 TRACK
18.111	>>> V 0.00 -4.17
18.112	S 20406326 -5.45 17.05 2.75 -2.75 TRACK
18.134	>>> V -2.41 -4.15
18.135	S 20406346 -5.45 16.96 1.37 -2.75 TRACK
18.154	>>> V -2.86 -3.88
18.154	S 20406366 -5.45 16.87 0.00 -4.12 TRACK
18.177	>>> V -2.86 -3.88
18.179	S 20406386 -5.45 16.79 0.00 -4.12 TRACK
18.182	S 20406406 -5.45 16.61 0.00 -4.12 TRACK
18.193	>>> V -3.13 -3.56
18.210	>>> V -3.11 -3.21
18.210	S 20406426 -5.45 16.52 0.00 -4.12 TRACK
18.231	>>> V -3.11 -3.21
18.231	S 20406446 -5.45 16.52 0.00 -4.12 TRACK
18.249	>>> V -3.11 -3.21
18.249	S 20406466 -5.54 16.44 0.00 -2.75 TRACK
18.273	>>> V -3.11 -2.85
18.274	S 20406486 -5.62 16.35 -1.37 -2.75 TRACK
18.291	>>> V -3.11 -2.85
18.291	S 20406506 -5.71 16.26 -2.75 -2.75 TRACK
18.313	>>> V -3.11 0.00
18.314	S 20406526 -5.80 16.17 -2.75 -2.75 TRACK
18.334	>>> V -3.11 0.00
18.335	S 20406546 -5.80 16.17 -2.75 -2.75 TRACK
18.353	>>> V -3.11 0.00
18.354	S 20406566 -5.80 16.17 -1.37 -1.37 TRACK
18.370	>>> V -3.11 0.00
18.370	S 20406586 -5.80 16.17 0.00 -1.37 TRACK
18.390	>>> V -2.89 0.00
18.391	S 20406606 -5.89 16.17 0.00 0.00 TRACK
18.410	>>> V -2.59 0.00
18.411	S 20406626 -5.98 16.17 -1.37 0.00 TRACK
18.431	>>> V -2.59 0.00
18.432	S 20406646 -6.24 16.17 -2.75 0.00 TRACK
18.449	>>> V -2.59 0.00
18.449	S 20406666 -6.24 16.17 -4.12 0.00 TRACK
18.473	>>> V -2.42 0.00
18.475	S 20406686 -6.24 16.17 -2.75 0.00 TRACK
18.489	>>> V -2.41 0.00
18.489	S 20406706 -6.24 16.17 -1.37 0.00 TRACK
18.509	>>> V -2.28 0.00
18.512	S 20406726 -6.33 16.17 -1.37 0.00 TRACK
18.531	>>> V -2.28 0.00
18.534	S 20406746 -6.42 16.17 -1.37 0.00 TRACK
18.555	>>> V -1.95 0.00
18.556	S 20406766 -6.50 16.17 -1.37 0.00 TRACK
18.569	>>> V -1.95 0.00
18.571	S 20406786 -6.50 16.17 -2.75 0.00 TRACK
18.591	>>> V -1.95 0.00
18.592	S 20406806 -6.59 16.17 -2.75 0.00 TRACK
18.612	>>> V 0.00 0.00
18.613	S 20406826 -6.68 16.17 -2.75 0.00 TRACK
18.629	>>> V 0.00 0.00
18.630	S 20406846 -6.68 16.17 -2.75 0.00 TRACK
18.652	>>> V 0.00 0.00
18.652	S 20406866 -6.68 16.17 -1.37 0.00 TRACK
18.673	>>> V 0.00 0.00
18.673	S 20406886 -6.68 16.17 0.00 0.00 TRACK
18.693	>>> V 0.00 0.00
18.694	S 20406906 -6.68 16.17 0.00 0.00 TRACK
18.709	>>> V 0.00 0.00
18.711	S 20406926 -6.68 16.17 0.00 0.00 TRACK
18.729	>>> V 0.00 0.00
18.730	S 20406946 -6.68 16.17 0.00 0.00 TRACK
18.753	>>> V 0.00 0.00
18.755	S 20406966 -6.68 16.17 0.00 0.00 TRACK
18.769	>>> V 0.00 0.00
18.770	S 20406986 -6.68 16.17 0.00 0.00 TRACK
18.790	>>> V 0.00 0.00
18.791	S 20407006 -6.68 16.26 0.00 0.00 TRACK
18.809	>>> V 0.00 0.00
18.810	S 20407026 -6.68 16.17 0.00 0.00 TRACK
18.830	>>> V 0.00 0.00
18.832	S 20407046 -6.68 16.17 0.00 0.00 TRACK
18.851	>>> V 0.00 0.00
18.852	S 20407066 -6.68 16.17 0.00 0.00 TRACK
18.869	>>> V 0.00 0.00
18.872	S 20407086 -6.68 16.17 0.00 0.00 TRACK
18.893	>>> V 0.00 0.00
18.893	S 20407106 -6.59 16.17 0.00 0.00 TRACK
18.909	>>> V 0.00 0.00
18.909	S 20407126 -6.68 16.17 0.00 0.00 TRACK
18.930	>>> V 0.00 0.00
18.932	S 20407146 -6.59 16.17 0.00 0.00 TRACK
18.950	>>> V 0.00 0.00
18.951	S 20407166 -6.68 16.17 0.00 0.00 TRACK
18.969	>>> V 0.00 0.00
18.970	S 20407186 -6.68 16.17 0.00 0.00 TRACK
18.989	>>> V 0.00 0.00
18.990	S 20407206 -6.68 16.17 0.00 0.00 TRACK
19.009	>>> V 0.00 0.00
19.012	S 20407226 -6.59 16.17 0.00 0.00 TRACK
19.030	>>> V 0.00 0.00
19.032	S 20407246 -6.68 16.17 0.00 0.00 TRACK
19.050	>>> V 0.00 0.00
19.051	S 20407266 -6.68 16.17 0.00 0.00 TRACK
19.070	>>> V 0.00 0.00
19.070	S 20407286 -6.68 16.17 0.00 0.00 TRACK
19.089	>>> V 0.00 0.00
19.089	S 20407306 -6.68 16.17 0.00 0.00 TRACK
19.111	>>> V 0.00 0.00
19.112	S 20407326 -6.68 16.17 0.00 0.00 TRACK
19.129	>>> V 0.00 0.00
19.129	S 20407346 -6.68 16.17 0.00 0.00 TRACK
19.151	>>> V 0.00 0.00
19.152	S 20407366 -6.68 16.17 0.00 0.00 TRACK
19.169	>>> V 0.00 0.00
19.170	S 20407386 -6.68 16.17 0.00 0.00 TRACK
19.190	>>> V 0.00 0.00
19.191	S 20407406 -6.68 16.17 0.00 0.00 TRACK
19.209	>>> V 0.00 0.00
19.210	S 20407426 -6.68 16.17 0.00 0.00 TRACK
19.229	>>> V 0.00 0.00
19.229	S 20407446 -6.68 16.17 0.00 0.00 TRACK
19.249	>>> V 0.00 0.00
19.250	S 20407466 -6.59 16.17 0.00 0.00 TRACK
19.269	>>> V 0.00 0.00
19.269	S 20407486 -6.68 16.17 0.00 0.00 TRACK
19.290	>>> V 0.00 0.00
19.292	S 20407506 -6.68 16.17 0.00 0.00 TRACK
19.309	>>> V 0.00 0.00
19.310	S 20407526 -6.68 16.17 0.00 0.00 TRACK
19.330	>>> V 0.00 0.00
19.330	S 20407546 -6.68 16.17 0.00 0.00 TRACK
19.349	>>> V 0.00 0.00
19.350	S 20407566 -6.59 16.17 0.00 0.00 TRACK
19.372	>>> V 0.00 0.00
19.372	S 20407586 -6.68 16.17 0.00 0.00 TRACK
19.391	>>> V 0.00 0.00
19.391	S 20407606 -6.68 16.17 0.00 0.00 TRACK
19.411	>>> V -1.83 0.00
19.412	S 20407626 -6.68 16.17 0.00 0.00 TRACK
19.431	>>> V -1.83 0.00
19.431	S 20407646 -6.59 16.17 0.00 0.00 TRACK
19.450	>>> V -1.92 0.00
19.451	S 20407666 -6.59 16.17 0.00 0.00 TRACK
19.469	>>> V -1.92 0.00
19.470	S 20407686 -6.68 16.17 0.00 0.00 TRACK
19.490	>>> V -1.92 0.00
19.494	S 20407706 -6.68 16.17 0.00 0.00 TRACK
19.510	>>> V -1.97 0.00
19.511	S 20407726 -6.68 16.17 0.00 0.00 TRACK
19.532	>>> V -2.07 0.00
19.532	S 20407746 -6.77 16.17 0.00 0.00 TRACK
19.549	>>> V -2.44 0.00
19.550	S 20407766 -6.86 16.17 -1.37 0.00 TRACK
19.571	>>> V -2.50 0.00
19.574	S 20407786 -6.86 16.17 -1.37 0.00 TRACK
19.589	>>> V -2.48 0.00
19.589	S 20407806 -6.86 16.17 -1.37 0.00 TRACK
19.611	>>> V -2.48 0.00
19.611	S 20407826 -6.86 16.17 0.00 0.00 TRACK
19.630	>>> V -2.48 0.00
19.631	S 20407846 -7.03 16.17 -1.37 0.00 TRACK
19.652	>>> V -2.34 0.00
19.653	S 20407866 -7.03 16.17 -1.37 0.00 TRACK
19.670	>>> V -2.34 0.00
19.670	S 20407886 -7.12 16.17 -2.75 0.00 TRACK
19.691	>>> V -2.44 0.00
19.693	S 20407906 -7.21 16.17 -2.75 0.00 TRACK
19.710	>>> V -2.47 0.00
19.711	S 20407926 -7.21 16.17 -2.75 0.00 TRACK
19.731	>>> V -2.47 0.00
19.731	S 20407946 -7.29 16.26 -1.37 0.00 TRACK
19.748	>>> V -2.43 0.00
19.749	S 20407966 -7.29 16.17 -1.37 0.00 TRACK
19.771	>>> V -2.43 0.00
19.772	S 20407986 -7.38 16.17 -1.37 0.00 TRACK
19.790	>>> V -2.41 0.00
19.790	S 20408006 -7.47 16.17 -2.75 0.00 TRACK
19.808	>>> V -2.41 0.00
19.811	S 20408026 -7.56 16.17 -2.75 0.00 TRACK
19.829	>>> V -2.63 0.00
19.830	S 20408046 -7.56 16.17 -2.75 0.00 TRACK
19.849	>>> V -2.63 0.00
19.849	S 20408066 -7.56 16.17 -1.37 0.00 TRACK
19.869	>>> V -2.86 0.00
19.871	S 20408086 -7.65 16.17 -1.37 0.00 TRACK
19.889	>>> V -2.86 0.00
19.889	S 20408106 -7.73 16.17 -1.37 0.00 TRACK
19.910	>>> V -3.13 0.00
19.911	S 20408126 -7.82 16.17 -2.75 0.00 TRACK
19.929	>>> V -3.13 0.00
19.931	S 20408146 -7.91 16.17 -2.75 0.00 TRACK
19.949	>>> V -3.58 0.00
19.950	S 20408166 -7.91 16.17 -2.75 0.00 TRACK
19.972	>>> V -3.58 0.00
19.974	S 20408186 -7.91 16.17 -1.37 0.00 TRACK
19.992	>>> V -4.02 0.00
19.992	S 20408206 -8.00 16.17 -1.37 0.00 TRACK
20.009	>>> V -4.02 0.00
20.011	S 20408226 -8.09 16.17 -1.37 0.00 TRACK
20.031	>>> V -4.28 0.00
20.031	S 20408246 -8.26 16.17 -2.75 0.00 TRACK
20.052	>>> V -4.28 0.00
20.053	S 20408266 -8.26 16.17 -4.12 0.00 TRACK
20.069	>>> V -4.28 0.00
20.069	S 20408286 -8.35 16.17 -4.12 0.00 TRACK
20.089	>>> V -6.04 -3.31
20.089	S 20408306 -8.44 16.17 -4.12 0.00 TRACK
20.111	>>> V -6.59 -3.78
20.111	S 20408326 -8.53 16.17 -4.12 0.00 TRACK
20.129	>>> V -6.59 -3.78
20.130	S 20408346 -8.61 16.17 -4.12 0.00 TRACK
20.149	>>> V -7.31 -4.62
20.151	S 20408366 -8.70 16.08 -4.12 0.00 TRACK
20.168	>>> V -7.31 -4.62
20.169	S 20408386 -8.88 16.00 -4.12 -1.37 TRACK
20.189	>>> V -8.13 -5.45
20.191	S 20408406 -9.05 15.91 -4.12 -2.75 TRACK
20.209	>>> V -8.13 -5.45
20.209	S 20408426 -9.14 15.82 -4.12 -2.75 TRACK
20.231	>>> V -8.88 -6.34
20.231	S 20408446 -9.23 15.73 -4.12 -2.75 TRACK
20.250	>>> V -8.88 -6.34
20.251	S 20408466 -9.40 15.64 -4.12 -2.75 TRACK
20.273	>>> V -9.48 -7.14
20.276	S 20408486 -9.58 15.56 -5.50 -4.12 TRACK
20.289	>>> V -9.48 -7.14
20.290	S 20408506 -9.76 15.47 -6.87 -4.12 TRACK
20.309	>>> V -9.99 -7.99
20.310	S 20408526 -9.93 15.38 -6.87 -4.12 TRACK
20.328	>>> V -9.99 -7.99
20.329	S 20408546 -10.11 15.21 -8.24 -4.12 TRACK
20.349	>>> V -10.25 -8.84
20.350	S 20408566 -10.28 15.03 -8.24 -5.50 TRACK
20.374	>>> V -10.47 -9.75
20.374	S 20408586 -10.46 14.85 -8.24 -5.50 TRACK
20.393	>>> V -10.47 -9.75
20.394	S 20408606 -10.72 14.77 -8.24 -6.87 TRACK
20.409	>>> V -10.48 -10.74
20.410	S 20408626 -10.81 14.59 -8.24 -6.87 TRACK
20.433	>>> V -10.48 -10.74
20.435	S 20408646 -11.07 14.41 -8.24 -6.87 TRACK
20.449	>>> V -10.48 -10.74
20.450	S 20408666 -11.25 14.15 -8.24 -8.24 TRACK
20.469	>>> V -10.13 -12.57
20.471	S 20408686 -11.43 13.97 -8.24 -8.24 TRACK
20.493	>>> V -10.13 -12.57
20.496	S 20408706 -11.69 13.80 -9.62 -8.24 TRACK
20.512	>>> V -9.66 -13.48
20.512	S 20408726 -11.87 13.62 -9.62 -8.24 TRACK
20.530	>>> V -9.66 -13.48
20.533	S 20408746 -12.04 13.45 -9.62 -8.24 TRACK
20.553	>>> V -8.97 -14.27
20.557	S 20408766 -12.22 13.10 -9.62 -9.62 TRACK
20.569	>>> V -8.97 -14.27
20.570	S 20408786 -12.48 12.92 -9.62 -10.99 TRACK
20.589	>>> V -8.13 -15.16
20.592	S 20408806 -12.74 12.66 -9.62 -10.99 TRACK
20.613	>>> V -7.16 -16.00
20.613	S 20408826 -12.83 12.39 -9.62 -10.99 TRACK
20.630	>>> V -7.16 -16.00
20.631	S 20408846 -13.10 12.13 -9.62 -12.37 TRACK
20.650	>>> V -5.97 -17.09
20.652	S 20408866 -13.18 11.78 -9.62 -12.37 TRACK
20.670	>>> V -5.97 -17.09
20.672	S 20408886 -13.36 11.51 -9.62 -12.37 TRACK
20.690	>>> V -4.64 -17.78
20.690	S 20408906 -13.45 11.16 -8.24 -13.74 TRACK
20.708	>>> V -4.64 -17.78
20.709	S 20408926 -13.62 10.81 -6.87 -13.74 TRACK
20.737	>>> V -3.21 -18.22
20.740	S 20408946 -13.71 10.46 -6.87 -15.11 TRACK
20.743	S 20408966 -13.80 10.20 -5.50 -15.11 TRACK
20.752	>>> V -3.21 -18.22
20.772	>>> V 0.00 -18.57
20.773	S 20408986 -13.89 9.84 -5.50 -16.49 TRACK
20.791	>>> V 0.00 -18.31
20.794	S 20409006 -14.06 9.49 -4.12 -16.49 TRACK
20.810	>>> V 0.00 -18.31
20.811	S 20409026 -14.15 9.14 -4.12 -16.49 TRACK
20.831	>>> V 0.00 -17.81
20.833	S 20409046 -14.15 8.79 -4.12 -16.49 TRACK
20.852	>>> V 3.06 -16.69
20.852	S 20409066 -14.15 8.44 -2.75 -16.49 TRACK
20.870	>>> V 3.06 -16.69
20.874	S 20409086 -14.15 8.09 -1.37 -16.49 TRACK
20.890	>>> V 3.06 -16.69
20.890	S 20409106 -14.15 7.73 0.00 -16.49 TRACK
20.911	>>> V 6.54 -13.42
20.912	S 20409126 -14.15 7.38 0.00 -16.49 TRACK
20.932	>>> V 6.54 -13.42
20.933	S 20409146 -14.15 7.03 0.00 -16.49 TRACK
20.949	>>> V 6.54 -13.42
20.952	S 20409166 -14.06 6.68 0.00 -16.49 TRACK
20.971	>>> V 8.36 -11.14
20.972	S 20409186 -13.97 6.33 0.00 -16.49 TRACK
20.990	>>> V 9.83 -8.54
20.990	S 20409206 -13.89 6.06 2.75 -16.49 TRACK
21.011	>>> V 12.36 -3.39
21.011	S 20409226 -13.71 5.71 4.12 -15.11 TRACK
21.029	>>> V 13.32 0.00
21.030	S 20409246 -13.62 5.45 5.50 -15.11 TRACK
21.051	>>> V 13.32 0.00
21.051	S 20409266 -13.45 5.27 5.50 -13.74 TRACK
21.075	>>> V 13.32 0.00
21.075	S 20409286 -13.18 5.10 6.87 -12.37 TRACK
21.093	>>> V 13.74 0.00
21.094	S 20409306 -13.10 5.01 8.24 -9.62 TRACK
21.110	>>> V 13.74 0.00
21.111	S 20409326 -12.74 4.92 9.62 -8.24 TRACK
21.130	>>> V 14.03 4.92
21.131	S 20409346 -12.57 4.92 9.62 -5.50 TRACK
21.150	>>> V 13.80 7.59
21.151	S 20409366 -12.30 4.92 10.99 -2.75 TRACK
21.169	>>> V 13.80 7.59
21.169	S 20409386 -12.04 4.92 12.37 0.00 TRACK
21.190	>>> V 13.33 9.92
21.191	S 20409406 -11.78 5.01 12.37 0.00 TRACK
21.212	>>> V 13.33 9.92
21.213	S 20409426 -11.60 5.10 12.37 0.00 TRACK
21.229	>>> V 12.42 12.09
21.229	S 20409446 -11.34 5.19 10.99 2.75 TRACK
21.255	>>> V 11.24 14.12
21.256	S 20409466 -10.99 5.45 12.37 4.12 TRACK
21.271	>>> V 11.24 14.12
21.271	S 20409486 -10.72 5.54 12.37 5.50 TRACK
21.288	>>> V 11.24 14.12
21.290	S 20409506 -10.46 5.62 13.74 5.50 TRACK
21.314	>>> V 10.07 16.05
21.314	S 20409526 -10.20 5.80 13.74 5.50 TRACK
21.332	>>> V 10.07 16.05
21.334	S 20409546 -9.93 6.06 13.74 6.87 TRACK
21.349	>>> V 7.31 19.47
21.350	S 20409566 -9.76 6.42 12.37 9.62 TRACK
21.371	>>> V 7.31 19.47
21.375	S 20409586 -9.58 6.68 10.99 12.37 TRACK
21.391	>>> V 5.85 20.77
21.391	S 20409606 -9.32 7.03 9.62 13.74 TRACK
21.410	>>> V 5.85 20.77
21.412	S 20409626 -9.14 7.29 9.62 15.11 TRACK
21.437	>>> V 4.49 21.14
21.438	S 20409646 -8.88 7.73 9.62 15.11 TRACK
21.452	>>> V 4.49 21.14
21.452	S 20409666 -8.70 8.09 8.24 16.49 TRACK
21.477	>>> V 3.52 21.06
21.477	S 20409686 -8.61 8.44 6.87 16.49 TRACK
21.490	>>> V 3.52 21.06
21.491	S 20409706 -8.53 8.88 6.87 17.86 TRACK
21.511	>>> V 3.52 21.06
21.512	S 20409726 -8.44 9.23 5.50 17.86 TRACK
21.529	>>> V 0.00 20.04
21.531	S 20409746 -8.26 9.76 5.50 19.24 TRACK
21.549	>>> V 0.00 20.04
21.550	S 20409766 -8.17 10.11 4.12 19.24 TRACK
21.580	>>> V 0.00 19.11
21.580	S 20409786 -8.09 10.55 4.12 20.61 TRACK
21.582	S 20409806 -8.09 10.99 4.12 20.61 TRACK
21.589	>>> V 0.00 19.11
21.615	>>> V 0.00 19.11
21.616	S 20409826 -8.09 11.43 2.75 20.61 TRACK
21.635	>>> V 0.00 18.02
21.635	S 20409846 -8.17 11.78 0.00 20.61 TRACK
21.655	>>> V 0.00 16.78
21.656	S 20409866 -8.09 12.22 0.00 20.61 TRACK
21.674	>>> V 0.00 16.78
21.675	S 20409886 -8.17 12.57 0.00 19.24 TRACK
21.689	>>> V 0.00 15.39
21.690	S 20409906 -8.09 13.01 0.00 19.24 TRACK
21.710	>>> V 0.00 15.39
21.711	S 20409926 -8.09 13.45 0.00 19.24 TRACK
21.731	>>> V 0.00 13.93
21.731	S 20409946 -8.09 13.80 0.00 19.24 TRACK
21.753	>>> V 0.00 13.93
21.754	S 20409966 -8.09 14.24 0.00 19.24 TRACK
21.772	>>> V 0.00 12.38
21.773	S 20409986 -8.09 14.50 0.00 19.24 TRACK
21.793	>>> V 0.00 10.87
21.793	S 20410006 -8.09 14.77 0.00 17.86 TRACK
21.813	>>> V 0.00 10.87
21.813	S 20410026 -8.09 15.03 0.00 15.11 TRACK
21.829	>>> V 0.00 10.87
21.829	S 20410046 -8.17 15.29 0.00 13.74 TRACK
21.849	>>> V 0.00 7.71
21.849	S 20410066 -8.09 15.47 0.00 10.99 TRACK
21.870	>>> V 0.00 7.71
21.872	S 20410086 -8.09 15.82 0.00 10.99 TRACK
21.889	>>> V 0.00 6.04
21.889	S 20410106 -8.17 16.00 0.00 10.99 TRACK
21.910	>>> V 0.00 6.04
21.910	S 20410126 -8.09 16.17 0.00 10.99 TRACK
21.932	>>> V 0.00 6.04
21.932	S 20410146 -8.09 16.35 0.00 10.99 TRACK
21.951	>>> V 0.00 4.72
21.952	S 20410166 -8.17 16.52 0.00 9.62 TRACK
21.969	>>> V 0.00 0.00
21.969	S 20410186 -8.17 16.61 0.00 8.24 TRACK
21.990	>>> V 0.00 0.00
21.991	S 20410206 -8.09 16.79 0.00 6.87 TRACK
22.009	>>> V 0.00 0.00
22.010	S 20410226 -8.09 16.87 0.00 5.50 TRACK
22.029	>>> V 0.00 0.00
22.029	S 20410246 -8.09 16.87 0.00 4.12 TRACK
22.052	>>> V 0.00 0.00
22.053	S 20410266 -8.17 16.87 0.00 2.75 TRACK
22.071	>>> V 0.00 0.00
22.073	S 20410286 -8.09 16.87 0.00 1.37 TRACK
22.091	>>> V 0.00 0.00
22.091	S 20410306 -8.09 16.87 0.00 0.00 TRACK
22.109	>>> V 0.00 0.00
22.109	S 20410326 -8.17 16.87 0.00 0.00 TRACK
22.136	>>> V 0.00 0.00
22.136	S 20410346 -8.17 16.96 0.00 0.00 TRACK
22.149	>>> V 0.00 0.00
22.149	S 20410366 -8.09 16.87 0.00 0.00 TRACK
22.175	>>> V 0.00 0.00
22.176	S 20410386 -8.17 16.87 0.00 0.00 TRACK
22.190	>>> V 0.00 0.00
22.190	S 20410406 -8.09 16.87 0.00 0.00 TRACK
22.210	>>> V 0.00 0.00
22.213	S 20410426 -8.09 16.87 0.00 0.00 TRACK
22.231	>>> V 0.00 0.00
22.232	S 20410446 -8.17 16.87 0.00 0.00 TRACK
22.249	>>> V 0.00 0.00
22.250	S 20410466 -8.09 16.87 0.00 0.00 TRACK
22.270	>>> V 0.00 0.00
22.270	S 20410486 -8.09 16.96 0.00 0.00 TRACK
22.292	>>> V 0.00 0.00
22.293	S 20410506 -8.17 16.87 0.00 0.00 TRACK
22.309	>>> V 0.00 0.00
22.309	S 20410526 -8.09 16.87 0.00 0.00 TRACK
22.332	>>> V 0.00 0.00
22.334	S 20410546 -8.09 16.87 0.00 0.00 TRACK
22.349	>>> V 0.00 0.00
22.349	S 20410566 -8.17 16.96 0.00 0.00 TRACK
22.369	>>> V 0.00 0.00
22.371	S 20410586 -8.09 16.96 0.00 0.00 TRACK
22.389	>>> V 0.00 0.00
22.389	S 20410606 -8.17 16.87 0.00 0.00 TRACK
22.409	>>> V 0.00 0.00
22.409	S 20410626 -8.17 16.96 0.00 0.00 TRACK
22.431	>>> V 0.00 0.00
22.432	S 20410646 -8.17 16.87 0.00 0.00 TRACK
22.452	>>> V 0.00 0.00
22.453	S 20410666 -8.09 16.87 0.00 0.00 TRACK
22.470	>>> V 0.00 0.00
22.471	S 20410686 -8.09 16.87 0.00 0.00 TRACK
22.490	>>> V 0.00 0.00
22.491	S 20410706 -8.09 16.87 0.00 0.00 TRACK
22.512	>>> V 0.00 0.00
22.512	S 20410726 -8.17 16.87 0.00 0.00 TRACK
22.531	>>> V 0.00 0.00
22.533	S 20410746 -8.17 16.96 0.00 0.00 TRACK
22.548	>>> V 0.00 0.00
22.549	S 20410766 -8.09 16.87 0.00 0.00 TRACK
22.568	>>> V 0.00 0.00
22.569	S 20410786 -8.09 16.96 0.00 0.00 TRACK
22.588	>>> V 0.00 0.00
22.589	S 20410806 -8.09 16.96 0.00 0.00 TRACK
22.608	>>> V 0.00 0.00
22.609	S 20410826 -8.09 16.87 0.00 0.00 TRACK
22.629	>>> V 0.00 0.00
22.630	S 20410846 -8.17 16.87 0.00 0.00 TRACK
22.651	>>> V 0.00 0.00
22.651	S 20410866 -8.17 16.96 0.00 0.00 TRACK
22.671	>>> V 0.00 0.00
22.671	S 20410886 -8.09 16.87 0.00 0.00 TRACK
22.691	>>> V 0.00 0.00
22.692	S 20410906 -8.09 16.96 0.00 0.00 TRACK
22.715	>>> V 0.00 0.00
22.715	S 20410926 -8.17 16.96 0.00 0.00 TRACK
22.729	>>> V 0.00 0.00
22.730	S 20410946 -8.09 16.96 0.00 0.00 TRACK
22.751	>>> V 0.00 0.00
22.752	S 20410966 -8.09 16.96 0.00 0.00 TRACK
22.769	>>> V 0.00 0.00
22.770	S 20410986 -8.17 16.96 0.00 0.00 TRACK
22.789	>>> V 0.00 0.00
22.790	S 20411006 -8.17 16.96 0.00 0.00 TRACK
22.809	>>> V 0.00 0.00
22.810	S 20411026 -8.09 16.87 0.00 0.00 TRACK
22.828	>>> V 0.00 0.00
22.830	S 20411046 -8.09 16.96 0.00 0.00 TRACK
22.850	>>> V 0.00 0.00
22.850	S 20411066 -8.09 16.96 0.00 0.00 TRACK
22.876	>>> V 0.00 0.00
22.880	S 20411086 -8.17 16.87 0.00 0.00 TRACK
22.881	S 20411106 -8.09 16.96 0.00 0.00 TRACK
22.892	>>> V 0.00 0.00
22.909	>>> V 0.00 0.00
22.910	S 20411126 -8.09 16.87 0.00 0.00 TRACK
22.929	>>> V 0.00 0.00
22.931	S 20411146 -8.17 16.87 0.00 0.00 TRACK
22.949	>>> V 0.00 0.00
22.949	S 20411166 -8.17 16.96 0.00 0.00 TRACK
22.971	>>> V 0.00 0.00
22.974	S 20411186 -8.09 16.87 0.00 0.00 TRACK
22.993	>>> V 0.00 0.00
22.995	S 20411206 -8.17 16.96 0.00 0.00 TRACK
23.010	>>> V 0.00 0.00
23.012	S 20411226 -8.17 16.87 0.00 0.00 TRACK
23.033	>>> V 0.00 0.00
23.037	S 20411246 -8.09 16.96 0.00 0.00 TRACK
23.050	>>> V 0.00 0.00
23.051	S 20411266 -8.09 16.87 0.00 0.00 TRACK
23.073	>>> V 0.00 0.00
23.074	S 20411286 -8.09 16.96 0.00 0.00 TRACK
23.090	>>> V 0.00 0.00
23.090	S 20411306 -8.17 16.96 0.00 0.00 TRACK
23.109	>>> V 0.00 0.00
23.112	S 20411326 -8.17 16.96 0.00 0.00 TRACK
23.130	>>> V 0.00 0.00
23.130	S 20411346 -8.09 16.96 0.00 0.00 TRACK
23.148	>>> V 0.00 0.00
23.149	S 20411366 -8.17 16.96 0.00 0.00 TRACK
23.169	>>> V 0.00 0.00
23.169	S 20411386 -8.17 16.96 0.00 0.00 TRACK
23.192	>>> V 0.00 0.00
23.193	S 20411406 -8.17 16.96 0.00 0.00 TRACK
23.212	>>> V 0.00 0.00
23.214	S 20411426 -8.17 16.87 0.00 0.00 TRACK
23.233	>>> V 0.00 0.00
23.234	S 20411446 -8.09 16.96 0.00 0.00 TRACK
23.248	>>> V 0.00 0.00
23.249	S 20411466 -8.09 16.96 0.00 0.00 TRACK
23.270	>>> V 0.00 0.00
23.270	S 20411486 -8.09 16.96 0.00 0.00 TRACK
23.289	>>> V 0.00 0.00
23.289	S 20411506 -8.09 16.96 0.00 0.00 TRACK
23.310	>>> V 0.00 0.00
23.312	S 20411526 -8.09 16.87 0.00 0.00 TRACK
23.332	>>> V 0.00 0.00
23.333	S 20411546 -8.09 16.96 0.00 0.00 TRACK
23.351	>>> V 0.00 0.00
23.351	S 20411566 -8.17 16.87 0.00 0.00 TRACK
23.371	>>> V 0.00 0.00
23.373	S 20411586 -8.17 16.96 0.00 0.00 TRACK
23.390	>>> V 0.00 0.00
23.390	S 20411606 -8.17 16.87 0.00 0.00 TRACK
23.419	>>> V 0.00 0.00
23.420	S 20411626 -8.09 16.87 0.00 0.00 TRACK
23.422	S 20411646 -8.17 16.96 0.00 0.00 TRACK
23.429	>>> V 0.00 0.00
23.450	>>> V 0.00 0.00
23.451	S 20411666 -8.17 16.96 0.00 0.00 TRACK
23.474	>>> V 0.00 0.00
23.474	S 20411686 -8.09 16.96 0.00 0.00 TRACK
23.491	>>> V 0.00 0.00
23.491	S 20411706 -8.17 16.87 0.00 0.00 TRACK
23.509	>>> V 0.00 0.00
23.511	S 20411726 -8.09 16.96 0.00 0.00 TRACK
23.530	>>> V 0.00 0.00
23.532	S 20411746 -8.17 16.96 0.00 0.00 TRACK
23.550	>>> V 0.00 0.00
23.550	S 20411766 -8.17 16.96 0.00 0.00 TRACK
23.569	>>> V 0.00 0.00
23.569	S 20411786 -8.17 16.96 0.00 0.00 TRACK
23.589	>>> V 0.00 0.00
23.590	S 20411806 -8.09 16.96 0.00 0.00 TRACK
23.611	>>> V 0.00 0.00
23.611	S 20411826 -8.09 16.96 0.00 0.00 TRACK
23.629	>>> V 0.00 0.00
23.629	S 20411846 -8.09 16.87 0.00 0.00 TRACK
23.652	>>> V 0.00 0.00
23.652	S 20411866 -8.09 16.96 0.00 0.00 TRACK
23.669	>>> V 0.00 0.00
23.670	S 20411886 -8.09 16.87 0.00 0.00 TRACK
23.689	>>> V 0.00 0.00
23.689	S 20411906 -8.17 16.96 0.00 0.00 TRACK
23.712	>>> V 0.00 0.00
23.712	S 20411926 -8.09 16.96 0.00 0.00 TRACK
23.729	>>> V 0.00 0.00
23.729	S 20411946 -8.09 16.96 0.00 0.00 TRACK
23.750	>>> V 0.00 0.00
23.750	S 20411966 -8.09 16.96 0.00 0.00 TRACK
23.769	>>> V 0.00 0.00
23.769	S 20411986 -8.09 16.96 0.00 0.00 TRACK
23.792	>>> V 0.00 0.00
23.792	S 20412006 -8.17 16.96 0.00 0.00 TRACK
23.812	>>> V 0.00 0.00
23.815	S 20412026 -8.17 16.96 0.00 0.00 TRACK
23.831	>>> V 0.00 0.00
23.833	S 20412046 -8.09 16.87 0.00 0.00 TRACK
23.851	>>> V 0.00 0.00
23.853	S 20412066 -8.09 16.96 0.00 0.00 TRACK
23.871	>>> V 0.00 0.00
23.872	S 20412086 -8.17 16.87 0.00 0.00 TRACK
23.889	>>> V 0.00 0.00
23.891	S 20412106 -8.17 16.87 0.00 0.00 TRACK
23.912	>>> V 0.00 0.00
23.915	S 20412126 -8.17 16.96 0.00 0.00 TRACK
23.929	>>> V 0.00 0.00
23.929	S 20412146 -8.09 16.96 0.00 0.00 TRACK
23.949	>>> V 0.00 0.00
23.949	S 20412166 -8.17 16.87 0.00 0.00 TRACK
23.970	>>> V 0.00 0.00
23.970	S 20412186 -8.17 16.96 0.00 0.00 TRACK
23.988	>>> V 0.00 0.00
23.989	S 20412206 -8.09 16.96 0.00 0.00 TRACK
24.009	>>> V 0.00 0.00
24.010	S 20412226 -8.17 16.96 0.00 0.00 TRACK
24.028	>>> X
