[INFO] [launch]: All log files can be found below /home/pa23/.ros/log/2026-10-08-16-52-41-824257-pa23-18666
[INFO] [launch]: Default logging verbosity is set to INFO
[INFO] [launch.user]: 🚀 Launching as Normal ROS Node
[INFO] [realsense2_camera_node-1]: process started with pid [18675]
[INFO] [target_detector-2]: process started with pid [18676]
[realsense2_camera_node-1] [0m[INFO] [1791445962.594030487] [camera.camera]: RealSense ROS v4.58.4[0m
[realsense2_camera_node-1] [0m[INFO] [1791445962.594265819] [camera.camera]: Built with LibRealSense v2.58.4[0m
[realsense2_camera_node-1] [0m[INFO] [1791445962.594374244] [camera.camera]: Running with LibRealSense v2.58.4[0m
[realsense2_camera_node-1]  08/10 16:52:42,597 WARNING [281473055385888] (context.cpp:41) No valid configuration file found at : /home/pa23/.realsense-config.json loading defaults
[realsense2_camera_node-1] [0m[INFO] [1791445962.757382270] [camera.camera]: Device with serial number 261822072247 was found.
[realsense2_camera_node-1] [0m
[realsense2_camera_node-1] [0m[INFO] [1791445962.757584620] [camera.camera]: Device with physical ID /sys/devices/platform/scb-bus@fc000000/fd500000.pcie/pci0000:00/0000:00:00.0/0000:01:00.0/usb2/2-1/2-1:1.0/video4linux/video0 was found.[0m
[realsense2_camera_node-1] [0m[INFO] [1791445962.757660342] [camera.camera]: Device with name RealSense D435 was found.[0m
[realsense2_camera_node-1] [0m[INFO] [1791445962.758008468] [camera.camera]: Device with port number 2-1 was found.[0m
[realsense2_camera_node-1] [0m[INFO] [1791445962.758140004] [camera.camera]: Device USB type: 3.2[0m
[realsense2_camera_node-1] [0m[INFO] [1791445962.758208115] [camera.camera]: Starting device RealSense D435 (Product ID: 0x0B07)[0m
[realsense2_camera_node-1] [0m[INFO] [1791445962.758424262] [camera.camera]: getParameters...[0m
[realsense2_camera_node-1] [0m[INFO] [1791445962.759044405] [camera.camera]: JSON file is not provided[0m
[realsense2_camera_node-1] [0m[INFO] [1791445962.759167422] [camera.camera]: Device Name: RealSense D435[0m
[realsense2_camera_node-1] [0m[INFO] [1791445962.759219052] [camera.camera]: Device Serial No: 261822072247[0m
[realsense2_camera_node-1] [0m[INFO] [1791445962.759255977] [camera.camera]: Device physical port: /sys/devices/platform/scb-bus@fc000000/fd500000.pcie/pci0000:00/0000:00:00.0/0000:01:00.0/usb2/2-1/2-1:1.0/video4linux/video0[0m
[realsense2_camera_node-1] [0m[INFO] [1791445962.759321495] [camera.camera]: Device FW version: 5.15.1.55[0m
[realsense2_camera_node-1] [0m[INFO] [1791445962.759360662] [camera.camera]: Device Product ID: 0x0B07[0m
[realsense2_camera_node-1] [0m[INFO] [1791445962.759389495] [camera.camera]: Sync Mode: Off[0m
[realsense2_camera_node-1] [33m[WARN] [1791445962.903523242] [camera.camera]: re-enable the stream for the change to take effect.[0m
[realsense2_camera_node-1] [0m[INFO] [1791445962.904168144] [camera.camera]: Set ROS param depth_module.infra_profile to default: 848x480x30[0m
[realsense2_camera_node-1] [0m[INFO] [1791445962.926656599] [camera.camera]: Stopping Sensor: Depth Module[0m
[realsense2_camera_node-1] [0m[INFO] [1791445962.927228113] [camera.camera]: Stopping Sensor: RGB Camera[0m
[realsense2_camera_node-1] [0m[INFO] [1791445962.947771619] [camera.camera]: Starting Sensor: Depth Module[0m
[realsense2_camera_node-1] [0m[INFO] [1791445962.956289960] [camera.camera]: Open profile: stream_type: Depth(0), Format: Z16, Width: 640, Height: 480, FPS: 30[0m
[realsense2_camera_node-1] [0m[INFO] [1791445962.989928902] [camera.camera]: Starting Sensor: RGB Camera[0m
[realsense2_camera_node-1] [0m[INFO] [1791445962.996476443] [camera.camera]: Open profile: stream_type: Color(0), Format: RGB8, Width: 640, Height: 480, FPS: 30[0m
[realsense2_camera_node-1] [0m[INFO] [1791445963.036266911] [camera.camera]: RealSense Node Is Up![0m
[realsense2_camera_node-1] [33m[WARN] [1791445963.078036363] [camera.camera]: frame's time domain is HARDWARE_CLOCK. Timestamps may reset periodically.[0m
[target_detector-2] [INFO] [1791445965.857550905] [target_detector]: run_id=ds_live_0.5_20261008_165240 hsv=(102, 120, 40)~(110, 255, 255) min_area=100.0 selection=priority use_depth=True detect_scale=0.5 size_check=True object_tracker=True
[target_detector-2] [INFO] [1791445970.752155556] [target_detector]: processing FPS 29.5, mean proc 5.3 ms
[target_detector-2] [INFO] [1791445975.755301213] [target_detector]: processing FPS 30.0, mean proc 5.0 ms
[target_detector-2] [INFO] [1791445980.759340770] [target_detector]: processing FPS 30.0, mean proc 4.9 ms
[target_detector-2] [INFO] [1791445985.763161829] [target_detector]: processing FPS 30.0, mean proc 4.9 ms
[target_detector-2] [INFO] [1791445990.767588643] [target_detector]: processing FPS 30.0, mean proc 5.0 ms
[target_detector-2] [INFO] [1791445995.804578036] [target_detector]: processing FPS 30.0, mean proc 5.0 ms
[target_detector-2] [INFO] [1791446000.807372102] [target_detector]: processing FPS 30.0, mean proc 5.0 ms
[target_detector-2] [INFO] [1791446005.813847844] [target_detector]: processing FPS 30.0, mean proc 5.0 ms
[target_detector-2] [INFO] [1791446010.848449626] [target_detector]: processing FPS 30.0, mean proc 5.0 ms
[WARNING] [launch]: user interrupted with ctrl-c (SIGINT)
[realsense2_camera_node-1] [0m[INFO] [1791446013.795831601] [rclcpp]: signal_handler(signum=2)[0m
[realsense2_camera_node-1] [0m[INFO] [1791446013.799242685] [camera.camera]: Stop Sensor: Depth Module[0m
[realsense2_camera_node-1] [0m[INFO] [1791446013.800004605] [camera.camera]: Close Sensor. [0m
[INFO] [target_detector-2]: sending signal 'SIGINT' to process[target_detector-2]
[INFO] [realsense2_camera_node-1]: sending signal 'SIGINT' to process[realsense2_camera_node-1]
[realsense2_camera_node-1] [0m[INFO] [1791446013.804965585] [camera.camera]: Close Sensor - Done. [0m
[realsense2_camera_node-1] [0m[INFO] [1791446013.805151250] [camera.camera]: Stop Sensor: RGB Camera[0m
[realsense2_camera_node-1] [0m[INFO] [1791446013.805187621] [camera.camera]: Close Sensor. [0m
[realsense2_camera_node-1] [0m[INFO] [1791446013.817877040] [rclcpp]: signal_handler(signum=2)[0m
[target_detector-2] Traceback (most recent call last):
[target_detector-2]   File "/home/pa23/git/Lv2_Monglian_Assignment/lv2_module5/ros2_ws/install/target_detector/lib/target_detector/target_detector", line 33, in <module>
[target_detector-2]     sys.exit(load_entry_point('target-detector', 'console_scripts', 'target_detector')())
[target_detector-2]              ~~~~~~~~~~~~~~~~~~~~~~~~~~~~~~~~~~~~~~~~~~~~~~~~~~~~~~~~~~~~~~~~~~~~~~~~~^^
[target_detector-2]   File "/home/pa23/git/Lv2_Monglian_Assignment/lv2_module5/ros2_ws/build/target_detector/target_detector/target_detector.py", line 432, in main
[target_detector-2]     node.destroy_node()
[target_detector-2]     ~~~~~~~~~~~~~~~~~^^
[target_detector-2]   File "/opt/ros/lyrical/lib/python3.14/site-packages/rclpy/node.py", line 2708, in destroy_node
[target_detector-2]     self.destroy_service(self._services[0])
[target_detector-2]     ~~~~~~~~~~~~~~~~~~~~^^^^^^^^^^^^^^^^^^^
[target_detector-2]   File "/opt/ros/lyrical/lib/python3.14/site-packages/rclpy/node.py", line 2642, in destroy_service
[target_detector-2]     service.destroy()
[target_detector-2]     ~~~~~~~~~~~~~~~^^
[target_detector-2]   File "/opt/ros/lyrical/lib/python3.14/site-packages/rclpy/service.py", line 129, in destroy
[target_detector-2]     self._destroy()
[target_detector-2]     ~~~~~~~~~~~~~^^
[target_detector-2]   File "/opt/ros/lyrical/lib/python3.14/site-packages/rclpy/service.py", line 132, in _destroy
[target_detector-2]     self.handle.destroy_when_not_in_use()
[target_detector-2]     ~~~~~~~~~~~~~~~~~~~~~~~~~~~~~~~~~~~^^
[target_detector-2] KeyboardInterrupt
[ERROR] [target_detector-2]: process has died [pid 18676, exit code -2, cmd '/home/pa23/git/Lv2_Monglian_Assignment/lv2_module5/ros2_ws/install/target_detector/lib/target_detector/target_detector --ros-args -r __node:=target_detector --params-file /home/pa23/git/Lv2_Monglian_Assignment/lv2_module5/results/param_experiments/detect_scale/live_20261008_165141/config_0.5/camera.yaml --params-file /home/pa23/git/Lv2_Monglian_Assignment/lv2_module5/results/param_experiments/detect_scale/live_20261008_165141/config_0.5/control.yaml --params-file /home/pa23/git/Lv2_Monglian_Assignment/lv2_module5/results/param_experiments/detect_scale/live_20261008_165141/config_0.5/device.yaml --params-file /home/pa23/git/Lv2_Monglian_Assignment/lv2_module5/results/param_experiments/detect_scale/live_20261008_165141/config_0.5/hsv.yaml --params-file /home/pa23/git/Lv2_Monglian_Assignment/lv2_module5/results/param_experiments/detect_scale/live_20261008_165141/config_0.5/safety.yaml --params-file /tmp/target_detector_launch_v6ktf43f.yaml'].
[realsense2_camera_node-1] [0m[INFO] [1791446014.672297085] [camera.camera]: Close Sensor - Done. [0m
[INFO] [realsense2_camera_node-1]: process has finished cleanly [pid 18675]
